__main__.py
__init__.py
runfiles/aspect_rules_py/__init__.py
runfiles/python_toolchain_aarch64-apple-darwin/lib/__init__.py
runfiles/python_toolchain_aarch64-apple-darwin/lib/python3.9/config-3.9-darwin/__init__.py
runfiles/python_toolchain_aarch64-apple-darwin/lib/python3.9/lib-dynload/__init__.py
runfiles/__init__.py
runfiles/python_toolchain_aarch64-apple-darwin/lib/python3.9/__init__.py
runfiles/python_toolchain_aarch64-apple-darwin/lib/python3.9/site-packages/__init__.py
runfiles/aspect_rules_py/examples/__init__.py
runfiles/python_toolchain_aarch64-apple-darwin/__init__.py
runfiles/aspect_rules_py/examples/zip/__init__.py
runfiles/aspect_rules_py/examples/zip/main.py
runfiles/python_toolchain_aarch64-apple-darwin/bin/python3
runfiles/python_toolchain_aarch64-apple-darwin/bin/2to3
runfiles/python_toolchain_aarch64-apple-darwin/bin/2to3-3.9
runfiles/python_toolchain_aarch64-apple-darwin/bin/idle3
runfiles/python_toolchain_aarch64-apple-darwin/bin/idle3.9
runfiles/python_toolchain_aarch64-apple-darwin/bin/pip
runfiles/python_toolchain_aarch64-apple-darwin/bin/pip3
runfiles/python_toolchain_aarch64-apple-darwin/bin/pip3.9
runfiles/python_toolchain_aarch64-apple-darwin/bin/pydoc3
runfiles/python_toolchain_aarch64-apple-darwin/bin/pydoc3.9
runfiles/python_toolchain_aarch64-apple-darwin/bin/python3-config
runfiles/python_toolchain_aarch64-apple-darwin/bin/python3.9
runfiles/python_toolchain_aarch64-apple-darwin/bin/python3.9-config
runfiles/python_toolchain_aarch64-apple-darwin/include/python3.9/Python-ast.h
runfiles/python_toolchain_aarch64-apple-darwin/include/python3.9/Python.h
runfiles/python_toolchain_aarch64-apple-darwin/include/python3.9/abstract.h
runfiles/python_toolchain_aarch64-apple-darwin/include/python3.9/asdl.h
runfiles/python_toolchain_aarch64-apple-darwin/include/python3.9/ast.h
runfiles/python_toolchain_aarch64-apple-darwin/include/python3.9/bitset.h
runfiles/python_toolchain_aarch64-apple-darwin/include/python3.9/bltinmodule.h
runfiles/python_toolchain_aarch64-apple-darwin/include/python3.9/boolobject.h
runfiles/python_toolchain_aarch64-apple-darwin/include/python3.9/bytearrayobject.h
runfiles/python_toolchain_aarch64-apple-darwin/include/python3.9/bytesobject.h
runfiles/python_toolchain_aarch64-apple-darwin/include/python3.9/cellobject.h
runfiles/python_toolchain_aarch64-apple-darwin/include/python3.9/ceval.h
runfiles/python_toolchain_aarch64-apple-darwin/include/python3.9/classobject.h
runfiles/python_toolchain_aarch64-apple-darwin/include/python3.9/code.h
runfiles/python_toolchain_aarch64-apple-darwin/include/python3.9/codecs.h
runfiles/python_toolchain_aarch64-apple-darwin/include/python3.9/compile.h
runfiles/python_toolchain_aarch64-apple-darwin/include/python3.9/complexobject.h
runfiles/python_toolchain_aarch64-apple-darwin/include/python3.9/context.h
runfiles/python_toolchain_aarch64-apple-darwin/include/python3.9/cpython/abstract.h
runfiles/python_toolchain_aarch64-apple-darwin/include/python3.9/cpython/bytearrayobject.h
runfiles/python_toolchain_aarch64-apple-darwin/include/python3.9/cpython/bytesobject.h
runfiles/python_toolchain_aarch64-apple-darwin/include/python3.9/cpython/ceval.h
runfiles/python_toolchain_aarch64-apple-darwin/include/python3.9/cpython/code.h
runfiles/python_toolchain_aarch64-apple-darwin/include/python3.9/cpython/dictobject.h
runfiles/python_toolchain_aarch64-apple-darwin/include/python3.9/cpython/fileobject.h
runfiles/python_toolchain_aarch64-apple-darwin/include/python3.9/cpython/fileutils.h
runfiles/python_toolchain_aarch64-apple-darwin/include/python3.9/cpython/frameobject.h
runfiles/python_toolchain_aarch64-apple-darwin/include/python3.9/cpython/import.h
runfiles/python_toolchain_aarch64-apple-darwin/include/python3.9/cpython/initconfig.h
runfiles/python_toolchain_aarch64-apple-darwin/include/python3.9/cpython/interpreteridobject.h
runfiles/python_toolchain_aarch64-apple-darwin/include/python3.9/cpython/listobject.h
runfiles/python_toolchain_aarch64-apple-darwin/include/python3.9/cpython/methodobject.h
runfiles/python_toolchain_aarch64-apple-darwin/include/python3.9/cpython/object.h
runfiles/python_toolchain_aarch64-apple-darwin/include/python3.9/cpython/objimpl.h
runfiles/python_toolchain_aarch64-apple-darwin/include/python3.9/cpython/pyerrors.h
runfiles/python_toolchain_aarch64-apple-darwin/include/python3.9/cpython/pylifecycle.h
runfiles/python_toolchain_aarch64-apple-darwin/include/python3.9/cpython/pymem.h
runfiles/python_toolchain_aarch64-apple-darwin/include/python3.9/cpython/pystate.h
runfiles/python_toolchain_aarch64-apple-darwin/include/python3.9/cpython/sysmodule.h
runfiles/python_toolchain_aarch64-apple-darwin/include/python3.9/cpython/traceback.h
runfiles/python_toolchain_aarch64-apple-darwin/include/python3.9/cpython/tupleobject.h
runfiles/python_toolchain_aarch64-apple-darwin/include/python3.9/cpython/unicodeobject.h
runfiles/python_toolchain_aarch64-apple-darwin/include/python3.9/datetime.h
runfiles/python_toolchain_aarch64-apple-darwin/include/python3.9/descrobject.h
runfiles/python_toolchain_aarch64-apple-darwin/include/python3.9/dictobject.h
runfiles/python_toolchain_aarch64-apple-darwin/include/python3.9/dynamic_annotations.h
runfiles/python_toolchain_aarch64-apple-darwin/include/python3.9/enumobject.h
runfiles/python_toolchain_aarch64-apple-darwin/include/python3.9/errcode.h
runfiles/python_toolchain_aarch64-apple-darwin/include/python3.9/eval.h
runfiles/python_toolchain_aarch64-apple-darwin/include/python3.9/exports.h
runfiles/python_toolchain_aarch64-apple-darwin/include/python3.9/fileobject.h
runfiles/python_toolchain_aarch64-apple-darwin/include/python3.9/fileutils.h
runfiles/python_toolchain_aarch64-apple-darwin/include/python3.9/floatobject.h
runfiles/python_toolchain_aarch64-apple-darwin/include/python3.9/frameobject.h
runfiles/python_toolchain_aarch64-apple-darwin/include/python3.9/funcobject.h
runfiles/python_toolchain_aarch64-apple-darwin/include/python3.9/genericaliasobject.h
runfiles/python_toolchain_aarch64-apple-darwin/include/python3.9/genobject.h
runfiles/python_toolchain_aarch64-apple-darwin/include/python3.9/graminit.h
runfiles/python_toolchain_aarch64-apple-darwin/include/python3.9/grammar.h
runfiles/python_toolchain_aarch64-apple-darwin/include/python3.9/import.h
runfiles/python_toolchain_aarch64-apple-darwin/include/python3.9/internal/pegen_interface.h
runfiles/python_toolchain_aarch64-apple-darwin/include/python3.9/internal/pycore_abstract.h
runfiles/python_toolchain_aarch64-apple-darwin/include/python3.9/internal/pycore_accu.h
runfiles/python_toolchain_aarch64-apple-darwin/include/python3.9/internal/pycore_atomic.h
runfiles/python_toolchain_aarch64-apple-darwin/include/python3.9/internal/pycore_bytes_methods.h
runfiles/python_toolchain_aarch64-apple-darwin/include/python3.9/internal/pycore_byteswap.h
runfiles/python_toolchain_aarch64-apple-darwin/include/python3.9/internal/pycore_call.h
runfiles/python_toolchain_aarch64-apple-darwin/include/python3.9/internal/pycore_ceval.h
runfiles/python_toolchain_aarch64-apple-darwin/include/python3.9/internal/pycore_code.h
runfiles/python_toolchain_aarch64-apple-darwin/include/python3.9/internal/pycore_condvar.h
runfiles/python_toolchain_aarch64-apple-darwin/include/python3.9/internal/pycore_context.h
runfiles/python_toolchain_aarch64-apple-darwin/include/python3.9/internal/pycore_dtoa.h
runfiles/python_toolchain_aarch64-apple-darwin/include/python3.9/internal/pycore_fileutils.h
runfiles/python_toolchain_aarch64-apple-darwin/include/python3.9/internal/pycore_gc.h
runfiles/python_toolchain_aarch64-apple-darwin/include/python3.9/internal/pycore_getopt.h
runfiles/python_toolchain_aarch64-apple-darwin/include/python3.9/internal/pycore_gil.h
runfiles/python_toolchain_aarch64-apple-darwin/include/python3.9/internal/pycore_hamt.h
runfiles/python_toolchain_aarch64-apple-darwin/include/python3.9/internal/pycore_hashtable.h
runfiles/python_toolchain_aarch64-apple-darwin/include/python3.9/internal/pycore_import.h
runfiles/python_toolchain_aarch64-apple-darwin/include/python3.9/internal/pycore_initconfig.h
runfiles/python_toolchain_aarch64-apple-darwin/include/python3.9/internal/pycore_interp.h
runfiles/python_toolchain_aarch64-apple-darwin/include/python3.9/internal/pycore_long.h
runfiles/python_toolchain_aarch64-apple-darwin/include/python3.9/internal/pycore_object.h
runfiles/python_toolchain_aarch64-apple-darwin/include/python3.9/internal/pycore_pathconfig.h
runfiles/python_toolchain_aarch64-apple-darwin/include/python3.9/internal/pycore_pyerrors.h
runfiles/python_toolchain_aarch64-apple-darwin/include/python3.9/internal/pycore_pyhash.h
runfiles/python_toolchain_aarch64-apple-darwin/include/python3.9/internal/pycore_pylifecycle.h
runfiles/python_toolchain_aarch64-apple-darwin/include/python3.9/internal/pycore_pymem.h
runfiles/python_toolchain_aarch64-apple-darwin/include/python3.9/internal/pycore_pystate.h
runfiles/python_toolchain_aarch64-apple-darwin/include/python3.9/internal/pycore_runtime.h
runfiles/python_toolchain_aarch64-apple-darwin/include/python3.9/internal/pycore_sysmodule.h
runfiles/python_toolchain_aarch64-apple-darwin/include/python3.9/internal/pycore_traceback.h
runfiles/python_toolchain_aarch64-apple-darwin/include/python3.9/internal/pycore_tupleobject.h
runfiles/python_toolchain_aarch64-apple-darwin/include/python3.9/internal/pycore_warnings.h
runfiles/python_toolchain_aarch64-apple-darwin/include/python3.9/interpreteridobject.h
runfiles/python_toolchain_aarch64-apple-darwin/include/python3.9/intrcheck.h
runfiles/python_toolchain_aarch64-apple-darwin/include/python3.9/iterobject.h
runfiles/python_toolchain_aarch64-apple-darwin/include/python3.9/listobject.h
runfiles/python_toolchain_aarch64-apple-darwin/include/python3.9/longintrepr.h
runfiles/python_toolchain_aarch64-apple-darwin/include/python3.9/longobject.h
runfiles/python_toolchain_aarch64-apple-darwin/include/python3.9/marshal.h
runfiles/python_toolchain_aarch64-apple-darwin/include/python3.9/memoryobject.h
runfiles/python_toolchain_aarch64-apple-darwin/include/python3.9/methodobject.h
runfiles/python_toolchain_aarch64-apple-darwin/include/python3.9/modsupport.h
runfiles/python_toolchain_aarch64-apple-darwin/include/python3.9/moduleobject.h
runfiles/python_toolchain_aarch64-apple-darwin/include/python3.9/namespaceobject.h
runfiles/python_toolchain_aarch64-apple-darwin/include/python3.9/node.h
runfiles/python_toolchain_aarch64-apple-darwin/include/python3.9/object.h
runfiles/python_toolchain_aarch64-apple-darwin/include/python3.9/objimpl.h
runfiles/python_toolchain_aarch64-apple-darwin/include/python3.9/odictobject.h
runfiles/python_toolchain_aarch64-apple-darwin/include/python3.9/opcode.h
runfiles/python_toolchain_aarch64-apple-darwin/include/python3.9/osdefs.h
runfiles/python_toolchain_aarch64-apple-darwin/include/python3.9/osmodule.h
runfiles/python_toolchain_aarch64-apple-darwin/include/python3.9/parsetok.h
runfiles/python_toolchain_aarch64-apple-darwin/include/python3.9/patchlevel.h
runfiles/python_toolchain_aarch64-apple-darwin/include/python3.9/picklebufobject.h
runfiles/python_toolchain_aarch64-apple-darwin/include/python3.9/py_curses.h
runfiles/python_toolchain_aarch64-apple-darwin/include/python3.9/pyarena.h
runfiles/python_toolchain_aarch64-apple-darwin/include/python3.9/pycapsule.h
runfiles/python_toolchain_aarch64-apple-darwin/include/python3.9/pyconfig.h
runfiles/python_toolchain_aarch64-apple-darwin/include/python3.9/pyctype.h
runfiles/python_toolchain_aarch64-apple-darwin/include/python3.9/pydebug.h
runfiles/python_toolchain_aarch64-apple-darwin/include/python3.9/pydtrace.h
runfiles/python_toolchain_aarch64-apple-darwin/include/python3.9/pyerrors.h
runfiles/python_toolchain_aarch64-apple-darwin/include/python3.9/pyexpat.h
runfiles/python_toolchain_aarch64-apple-darwin/include/python3.9/pyfpe.h
runfiles/python_toolchain_aarch64-apple-darwin/include/python3.9/pyframe.h
runfiles/python_toolchain_aarch64-apple-darwin/include/python3.9/pyhash.h
runfiles/python_toolchain_aarch64-apple-darwin/include/python3.9/pylifecycle.h
runfiles/python_toolchain_aarch64-apple-darwin/include/python3.9/pymacconfig.h
runfiles/python_toolchain_aarch64-apple-darwin/include/python3.9/pymacro.h
runfiles/python_toolchain_aarch64-apple-darwin/include/python3.9/pymath.h
runfiles/python_toolchain_aarch64-apple-darwin/include/python3.9/pymem.h
runfiles/python_toolchain_aarch64-apple-darwin/include/python3.9/pyport.h
runfiles/python_toolchain_aarch64-apple-darwin/include/python3.9/pystate.h
runfiles/python_toolchain_aarch64-apple-darwin/include/python3.9/pystrcmp.h
runfiles/python_toolchain_aarch64-apple-darwin/include/python3.9/pystrhex.h
runfiles/python_toolchain_aarch64-apple-darwin/include/python3.9/pystrtod.h
runfiles/python_toolchain_aarch64-apple-darwin/include/python3.9/pythonrun.h
runfiles/python_toolchain_aarch64-apple-darwin/include/python3.9/pythread.h
runfiles/python_toolchain_aarch64-apple-darwin/include/python3.9/pytime.h
runfiles/python_toolchain_aarch64-apple-darwin/include/python3.9/rangeobject.h
runfiles/python_toolchain_aarch64-apple-darwin/include/python3.9/setobject.h
runfiles/python_toolchain_aarch64-apple-darwin/include/python3.9/sliceobject.h
runfiles/python_toolchain_aarch64-apple-darwin/include/python3.9/structmember.h
runfiles/python_toolchain_aarch64-apple-darwin/include/python3.9/structseq.h
runfiles/python_toolchain_aarch64-apple-darwin/include/python3.9/symtable.h
runfiles/python_toolchain_aarch64-apple-darwin/include/python3.9/sysmodule.h
runfiles/python_toolchain_aarch64-apple-darwin/include/python3.9/token.h
runfiles/python_toolchain_aarch64-apple-darwin/include/python3.9/traceback.h
runfiles/python_toolchain_aarch64-apple-darwin/include/python3.9/tracemalloc.h
runfiles/python_toolchain_aarch64-apple-darwin/include/python3.9/tupleobject.h
runfiles/python_toolchain_aarch64-apple-darwin/include/python3.9/typeslots.h
runfiles/python_toolchain_aarch64-apple-darwin/include/python3.9/ucnhash.h
runfiles/python_toolchain_aarch64-apple-darwin/include/python3.9/unicodeobject.h
runfiles/python_toolchain_aarch64-apple-darwin/include/python3.9/warnings.h
runfiles/python_toolchain_aarch64-apple-darwin/include/python3.9/weakrefobject.h
runfiles/python_toolchain_aarch64-apple-darwin/lib/itcl4.2.2/itcl.tcl
runfiles/python_toolchain_aarch64-apple-darwin/lib/itcl4.2.2/itclConfig.sh
runfiles/python_toolchain_aarch64-apple-darwin/lib/itcl4.2.2/itclHullCmds.tcl
runfiles/python_toolchain_aarch64-apple-darwin/lib/itcl4.2.2/itclWidget.tcl
runfiles/python_toolchain_aarch64-apple-darwin/lib/libpython3.9.dylib
runfiles/python_toolchain_aarch64-apple-darwin/lib/pkgconfig/python-3.9-embed.pc
runfiles/python_toolchain_aarch64-apple-darwin/lib/pkgconfig/python-3.9.pc
runfiles/python_toolchain_aarch64-apple-darwin/lib/pkgconfig/python3-embed.pc
runfiles/python_toolchain_aarch64-apple-darwin/lib/pkgconfig/python3.pc
runfiles/python_toolchain_aarch64-apple-darwin/lib/python3.9/LICENSE.txt
runfiles/python_toolchain_aarch64-apple-darwin/lib/python3.9/__future__.py
runfiles/python_toolchain_aarch64-apple-darwin/lib/python3.9/__phello__.foo.py
runfiles/python_toolchain_aarch64-apple-darwin/lib/python3.9/__pycache__/_bootlocale.cpython-39.pyc
runfiles/python_toolchain_aarch64-apple-darwin/lib/python3.9/__pycache__/_collections_abc.cpython-39.pyc
runfiles/python_toolchain_aarch64-apple-darwin/lib/python3.9/__pycache__/_sitebuiltins.cpython-39.pyc
runfiles/python_toolchain_aarch64-apple-darwin/lib/python3.9/__pycache__/abc.cpython-39.pyc
runfiles/python_toolchain_aarch64-apple-darwin/lib/python3.9/__pycache__/codecs.cpython-39.pyc
runfiles/python_toolchain_aarch64-apple-darwin/lib/python3.9/__pycache__/genericpath.cpython-39.pyc
runfiles/python_toolchain_aarch64-apple-darwin/lib/python3.9/__pycache__/io.cpython-39.pyc
runfiles/python_toolchain_aarch64-apple-darwin/lib/python3.9/__pycache__/os.cpython-39.pyc
runfiles/python_toolchain_aarch64-apple-darwin/lib/python3.9/__pycache__/posixpath.cpython-39.pyc
runfiles/python_toolchain_aarch64-apple-darwin/lib/python3.9/__pycache__/site.cpython-39.pyc
runfiles/python_toolchain_aarch64-apple-darwin/lib/python3.9/__pycache__/stat.cpython-39.pyc
runfiles/python_toolchain_aarch64-apple-darwin/lib/python3.9/_aix_support.py
runfiles/python_toolchain_aarch64-apple-darwin/lib/python3.9/_bootlocale.py
runfiles/python_toolchain_aarch64-apple-darwin/lib/python3.9/_bootsubprocess.py
runfiles/python_toolchain_aarch64-apple-darwin/lib/python3.9/_collections_abc.py
runfiles/python_toolchain_aarch64-apple-darwin/lib/python3.9/_compat_pickle.py
runfiles/python_toolchain_aarch64-apple-darwin/lib/python3.9/_compression.py
runfiles/python_toolchain_aarch64-apple-darwin/lib/python3.9/_markupbase.py
runfiles/python_toolchain_aarch64-apple-darwin/lib/python3.9/_osx_support.py
runfiles/python_toolchain_aarch64-apple-darwin/lib/python3.9/_py_abc.py
runfiles/python_toolchain_aarch64-apple-darwin/lib/python3.9/_pydecimal.py
runfiles/python_toolchain_aarch64-apple-darwin/lib/python3.9/_pyio.py
runfiles/python_toolchain_aarch64-apple-darwin/lib/python3.9/_sitebuiltins.py
runfiles/python_toolchain_aarch64-apple-darwin/lib/python3.9/_strptime.py
runfiles/python_toolchain_aarch64-apple-darwin/lib/python3.9/_sysconfigdata__darwin_darwin.py
runfiles/python_toolchain_aarch64-apple-darwin/lib/python3.9/_threading_local.py
runfiles/python_toolchain_aarch64-apple-darwin/lib/python3.9/_weakrefset.py
runfiles/python_toolchain_aarch64-apple-darwin/lib/python3.9/abc.py
runfiles/python_toolchain_aarch64-apple-darwin/lib/python3.9/aifc.py
runfiles/python_toolchain_aarch64-apple-darwin/lib/python3.9/antigravity.py
runfiles/python_toolchain_aarch64-apple-darwin/lib/python3.9/argparse.py
runfiles/python_toolchain_aarch64-apple-darwin/lib/python3.9/ast.py
runfiles/python_toolchain_aarch64-apple-darwin/lib/python3.9/asynchat.py
runfiles/python_toolchain_aarch64-apple-darwin/lib/python3.9/asyncio/__init__.py
runfiles/python_toolchain_aarch64-apple-darwin/lib/python3.9/asyncio/__main__.py
runfiles/python_toolchain_aarch64-apple-darwin/lib/python3.9/asyncio/base_events.py
runfiles/python_toolchain_aarch64-apple-darwin/lib/python3.9/asyncio/base_futures.py
runfiles/python_toolchain_aarch64-apple-darwin/lib/python3.9/asyncio/base_subprocess.py
runfiles/python_toolchain_aarch64-apple-darwin/lib/python3.9/asyncio/base_tasks.py
runfiles/python_toolchain_aarch64-apple-darwin/lib/python3.9/asyncio/constants.py
runfiles/python_toolchain_aarch64-apple-darwin/lib/python3.9/asyncio/coroutines.py
runfiles/python_toolchain_aarch64-apple-darwin/lib/python3.9/asyncio/events.py
runfiles/python_toolchain_aarch64-apple-darwin/lib/python3.9/asyncio/exceptions.py
runfiles/python_toolchain_aarch64-apple-darwin/lib/python3.9/asyncio/format_helpers.py
runfiles/python_toolchain_aarch64-apple-darwin/lib/python3.9/asyncio/futures.py
runfiles/python_toolchain_aarch64-apple-darwin/lib/python3.9/asyncio/locks.py
runfiles/python_toolchain_aarch64-apple-darwin/lib/python3.9/asyncio/log.py
runfiles/python_toolchain_aarch64-apple-darwin/lib/python3.9/asyncio/proactor_events.py
runfiles/python_toolchain_aarch64-apple-darwin/lib/python3.9/asyncio/protocols.py
runfiles/python_toolchain_aarch64-apple-darwin/lib/python3.9/asyncio/queues.py
runfiles/python_toolchain_aarch64-apple-darwin/lib/python3.9/asyncio/runners.py
runfiles/python_toolchain_aarch64-apple-darwin/lib/python3.9/asyncio/selector_events.py
runfiles/python_toolchain_aarch64-apple-darwin/lib/python3.9/asyncio/sslproto.py
runfiles/python_toolchain_aarch64-apple-darwin/lib/python3.9/asyncio/staggered.py
runfiles/python_toolchain_aarch64-apple-darwin/lib/python3.9/asyncio/streams.py
runfiles/python_toolchain_aarch64-apple-darwin/lib/python3.9/asyncio/subprocess.py
runfiles/python_toolchain_aarch64-apple-darwin/lib/python3.9/asyncio/tasks.py
runfiles/python_toolchain_aarch64-apple-darwin/lib/python3.9/asyncio/threads.py
runfiles/python_toolchain_aarch64-apple-darwin/lib/python3.9/asyncio/transports.py
runfiles/python_toolchain_aarch64-apple-darwin/lib/python3.9/asyncio/trsock.py
runfiles/python_toolchain_aarch64-apple-darwin/lib/python3.9/asyncio/unix_events.py
runfiles/python_toolchain_aarch64-apple-darwin/lib/python3.9/asyncio/windows_events.py
runfiles/python_toolchain_aarch64-apple-darwin/lib/python3.9/asyncio/windows_utils.py
runfiles/python_toolchain_aarch64-apple-darwin/lib/python3.9/asyncore.py
runfiles/python_toolchain_aarch64-apple-darwin/lib/python3.9/base64.py
runfiles/python_toolchain_aarch64-apple-darwin/lib/python3.9/bdb.py
runfiles/python_toolchain_aarch64-apple-darwin/lib/python3.9/binhex.py
runfiles/python_toolchain_aarch64-apple-darwin/lib/python3.9/bisect.py
runfiles/python_toolchain_aarch64-apple-darwin/lib/python3.9/bz2.py
runfiles/python_toolchain_aarch64-apple-darwin/lib/python3.9/cProfile.py
runfiles/python_toolchain_aarch64-apple-darwin/lib/python3.9/calendar.py
runfiles/python_toolchain_aarch64-apple-darwin/lib/python3.9/cgi.py
runfiles/python_toolchain_aarch64-apple-darwin/lib/python3.9/cgitb.py
runfiles/python_toolchain_aarch64-apple-darwin/lib/python3.9/chunk.py
runfiles/python_toolchain_aarch64-apple-darwin/lib/python3.9/cmd.py
runfiles/python_toolchain_aarch64-apple-darwin/lib/python3.9/code.py
runfiles/python_toolchain_aarch64-apple-darwin/lib/python3.9/codecs.py
runfiles/python_toolchain_aarch64-apple-darwin/lib/python3.9/codeop.py
runfiles/python_toolchain_aarch64-apple-darwin/lib/python3.9/collections/__init__.py
runfiles/python_toolchain_aarch64-apple-darwin/lib/python3.9/collections/abc.py
runfiles/python_toolchain_aarch64-apple-darwin/lib/python3.9/colorsys.py
runfiles/python_toolchain_aarch64-apple-darwin/lib/python3.9/compileall.py
runfiles/python_toolchain_aarch64-apple-darwin/lib/python3.9/concurrent/__init__.py
runfiles/python_toolchain_aarch64-apple-darwin/lib/python3.9/concurrent/futures/__init__.py
runfiles/python_toolchain_aarch64-apple-darwin/lib/python3.9/concurrent/futures/_base.py
runfiles/python_toolchain_aarch64-apple-darwin/lib/python3.9/concurrent/futures/process.py
runfiles/python_toolchain_aarch64-apple-darwin/lib/python3.9/concurrent/futures/thread.py
runfiles/python_toolchain_aarch64-apple-darwin/lib/python3.9/config-3.9-darwin/Makefile
runfiles/python_toolchain_aarch64-apple-darwin/lib/python3.9/config-3.9-darwin/Setup
runfiles/python_toolchain_aarch64-apple-darwin/lib/python3.9/config-3.9-darwin/Setup.local
runfiles/python_toolchain_aarch64-apple-darwin/lib/python3.9/config-3.9-darwin/config.c
runfiles/python_toolchain_aarch64-apple-darwin/lib/python3.9/config-3.9-darwin/config.c.in
runfiles/python_toolchain_aarch64-apple-darwin/lib/python3.9/config-3.9-darwin/install-sh
runfiles/python_toolchain_aarch64-apple-darwin/lib/python3.9/config-3.9-darwin/makesetup
runfiles/python_toolchain_aarch64-apple-darwin/lib/python3.9/config-3.9-darwin/python-config.py
runfiles/python_toolchain_aarch64-apple-darwin/lib/python3.9/config-3.9-darwin/python.o
runfiles/python_toolchain_aarch64-apple-darwin/lib/python3.9/configparser.py
runfiles/python_toolchain_aarch64-apple-darwin/lib/python3.9/contextlib.py
runfiles/python_toolchain_aarch64-apple-darwin/lib/python3.9/contextvars.py
runfiles/python_toolchain_aarch64-apple-darwin/lib/python3.9/copy.py
runfiles/python_toolchain_aarch64-apple-darwin/lib/python3.9/copyreg.py
runfiles/python_toolchain_aarch64-apple-darwin/lib/python3.9/crypt.py
runfiles/python_toolchain_aarch64-apple-darwin/lib/python3.9/csv.py
runfiles/python_toolchain_aarch64-apple-darwin/lib/python3.9/ctypes/__init__.py
runfiles/python_toolchain_aarch64-apple-darwin/lib/python3.9/ctypes/_aix.py
runfiles/python_toolchain_aarch64-apple-darwin/lib/python3.9/ctypes/_endian.py
runfiles/python_toolchain_aarch64-apple-darwin/lib/python3.9/ctypes/macholib/README.ctypes
runfiles/python_toolchain_aarch64-apple-darwin/lib/python3.9/ctypes/macholib/__init__.py
runfiles/python_toolchain_aarch64-apple-darwin/lib/python3.9/ctypes/macholib/dyld.py
runfiles/python_toolchain_aarch64-apple-darwin/lib/python3.9/ctypes/macholib/dylib.py
runfiles/python_toolchain_aarch64-apple-darwin/lib/python3.9/ctypes/macholib/fetch_macholib
runfiles/python_toolchain_aarch64-apple-darwin/lib/python3.9/ctypes/macholib/fetch_macholib.bat
runfiles/python_toolchain_aarch64-apple-darwin/lib/python3.9/ctypes/macholib/framework.py
runfiles/python_toolchain_aarch64-apple-darwin/lib/python3.9/ctypes/util.py
runfiles/python_toolchain_aarch64-apple-darwin/lib/python3.9/ctypes/wintypes.py
runfiles/python_toolchain_aarch64-apple-darwin/lib/python3.9/curses/__init__.py
runfiles/python_toolchain_aarch64-apple-darwin/lib/python3.9/curses/ascii.py
runfiles/python_toolchain_aarch64-apple-darwin/lib/python3.9/curses/has_key.py
runfiles/python_toolchain_aarch64-apple-darwin/lib/python3.9/curses/panel.py
runfiles/python_toolchain_aarch64-apple-darwin/lib/python3.9/curses/textpad.py
runfiles/python_toolchain_aarch64-apple-darwin/lib/python3.9/dataclasses.py
runfiles/python_toolchain_aarch64-apple-darwin/lib/python3.9/datetime.py
runfiles/python_toolchain_aarch64-apple-darwin/lib/python3.9/dbm/__init__.py
runfiles/python_toolchain_aarch64-apple-darwin/lib/python3.9/dbm/dumb.py
runfiles/python_toolchain_aarch64-apple-darwin/lib/python3.9/dbm/gnu.py
runfiles/python_toolchain_aarch64-apple-darwin/lib/python3.9/dbm/ndbm.py
runfiles/python_toolchain_aarch64-apple-darwin/lib/python3.9/decimal.py
runfiles/python_toolchain_aarch64-apple-darwin/lib/python3.9/difflib.py
runfiles/python_toolchain_aarch64-apple-darwin/lib/python3.9/dis.py
runfiles/python_toolchain_aarch64-apple-darwin/lib/python3.9/distutils/README
runfiles/python_toolchain_aarch64-apple-darwin/lib/python3.9/distutils/__init__.py
runfiles/python_toolchain_aarch64-apple-darwin/lib/python3.9/distutils/_msvccompiler.py
runfiles/python_toolchain_aarch64-apple-darwin/lib/python3.9/distutils/archive_util.py
runfiles/python_toolchain_aarch64-apple-darwin/lib/python3.9/distutils/bcppcompiler.py
runfiles/python_toolchain_aarch64-apple-darwin/lib/python3.9/distutils/ccompiler.py
runfiles/python_toolchain_aarch64-apple-darwin/lib/python3.9/distutils/cmd.py
runfiles/python_toolchain_aarch64-apple-darwin/lib/python3.9/distutils/command/__init__.py
runfiles/python_toolchain_aarch64-apple-darwin/lib/python3.9/distutils/command/bdist.py
runfiles/python_toolchain_aarch64-apple-darwin/lib/python3.9/distutils/command/bdist_dumb.py
runfiles/python_toolchain_aarch64-apple-darwin/lib/python3.9/distutils/command/bdist_msi.py
runfiles/python_toolchain_aarch64-apple-darwin/lib/python3.9/distutils/command/bdist_rpm.py
runfiles/python_toolchain_aarch64-apple-darwin/lib/python3.9/distutils/command/bdist_wininst.py
runfiles/python_toolchain_aarch64-apple-darwin/lib/python3.9/distutils/command/build.py
runfiles/python_toolchain_aarch64-apple-darwin/lib/python3.9/distutils/command/build_clib.py
runfiles/python_toolchain_aarch64-apple-darwin/lib/python3.9/distutils/command/build_ext.py
runfiles/python_toolchain_aarch64-apple-darwin/lib/python3.9/distutils/command/build_py.py
runfiles/python_toolchain_aarch64-apple-darwin/lib/python3.9/distutils/command/build_scripts.py
runfiles/python_toolchain_aarch64-apple-darwin/lib/python3.9/distutils/command/check.py
runfiles/python_toolchain_aarch64-apple-darwin/lib/python3.9/distutils/command/clean.py
runfiles/python_toolchain_aarch64-apple-darwin/lib/python3.9/distutils/command/command_template
runfiles/python_toolchain_aarch64-apple-darwin/lib/python3.9/distutils/command/config.py
runfiles/python_toolchain_aarch64-apple-darwin/lib/python3.9/distutils/command/install.py
runfiles/python_toolchain_aarch64-apple-darwin/lib/python3.9/distutils/command/install_data.py
runfiles/python_toolchain_aarch64-apple-darwin/lib/python3.9/distutils/command/install_egg_info.py
runfiles/python_toolchain_aarch64-apple-darwin/lib/python3.9/distutils/command/install_headers.py
runfiles/python_toolchain_aarch64-apple-darwin/lib/python3.9/distutils/command/install_lib.py
runfiles/python_toolchain_aarch64-apple-darwin/lib/python3.9/distutils/command/install_scripts.py
runfiles/python_toolchain_aarch64-apple-darwin/lib/python3.9/distutils/command/register.py
runfiles/python_toolchain_aarch64-apple-darwin/lib/python3.9/distutils/command/sdist.py
runfiles/python_toolchain_aarch64-apple-darwin/lib/python3.9/distutils/command/upload.py
runfiles/python_toolchain_aarch64-apple-darwin/lib/python3.9/distutils/config.py
runfiles/python_toolchain_aarch64-apple-darwin/lib/python3.9/distutils/core.py
runfiles/python_toolchain_aarch64-apple-darwin/lib/python3.9/distutils/cygwinccompiler.py
runfiles/python_toolchain_aarch64-apple-darwin/lib/python3.9/distutils/debug.py
runfiles/python_toolchain_aarch64-apple-darwin/lib/python3.9/distutils/dep_util.py
runfiles/python_toolchain_aarch64-apple-darwin/lib/python3.9/distutils/dir_util.py
runfiles/python_toolchain_aarch64-apple-darwin/lib/python3.9/distutils/dist.py
runfiles/python_toolchain_aarch64-apple-darwin/lib/python3.9/distutils/errors.py
runfiles/python_toolchain_aarch64-apple-darwin/lib/python3.9/distutils/extension.py
runfiles/python_toolchain_aarch64-apple-darwin/lib/python3.9/distutils/fancy_getopt.py
runfiles/python_toolchain_aarch64-apple-darwin/lib/python3.9/distutils/file_util.py
runfiles/python_toolchain_aarch64-apple-darwin/lib/python3.9/distutils/filelist.py
runfiles/python_toolchain_aarch64-apple-darwin/lib/python3.9/distutils/log.py
runfiles/python_toolchain_aarch64-apple-darwin/lib/python3.9/distutils/msvc9compiler.py
runfiles/python_toolchain_aarch64-apple-darwin/lib/python3.9/distutils/msvccompiler.py
runfiles/python_toolchain_aarch64-apple-darwin/lib/python3.9/distutils/spawn.py
runfiles/python_toolchain_aarch64-apple-darwin/lib/python3.9/distutils/sysconfig.py
runfiles/python_toolchain_aarch64-apple-darwin/lib/python3.9/distutils/text_file.py
runfiles/python_toolchain_aarch64-apple-darwin/lib/python3.9/distutils/unixccompiler.py
runfiles/python_toolchain_aarch64-apple-darwin/lib/python3.9/distutils/util.py
runfiles/python_toolchain_aarch64-apple-darwin/lib/python3.9/distutils/version.py
runfiles/python_toolchain_aarch64-apple-darwin/lib/python3.9/distutils/versionpredicate.py
runfiles/python_toolchain_aarch64-apple-darwin/lib/python3.9/doctest.py
runfiles/python_toolchain_aarch64-apple-darwin/lib/python3.9/email/__init__.py
runfiles/python_toolchain_aarch64-apple-darwin/lib/python3.9/email/_encoded_words.py
runfiles/python_toolchain_aarch64-apple-darwin/lib/python3.9/email/_header_value_parser.py
runfiles/python_toolchain_aarch64-apple-darwin/lib/python3.9/email/_parseaddr.py
runfiles/python_toolchain_aarch64-apple-darwin/lib/python3.9/email/_policybase.py
runfiles/python_toolchain_aarch64-apple-darwin/lib/python3.9/email/architecture.rst
runfiles/python_toolchain_aarch64-apple-darwin/lib/python3.9/email/base64mime.py
runfiles/python_toolchain_aarch64-apple-darwin/lib/python3.9/email/charset.py
runfiles/python_toolchain_aarch64-apple-darwin/lib/python3.9/email/contentmanager.py
runfiles/python_toolchain_aarch64-apple-darwin/lib/python3.9/email/encoders.py
runfiles/python_toolchain_aarch64-apple-darwin/lib/python3.9/email/errors.py
runfiles/python_toolchain_aarch64-apple-darwin/lib/python3.9/email/feedparser.py
runfiles/python_toolchain_aarch64-apple-darwin/lib/python3.9/email/generator.py
runfiles/python_toolchain_aarch64-apple-darwin/lib/python3.9/email/header.py
runfiles/python_toolchain_aarch64-apple-darwin/lib/python3.9/email/headerregistry.py
runfiles/python_toolchain_aarch64-apple-darwin/lib/python3.9/email/iterators.py
runfiles/python_toolchain_aarch64-apple-darwin/lib/python3.9/email/message.py
runfiles/python_toolchain_aarch64-apple-darwin/lib/python3.9/email/mime/__init__.py
runfiles/python_toolchain_aarch64-apple-darwin/lib/python3.9/email/mime/application.py
runfiles/python_toolchain_aarch64-apple-darwin/lib/python3.9/email/mime/audio.py
runfiles/python_toolchain_aarch64-apple-darwin/lib/python3.9/email/mime/base.py
runfiles/python_toolchain_aarch64-apple-darwin/lib/python3.9/email/mime/image.py
runfiles/python_toolchain_aarch64-apple-darwin/lib/python3.9/email/mime/message.py
runfiles/python_toolchain_aarch64-apple-darwin/lib/python3.9/email/mime/multipart.py
runfiles/python_toolchain_aarch64-apple-darwin/lib/python3.9/email/mime/nonmultipart.py
runfiles/python_toolchain_aarch64-apple-darwin/lib/python3.9/email/mime/text.py
runfiles/python_toolchain_aarch64-apple-darwin/lib/python3.9/email/parser.py
runfiles/python_toolchain_aarch64-apple-darwin/lib/python3.9/email/policy.py
runfiles/python_toolchain_aarch64-apple-darwin/lib/python3.9/email/quoprimime.py
runfiles/python_toolchain_aarch64-apple-darwin/lib/python3.9/email/utils.py
runfiles/python_toolchain_aarch64-apple-darwin/lib/python3.9/encodings/__init__.py
runfiles/python_toolchain_aarch64-apple-darwin/lib/python3.9/encodings/__pycache__/__init__.cpython-39.pyc
runfiles/python_toolchain_aarch64-apple-darwin/lib/python3.9/encodings/__pycache__/aliases.cpython-39.pyc
runfiles/python_toolchain_aarch64-apple-darwin/lib/python3.9/encodings/__pycache__/latin_1.cpython-39.pyc
runfiles/python_toolchain_aarch64-apple-darwin/lib/python3.9/encodings/__pycache__/utf_8.cpython-39.pyc
runfiles/python_toolchain_aarch64-apple-darwin/lib/python3.9/encodings/aliases.py
runfiles/python_toolchain_aarch64-apple-darwin/lib/python3.9/encodings/ascii.py
runfiles/python_toolchain_aarch64-apple-darwin/lib/python3.9/encodings/base64_codec.py
runfiles/python_toolchain_aarch64-apple-darwin/lib/python3.9/encodings/big5.py
runfiles/python_toolchain_aarch64-apple-darwin/lib/python3.9/encodings/big5hkscs.py
runfiles/python_toolchain_aarch64-apple-darwin/lib/python3.9/encodings/bz2_codec.py
runfiles/python_toolchain_aarch64-apple-darwin/lib/python3.9/encodings/charmap.py
runfiles/python_toolchain_aarch64-apple-darwin/lib/python3.9/encodings/cp037.py
runfiles/python_toolchain_aarch64-apple-darwin/lib/python3.9/encodings/cp1006.py
runfiles/python_toolchain_aarch64-apple-darwin/lib/python3.9/encodings/cp1026.py
runfiles/python_toolchain_aarch64-apple-darwin/lib/python3.9/encodings/cp1125.py
runfiles/python_toolchain_aarch64-apple-darwin/lib/python3.9/encodings/cp1140.py
runfiles/python_toolchain_aarch64-apple-darwin/lib/python3.9/encodings/cp1250.py
runfiles/python_toolchain_aarch64-apple-darwin/lib/python3.9/encodings/cp1251.py
runfiles/python_toolchain_aarch64-apple-darwin/lib/python3.9/encodings/cp1252.py
runfiles/python_toolchain_aarch64-apple-darwin/lib/python3.9/encodings/cp1253.py
runfiles/python_toolchain_aarch64-apple-darwin/lib/python3.9/encodings/cp1254.py
runfiles/python_toolchain_aarch64-apple-darwin/lib/python3.9/encodings/cp1255.py
runfiles/python_toolchain_aarch64-apple-darwin/lib/python3.9/encodings/cp1256.py
runfiles/python_toolchain_aarch64-apple-darwin/lib/python3.9/encodings/cp1257.py
runfiles/python_toolchain_aarch64-apple-darwin/lib/python3.9/encodings/cp1258.py
runfiles/python_toolchain_aarch64-apple-darwin/lib/python3.9/encodings/cp273.py
runfiles/python_toolchain_aarch64-apple-darwin/lib/python3.9/encodings/cp424.py
runfiles/python_toolchain_aarch64-apple-darwin/lib/python3.9/encodings/cp437.py
runfiles/python_toolchain_aarch64-apple-darwin/lib/python3.9/encodings/cp500.py
runfiles/python_toolchain_aarch64-apple-darwin/lib/python3.9/encodings/cp720.py
runfiles/python_toolchain_aarch64-apple-darwin/lib/python3.9/encodings/cp737.py
runfiles/python_toolchain_aarch64-apple-darwin/lib/python3.9/encodings/cp775.py
runfiles/python_toolchain_aarch64-apple-darwin/lib/python3.9/encodings/cp850.py
runfiles/python_toolchain_aarch64-apple-darwin/lib/python3.9/encodings/cp852.py
runfiles/python_toolchain_aarch64-apple-darwin/lib/python3.9/encodings/cp855.py
runfiles/python_toolchain_aarch64-apple-darwin/lib/python3.9/encodings/cp856.py
runfiles/python_toolchain_aarch64-apple-darwin/lib/python3.9/encodings/cp857.py
runfiles/python_toolchain_aarch64-apple-darwin/lib/python3.9/encodings/cp858.py
runfiles/python_toolchain_aarch64-apple-darwin/lib/python3.9/encodings/cp860.py
runfiles/python_toolchain_aarch64-apple-darwin/lib/python3.9/encodings/cp861.py
runfiles/python_toolchain_aarch64-apple-darwin/lib/python3.9/encodings/cp862.py
runfiles/python_toolchain_aarch64-apple-darwin/lib/python3.9/encodings/cp863.py
runfiles/python_toolchain_aarch64-apple-darwin/lib/python3.9/encodings/cp864.py
runfiles/python_toolchain_aarch64-apple-darwin/lib/python3.9/encodings/cp865.py
runfiles/python_toolchain_aarch64-apple-darwin/lib/python3.9/encodings/cp866.py
runfiles/python_toolchain_aarch64-apple-darwin/lib/python3.9/encodings/cp869.py
runfiles/python_toolchain_aarch64-apple-darwin/lib/python3.9/encodings/cp874.py
runfiles/python_toolchain_aarch64-apple-darwin/lib/python3.9/encodings/cp875.py
runfiles/python_toolchain_aarch64-apple-darwin/lib/python3.9/encodings/cp932.py
runfiles/python_toolchain_aarch64-apple-darwin/lib/python3.9/encodings/cp949.py
runfiles/python_toolchain_aarch64-apple-darwin/lib/python3.9/encodings/cp950.py
runfiles/python_toolchain_aarch64-apple-darwin/lib/python3.9/encodings/euc_jis_2004.py
runfiles/python_toolchain_aarch64-apple-darwin/lib/python3.9/encodings/euc_jisx0213.py
runfiles/python_toolchain_aarch64-apple-darwin/lib/python3.9/encodings/euc_jp.py
runfiles/python_toolchain_aarch64-apple-darwin/lib/python3.9/encodings/euc_kr.py
runfiles/python_toolchain_aarch64-apple-darwin/lib/python3.9/encodings/gb18030.py
runfiles/python_toolchain_aarch64-apple-darwin/lib/python3.9/encodings/gb2312.py
runfiles/python_toolchain_aarch64-apple-darwin/lib/python3.9/encodings/gbk.py
runfiles/python_toolchain_aarch64-apple-darwin/lib/python3.9/encodings/hex_codec.py
runfiles/python_toolchain_aarch64-apple-darwin/lib/python3.9/encodings/hp_roman8.py
runfiles/python_toolchain_aarch64-apple-darwin/lib/python3.9/encodings/hz.py
runfiles/python_toolchain_aarch64-apple-darwin/lib/python3.9/encodings/idna.py
runfiles/python_toolchain_aarch64-apple-darwin/lib/python3.9/encodings/iso2022_jp.py
runfiles/python_toolchain_aarch64-apple-darwin/lib/python3.9/encodings/iso2022_jp_1.py
runfiles/python_toolchain_aarch64-apple-darwin/lib/python3.9/encodings/iso2022_jp_2.py
runfiles/python_toolchain_aarch64-apple-darwin/lib/python3.9/encodings/iso2022_jp_2004.py
runfiles/python_toolchain_aarch64-apple-darwin/lib/python3.9/encodings/iso2022_jp_3.py
runfiles/python_toolchain_aarch64-apple-darwin/lib/python3.9/encodings/iso2022_jp_ext.py
runfiles/python_toolchain_aarch64-apple-darwin/lib/python3.9/encodings/iso2022_kr.py
runfiles/python_toolchain_aarch64-apple-darwin/lib/python3.9/encodings/iso8859_1.py
runfiles/python_toolchain_aarch64-apple-darwin/lib/python3.9/encodings/iso8859_10.py
runfiles/python_toolchain_aarch64-apple-darwin/lib/python3.9/encodings/iso8859_11.py
runfiles/python_toolchain_aarch64-apple-darwin/lib/python3.9/encodings/iso8859_13.py
runfiles/python_toolchain_aarch64-apple-darwin/lib/python3.9/encodings/iso8859_14.py
runfiles/python_toolchain_aarch64-apple-darwin/lib/python3.9/encodings/iso8859_15.py
runfiles/python_toolchain_aarch64-apple-darwin/lib/python3.9/encodings/iso8859_16.py
runfiles/python_toolchain_aarch64-apple-darwin/lib/python3.9/encodings/iso8859_2.py
runfiles/python_toolchain_aarch64-apple-darwin/lib/python3.9/encodings/iso8859_3.py
runfiles/python_toolchain_aarch64-apple-darwin/lib/python3.9/encodings/iso8859_4.py
runfiles/python_toolchain_aarch64-apple-darwin/lib/python3.9/encodings/iso8859_5.py
runfiles/python_toolchain_aarch64-apple-darwin/lib/python3.9/encodings/iso8859_6.py
runfiles/python_toolchain_aarch64-apple-darwin/lib/python3.9/encodings/iso8859_7.py
runfiles/python_toolchain_aarch64-apple-darwin/lib/python3.9/encodings/iso8859_8.py
runfiles/python_toolchain_aarch64-apple-darwin/lib/python3.9/encodings/iso8859_9.py
runfiles/python_toolchain_aarch64-apple-darwin/lib/python3.9/encodings/johab.py
runfiles/python_toolchain_aarch64-apple-darwin/lib/python3.9/encodings/koi8_r.py
runfiles/python_toolchain_aarch64-apple-darwin/lib/python3.9/encodings/koi8_t.py
runfiles/python_toolchain_aarch64-apple-darwin/lib/python3.9/encodings/koi8_u.py
runfiles/python_toolchain_aarch64-apple-darwin/lib/python3.9/encodings/kz1048.py
runfiles/python_toolchain_aarch64-apple-darwin/lib/python3.9/encodings/latin_1.py
runfiles/python_toolchain_aarch64-apple-darwin/lib/python3.9/encodings/mac_arabic.py
runfiles/python_toolchain_aarch64-apple-darwin/lib/python3.9/encodings/mac_croatian.py
runfiles/python_toolchain_aarch64-apple-darwin/lib/python3.9/encodings/mac_cyrillic.py
runfiles/python_toolchain_aarch64-apple-darwin/lib/python3.9/encodings/mac_farsi.py
runfiles/python_toolchain_aarch64-apple-darwin/lib/python3.9/encodings/mac_greek.py
runfiles/python_toolchain_aarch64-apple-darwin/lib/python3.9/encodings/mac_iceland.py
runfiles/python_toolchain_aarch64-apple-darwin/lib/python3.9/encodings/mac_latin2.py
runfiles/python_toolchain_aarch64-apple-darwin/lib/python3.9/encodings/mac_roman.py
runfiles/python_toolchain_aarch64-apple-darwin/lib/python3.9/encodings/mac_romanian.py
runfiles/python_toolchain_aarch64-apple-darwin/lib/python3.9/encodings/mac_turkish.py
runfiles/python_toolchain_aarch64-apple-darwin/lib/python3.9/encodings/mbcs.py
runfiles/python_toolchain_aarch64-apple-darwin/lib/python3.9/encodings/oem.py
runfiles/python_toolchain_aarch64-apple-darwin/lib/python3.9/encodings/palmos.py
runfiles/python_toolchain_aarch64-apple-darwin/lib/python3.9/encodings/ptcp154.py
runfiles/python_toolchain_aarch64-apple-darwin/lib/python3.9/encodings/punycode.py
runfiles/python_toolchain_aarch64-apple-darwin/lib/python3.9/encodings/quopri_codec.py
runfiles/python_toolchain_aarch64-apple-darwin/lib/python3.9/encodings/raw_unicode_escape.py
runfiles/python_toolchain_aarch64-apple-darwin/lib/python3.9/encodings/rot_13.py
runfiles/python_toolchain_aarch64-apple-darwin/lib/python3.9/encodings/shift_jis.py
runfiles/python_toolchain_aarch64-apple-darwin/lib/python3.9/encodings/shift_jis_2004.py
runfiles/python_toolchain_aarch64-apple-darwin/lib/python3.9/encodings/shift_jisx0213.py
runfiles/python_toolchain_aarch64-apple-darwin/lib/python3.9/encodings/tis_620.py
runfiles/python_toolchain_aarch64-apple-darwin/lib/python3.9/encodings/undefined.py
runfiles/python_toolchain_aarch64-apple-darwin/lib/python3.9/encodings/unicode_escape.py
runfiles/python_toolchain_aarch64-apple-darwin/lib/python3.9/encodings/utf_16.py
runfiles/python_toolchain_aarch64-apple-darwin/lib/python3.9/encodings/utf_16_be.py
runfiles/python_toolchain_aarch64-apple-darwin/lib/python3.9/encodings/utf_16_le.py
runfiles/python_toolchain_aarch64-apple-darwin/lib/python3.9/encodings/utf_32.py
runfiles/python_toolchain_aarch64-apple-darwin/lib/python3.9/encodings/utf_32_be.py
runfiles/python_toolchain_aarch64-apple-darwin/lib/python3.9/encodings/utf_32_le.py
runfiles/python_toolchain_aarch64-apple-darwin/lib/python3.9/encodings/utf_7.py
runfiles/python_toolchain_aarch64-apple-darwin/lib/python3.9/encodings/utf_8.py
runfiles/python_toolchain_aarch64-apple-darwin/lib/python3.9/encodings/utf_8_sig.py
runfiles/python_toolchain_aarch64-apple-darwin/lib/python3.9/encodings/uu_codec.py
runfiles/python_toolchain_aarch64-apple-darwin/lib/python3.9/encodings/zlib_codec.py
runfiles/python_toolchain_aarch64-apple-darwin/lib/python3.9/ensurepip/__init__.py
runfiles/python_toolchain_aarch64-apple-darwin/lib/python3.9/ensurepip/__main__.py
runfiles/python_toolchain_aarch64-apple-darwin/lib/python3.9/ensurepip/_bundled/__init__.py
runfiles/python_toolchain_aarch64-apple-darwin/lib/python3.9/ensurepip/_bundled/pip-23.0.1-py3-none-any.whl
runfiles/python_toolchain_aarch64-apple-darwin/lib/python3.9/ensurepip/_bundled/setuptools-58.1.0-py3-none-any.whl
runfiles/python_toolchain_aarch64-apple-darwin/lib/python3.9/ensurepip/_uninstall.py
runfiles/python_toolchain_aarch64-apple-darwin/lib/python3.9/enum.py
runfiles/python_toolchain_aarch64-apple-darwin/lib/python3.9/filecmp.py
runfiles/python_toolchain_aarch64-apple-darwin/lib/python3.9/fileinput.py
runfiles/python_toolchain_aarch64-apple-darwin/lib/python3.9/fnmatch.py
runfiles/python_toolchain_aarch64-apple-darwin/lib/python3.9/formatter.py
runfiles/python_toolchain_aarch64-apple-darwin/lib/python3.9/fractions.py
runfiles/python_toolchain_aarch64-apple-darwin/lib/python3.9/ftplib.py
runfiles/python_toolchain_aarch64-apple-darwin/lib/python3.9/functools.py
runfiles/python_toolchain_aarch64-apple-darwin/lib/python3.9/genericpath.py
runfiles/python_toolchain_aarch64-apple-darwin/lib/python3.9/getopt.py
runfiles/python_toolchain_aarch64-apple-darwin/lib/python3.9/getpass.py
runfiles/python_toolchain_aarch64-apple-darwin/lib/python3.9/gettext.py
runfiles/python_toolchain_aarch64-apple-darwin/lib/python3.9/glob.py
runfiles/python_toolchain_aarch64-apple-darwin/lib/python3.9/graphlib.py
runfiles/python_toolchain_aarch64-apple-darwin/lib/python3.9/gzip.py
runfiles/python_toolchain_aarch64-apple-darwin/lib/python3.9/hashlib.py
runfiles/python_toolchain_aarch64-apple-darwin/lib/python3.9/heapq.py
runfiles/python_toolchain_aarch64-apple-darwin/lib/python3.9/hmac.py
runfiles/python_toolchain_aarch64-apple-darwin/lib/python3.9/html/__init__.py
runfiles/python_toolchain_aarch64-apple-darwin/lib/python3.9/html/entities.py
runfiles/python_toolchain_aarch64-apple-darwin/lib/python3.9/html/parser.py
runfiles/python_toolchain_aarch64-apple-darwin/lib/python3.9/http/__init__.py
runfiles/python_toolchain_aarch64-apple-darwin/lib/python3.9/http/client.py
runfiles/python_toolchain_aarch64-apple-darwin/lib/python3.9/http/cookiejar.py
runfiles/python_toolchain_aarch64-apple-darwin/lib/python3.9/http/cookies.py
runfiles/python_toolchain_aarch64-apple-darwin/lib/python3.9/http/server.py
runfiles/python_toolchain_aarch64-apple-darwin/lib/python3.9/idlelib/CREDITS.txt
runfiles/python_toolchain_aarch64-apple-darwin/lib/python3.9/idlelib/ChangeLog
runfiles/python_toolchain_aarch64-apple-darwin/lib/python3.9/idlelib/HISTORY.txt
runfiles/python_toolchain_aarch64-apple-darwin/lib/python3.9/idlelib/Icons/README.txt
runfiles/python_toolchain_aarch64-apple-darwin/lib/python3.9/idlelib/Icons/folder.gif
runfiles/python_toolchain_aarch64-apple-darwin/lib/python3.9/idlelib/Icons/idle.ico
runfiles/python_toolchain_aarch64-apple-darwin/lib/python3.9/idlelib/Icons/idle_16.gif
runfiles/python_toolchain_aarch64-apple-darwin/lib/python3.9/idlelib/Icons/idle_16.png
runfiles/python_toolchain_aarch64-apple-darwin/lib/python3.9/idlelib/Icons/idle_256.png
runfiles/python_toolchain_aarch64-apple-darwin/lib/python3.9/idlelib/Icons/idle_32.gif
runfiles/python_toolchain_aarch64-apple-darwin/lib/python3.9/idlelib/Icons/idle_32.png
runfiles/python_toolchain_aarch64-apple-darwin/lib/python3.9/idlelib/Icons/idle_48.gif
runfiles/python_toolchain_aarch64-apple-darwin/lib/python3.9/idlelib/Icons/idle_48.png
runfiles/python_toolchain_aarch64-apple-darwin/lib/python3.9/idlelib/Icons/minusnode.gif
runfiles/python_toolchain_aarch64-apple-darwin/lib/python3.9/idlelib/Icons/openfolder.gif
runfiles/python_toolchain_aarch64-apple-darwin/lib/python3.9/idlelib/Icons/plusnode.gif
runfiles/python_toolchain_aarch64-apple-darwin/lib/python3.9/idlelib/Icons/python.gif
runfiles/python_toolchain_aarch64-apple-darwin/lib/python3.9/idlelib/Icons/tk.gif
runfiles/python_toolchain_aarch64-apple-darwin/lib/python3.9/idlelib/NEWS.txt
runfiles/python_toolchain_aarch64-apple-darwin/lib/python3.9/idlelib/NEWS2x.txt
runfiles/python_toolchain_aarch64-apple-darwin/lib/python3.9/idlelib/README.txt
runfiles/python_toolchain_aarch64-apple-darwin/lib/python3.9/idlelib/TODO.txt
runfiles/python_toolchain_aarch64-apple-darwin/lib/python3.9/idlelib/__init__.py
runfiles/python_toolchain_aarch64-apple-darwin/lib/python3.9/idlelib/__main__.py
runfiles/python_toolchain_aarch64-apple-darwin/lib/python3.9/idlelib/autocomplete.py
runfiles/python_toolchain_aarch64-apple-darwin/lib/python3.9/idlelib/autocomplete_w.py
runfiles/python_toolchain_aarch64-apple-darwin/lib/python3.9/idlelib/autoexpand.py
runfiles/python_toolchain_aarch64-apple-darwin/lib/python3.9/idlelib/browser.py
runfiles/python_toolchain_aarch64-apple-darwin/lib/python3.9/idlelib/calltip.py
runfiles/python_toolchain_aarch64-apple-darwin/lib/python3.9/idlelib/calltip_w.py
runfiles/python_toolchain_aarch64-apple-darwin/lib/python3.9/idlelib/codecontext.py
runfiles/python_toolchain_aarch64-apple-darwin/lib/python3.9/idlelib/colorizer.py
runfiles/python_toolchain_aarch64-apple-darwin/lib/python3.9/idlelib/config-extensions.def
runfiles/python_toolchain_aarch64-apple-darwin/lib/python3.9/idlelib/config-highlight.def
runfiles/python_toolchain_aarch64-apple-darwin/lib/python3.9/idlelib/config-keys.def
runfiles/python_toolchain_aarch64-apple-darwin/lib/python3.9/idlelib/config-main.def
runfiles/python_toolchain_aarch64-apple-darwin/lib/python3.9/idlelib/config.py
runfiles/python_toolchain_aarch64-apple-darwin/lib/python3.9/idlelib/config_key.py
runfiles/python_toolchain_aarch64-apple-darwin/lib/python3.9/idlelib/configdialog.py
runfiles/python_toolchain_aarch64-apple-darwin/lib/python3.9/idlelib/debugger.py
runfiles/python_toolchain_aarch64-apple-darwin/lib/python3.9/idlelib/debugger_r.py
runfiles/python_toolchain_aarch64-apple-darwin/lib/python3.9/idlelib/debugobj.py
runfiles/python_toolchain_aarch64-apple-darwin/lib/python3.9/idlelib/debugobj_r.py
runfiles/python_toolchain_aarch64-apple-darwin/lib/python3.9/idlelib/delegator.py
runfiles/python_toolchain_aarch64-apple-darwin/lib/python3.9/idlelib/dynoption.py
runfiles/python_toolchain_aarch64-apple-darwin/lib/python3.9/idlelib/editor.py
runfiles/python_toolchain_aarch64-apple-darwin/lib/python3.9/idlelib/extend.txt
runfiles/python_toolchain_aarch64-apple-darwin/lib/python3.9/idlelib/filelist.py
runfiles/python_toolchain_aarch64-apple-darwin/lib/python3.9/idlelib/format.py
runfiles/python_toolchain_aarch64-apple-darwin/lib/python3.9/idlelib/grep.py
runfiles/python_toolchain_aarch64-apple-darwin/lib/python3.9/idlelib/help.html
runfiles/python_toolchain_aarch64-apple-darwin/lib/python3.9/idlelib/help.py
runfiles/python_toolchain_aarch64-apple-darwin/lib/python3.9/idlelib/help_about.py
runfiles/python_toolchain_aarch64-apple-darwin/lib/python3.9/idlelib/history.py
runfiles/python_toolchain_aarch64-apple-darwin/lib/python3.9/idlelib/hyperparser.py
runfiles/python_toolchain_aarch64-apple-darwin/lib/python3.9/idlelib/idle.bat
runfiles/python_toolchain_aarch64-apple-darwin/lib/python3.9/idlelib/idle.py
runfiles/python_toolchain_aarch64-apple-darwin/lib/python3.9/idlelib/idle.pyw
runfiles/python_toolchain_aarch64-apple-darwin/lib/python3.9/idlelib/iomenu.py
runfiles/python_toolchain_aarch64-apple-darwin/lib/python3.9/idlelib/macosx.py
runfiles/python_toolchain_aarch64-apple-darwin/lib/python3.9/idlelib/mainmenu.py
runfiles/python_toolchain_aarch64-apple-darwin/lib/python3.9/idlelib/multicall.py
runfiles/python_toolchain_aarch64-apple-darwin/lib/python3.9/idlelib/outwin.py
runfiles/python_toolchain_aarch64-apple-darwin/lib/python3.9/idlelib/parenmatch.py
runfiles/python_toolchain_aarch64-apple-darwin/lib/python3.9/idlelib/pathbrowser.py
runfiles/python_toolchain_aarch64-apple-darwin/lib/python3.9/idlelib/percolator.py
runfiles/python_toolchain_aarch64-apple-darwin/lib/python3.9/idlelib/pyparse.py
runfiles/python_toolchain_aarch64-apple-darwin/lib/python3.9/idlelib/pyshell.py
runfiles/python_toolchain_aarch64-apple-darwin/lib/python3.9/idlelib/query.py
runfiles/python_toolchain_aarch64-apple-darwin/lib/python3.9/idlelib/redirector.py
runfiles/python_toolchain_aarch64-apple-darwin/lib/python3.9/idlelib/replace.py
runfiles/python_toolchain_aarch64-apple-darwin/lib/python3.9/idlelib/rpc.py
runfiles/python_toolchain_aarch64-apple-darwin/lib/python3.9/idlelib/run.py
runfiles/python_toolchain_aarch64-apple-darwin/lib/python3.9/idlelib/runscript.py
runfiles/python_toolchain_aarch64-apple-darwin/lib/python3.9/idlelib/scrolledlist.py
runfiles/python_toolchain_aarch64-apple-darwin/lib/python3.9/idlelib/search.py
runfiles/python_toolchain_aarch64-apple-darwin/lib/python3.9/idlelib/searchbase.py
runfiles/python_toolchain_aarch64-apple-darwin/lib/python3.9/idlelib/searchengine.py
runfiles/python_toolchain_aarch64-apple-darwin/lib/python3.9/idlelib/sidebar.py
runfiles/python_toolchain_aarch64-apple-darwin/lib/python3.9/idlelib/squeezer.py
runfiles/python_toolchain_aarch64-apple-darwin/lib/python3.9/idlelib/stackviewer.py
runfiles/python_toolchain_aarch64-apple-darwin/lib/python3.9/idlelib/statusbar.py
runfiles/python_toolchain_aarch64-apple-darwin/lib/python3.9/idlelib/textview.py
runfiles/python_toolchain_aarch64-apple-darwin/lib/python3.9/idlelib/tooltip.py
runfiles/python_toolchain_aarch64-apple-darwin/lib/python3.9/idlelib/tree.py
runfiles/python_toolchain_aarch64-apple-darwin/lib/python3.9/idlelib/undo.py
runfiles/python_toolchain_aarch64-apple-darwin/lib/python3.9/idlelib/util.py
runfiles/python_toolchain_aarch64-apple-darwin/lib/python3.9/idlelib/window.py
runfiles/python_toolchain_aarch64-apple-darwin/lib/python3.9/idlelib/zoomheight.py
runfiles/python_toolchain_aarch64-apple-darwin/lib/python3.9/idlelib/zzdummy.py
runfiles/python_toolchain_aarch64-apple-darwin/lib/python3.9/imaplib.py
runfiles/python_toolchain_aarch64-apple-darwin/lib/python3.9/imghdr.py
runfiles/python_toolchain_aarch64-apple-darwin/lib/python3.9/imp.py
runfiles/python_toolchain_aarch64-apple-darwin/lib/python3.9/importlib/__init__.py
runfiles/python_toolchain_aarch64-apple-darwin/lib/python3.9/importlib/_bootstrap.py
runfiles/python_toolchain_aarch64-apple-darwin/lib/python3.9/importlib/_bootstrap_external.py
runfiles/python_toolchain_aarch64-apple-darwin/lib/python3.9/importlib/_common.py
runfiles/python_toolchain_aarch64-apple-darwin/lib/python3.9/importlib/abc.py
runfiles/python_toolchain_aarch64-apple-darwin/lib/python3.9/importlib/machinery.py
runfiles/python_toolchain_aarch64-apple-darwin/lib/python3.9/importlib/metadata.py
runfiles/python_toolchain_aarch64-apple-darwin/lib/python3.9/importlib/resources.py
runfiles/python_toolchain_aarch64-apple-darwin/lib/python3.9/importlib/util.py
runfiles/python_toolchain_aarch64-apple-darwin/lib/python3.9/inspect.py
runfiles/python_toolchain_aarch64-apple-darwin/lib/python3.9/io.py
runfiles/python_toolchain_aarch64-apple-darwin/lib/python3.9/ipaddress.py
runfiles/python_toolchain_aarch64-apple-darwin/lib/python3.9/json/__init__.py
runfiles/python_toolchain_aarch64-apple-darwin/lib/python3.9/json/decoder.py
runfiles/python_toolchain_aarch64-apple-darwin/lib/python3.9/json/encoder.py
runfiles/python_toolchain_aarch64-apple-darwin/lib/python3.9/json/scanner.py
runfiles/python_toolchain_aarch64-apple-darwin/lib/python3.9/json/tool.py
runfiles/python_toolchain_aarch64-apple-darwin/lib/python3.9/keyword.py
runfiles/python_toolchain_aarch64-apple-darwin/lib/python3.9/lib-dynload/.empty
runfiles/python_toolchain_aarch64-apple-darwin/lib/python3.9/lib-dynload/_crypt.cpython-39-darwin.so
runfiles/python_toolchain_aarch64-apple-darwin/lib/python3.9/lib2to3/Grammar.txt
runfiles/python_toolchain_aarch64-apple-darwin/lib/python3.9/lib2to3/Grammar3.9.18.final.0.pickle
runfiles/python_toolchain_aarch64-apple-darwin/lib/python3.9/lib2to3/PatternGrammar.txt
runfiles/python_toolchain_aarch64-apple-darwin/lib/python3.9/lib2to3/PatternGrammar3.9.18.final.0.pickle
runfiles/python_toolchain_aarch64-apple-darwin/lib/python3.9/lib2to3/__init__.py
runfiles/python_toolchain_aarch64-apple-darwin/lib/python3.9/lib2to3/__main__.py
runfiles/python_toolchain_aarch64-apple-darwin/lib/python3.9/lib2to3/btm_matcher.py
runfiles/python_toolchain_aarch64-apple-darwin/lib/python3.9/lib2to3/btm_utils.py
runfiles/python_toolchain_aarch64-apple-darwin/lib/python3.9/lib2to3/fixer_base.py
runfiles/python_toolchain_aarch64-apple-darwin/lib/python3.9/lib2to3/fixer_util.py
runfiles/python_toolchain_aarch64-apple-darwin/lib/python3.9/lib2to3/fixes/__init__.py
runfiles/python_toolchain_aarch64-apple-darwin/lib/python3.9/lib2to3/fixes/fix_apply.py
runfiles/python_toolchain_aarch64-apple-darwin/lib/python3.9/lib2to3/fixes/fix_asserts.py
runfiles/python_toolchain_aarch64-apple-darwin/lib/python3.9/lib2to3/fixes/fix_basestring.py
runfiles/python_toolchain_aarch64-apple-darwin/lib/python3.9/lib2to3/fixes/fix_buffer.py
runfiles/python_toolchain_aarch64-apple-darwin/lib/python3.9/lib2to3/fixes/fix_dict.py
runfiles/python_toolchain_aarch64-apple-darwin/lib/python3.9/lib2to3/fixes/fix_except.py
runfiles/python_toolchain_aarch64-apple-darwin/lib/python3.9/lib2to3/fixes/fix_exec.py
runfiles/python_toolchain_aarch64-apple-darwin/lib/python3.9/lib2to3/fixes/fix_execfile.py
runfiles/python_toolchain_aarch64-apple-darwin/lib/python3.9/lib2to3/fixes/fix_exitfunc.py
runfiles/python_toolchain_aarch64-apple-darwin/lib/python3.9/lib2to3/fixes/fix_filter.py
runfiles/python_toolchain_aarch64-apple-darwin/lib/python3.9/lib2to3/fixes/fix_funcattrs.py
runfiles/python_toolchain_aarch64-apple-darwin/lib/python3.9/lib2to3/fixes/fix_future.py
runfiles/python_toolchain_aarch64-apple-darwin/lib/python3.9/lib2to3/fixes/fix_getcwdu.py
runfiles/python_toolchain_aarch64-apple-darwin/lib/python3.9/lib2to3/fixes/fix_has_key.py
runfiles/python_toolchain_aarch64-apple-darwin/lib/python3.9/lib2to3/fixes/fix_idioms.py
runfiles/python_toolchain_aarch64-apple-darwin/lib/python3.9/lib2to3/fixes/fix_import.py
runfiles/python_toolchain_aarch64-apple-darwin/lib/python3.9/lib2to3/fixes/fix_imports.py
runfiles/python_toolchain_aarch64-apple-darwin/lib/python3.9/lib2to3/fixes/fix_imports2.py
runfiles/python_toolchain_aarch64-apple-darwin/lib/python3.9/lib2to3/fixes/fix_input.py
runfiles/python_toolchain_aarch64-apple-darwin/lib/python3.9/lib2to3/fixes/fix_intern.py
runfiles/python_toolchain_aarch64-apple-darwin/lib/python3.9/lib2to3/fixes/fix_isinstance.py
runfiles/python_toolchain_aarch64-apple-darwin/lib/python3.9/lib2to3/fixes/fix_itertools.py
runfiles/python_toolchain_aarch64-apple-darwin/lib/python3.9/lib2to3/fixes/fix_itertools_imports.py
runfiles/python_toolchain_aarch64-apple-darwin/lib/python3.9/lib2to3/fixes/fix_long.py
runfiles/python_toolchain_aarch64-apple-darwin/lib/python3.9/lib2to3/fixes/fix_map.py
runfiles/python_toolchain_aarch64-apple-darwin/lib/python3.9/lib2to3/fixes/fix_metaclass.py
runfiles/python_toolchain_aarch64-apple-darwin/lib/python3.9/lib2to3/fixes/fix_methodattrs.py
runfiles/python_toolchain_aarch64-apple-darwin/lib/python3.9/lib2to3/fixes/fix_ne.py
runfiles/python_toolchain_aarch64-apple-darwin/lib/python3.9/lib2to3/fixes/fix_next.py
runfiles/python_toolchain_aarch64-apple-darwin/lib/python3.9/lib2to3/fixes/fix_nonzero.py
runfiles/python_toolchain_aarch64-apple-darwin/lib/python3.9/lib2to3/fixes/fix_numliterals.py
runfiles/python_toolchain_aarch64-apple-darwin/lib/python3.9/lib2to3/fixes/fix_operator.py
runfiles/python_toolchain_aarch64-apple-darwin/lib/python3.9/lib2to3/fixes/fix_paren.py
runfiles/python_toolchain_aarch64-apple-darwin/lib/python3.9/lib2to3/fixes/fix_print.py
runfiles/python_toolchain_aarch64-apple-darwin/lib/python3.9/lib2to3/fixes/fix_raise.py
runfiles/python_toolchain_aarch64-apple-darwin/lib/python3.9/lib2to3/fixes/fix_raw_input.py
runfiles/python_toolchain_aarch64-apple-darwin/lib/python3.9/lib2to3/fixes/fix_reduce.py
runfiles/python_toolchain_aarch64-apple-darwin/lib/python3.9/lib2to3/fixes/fix_reload.py
runfiles/python_toolchain_aarch64-apple-darwin/lib/python3.9/lib2to3/fixes/fix_renames.py
runfiles/python_toolchain_aarch64-apple-darwin/lib/python3.9/lib2to3/fixes/fix_repr.py
runfiles/python_toolchain_aarch64-apple-darwin/lib/python3.9/lib2to3/fixes/fix_set_literal.py
runfiles/python_toolchain_aarch64-apple-darwin/lib/python3.9/lib2to3/fixes/fix_standarderror.py
runfiles/python_toolchain_aarch64-apple-darwin/lib/python3.9/lib2to3/fixes/fix_sys_exc.py
runfiles/python_toolchain_aarch64-apple-darwin/lib/python3.9/lib2to3/fixes/fix_throw.py
runfiles/python_toolchain_aarch64-apple-darwin/lib/python3.9/lib2to3/fixes/fix_tuple_params.py
runfiles/python_toolchain_aarch64-apple-darwin/lib/python3.9/lib2to3/fixes/fix_types.py
runfiles/python_toolchain_aarch64-apple-darwin/lib/python3.9/lib2to3/fixes/fix_unicode.py
runfiles/python_toolchain_aarch64-apple-darwin/lib/python3.9/lib2to3/fixes/fix_urllib.py
runfiles/python_toolchain_aarch64-apple-darwin/lib/python3.9/lib2to3/fixes/fix_ws_comma.py
runfiles/python_toolchain_aarch64-apple-darwin/lib/python3.9/lib2to3/fixes/fix_xrange.py
runfiles/python_toolchain_aarch64-apple-darwin/lib/python3.9/lib2to3/fixes/fix_xreadlines.py
runfiles/python_toolchain_aarch64-apple-darwin/lib/python3.9/lib2to3/fixes/fix_zip.py
runfiles/python_toolchain_aarch64-apple-darwin/lib/python3.9/lib2to3/main.py
runfiles/python_toolchain_aarch64-apple-darwin/lib/python3.9/lib2to3/patcomp.py
runfiles/python_toolchain_aarch64-apple-darwin/lib/python3.9/lib2to3/pgen2/__init__.py
runfiles/python_toolchain_aarch64-apple-darwin/lib/python3.9/lib2to3/pgen2/conv.py
runfiles/python_toolchain_aarch64-apple-darwin/lib/python3.9/lib2to3/pgen2/driver.py
runfiles/python_toolchain_aarch64-apple-darwin/lib/python3.9/lib2to3/pgen2/grammar.py
runfiles/python_toolchain_aarch64-apple-darwin/lib/python3.9/lib2to3/pgen2/literals.py
runfiles/python_toolchain_aarch64-apple-darwin/lib/python3.9/lib2to3/pgen2/parse.py
runfiles/python_toolchain_aarch64-apple-darwin/lib/python3.9/lib2to3/pgen2/pgen.py
runfiles/python_toolchain_aarch64-apple-darwin/lib/python3.9/lib2to3/pgen2/token.py
runfiles/python_toolchain_aarch64-apple-darwin/lib/python3.9/lib2to3/pgen2/tokenize.py
runfiles/python_toolchain_aarch64-apple-darwin/lib/python3.9/lib2to3/pygram.py
runfiles/python_toolchain_aarch64-apple-darwin/lib/python3.9/lib2to3/pytree.py
runfiles/python_toolchain_aarch64-apple-darwin/lib/python3.9/lib2to3/refactor.py
runfiles/python_toolchain_aarch64-apple-darwin/lib/python3.9/linecache.py
runfiles/python_toolchain_aarch64-apple-darwin/lib/python3.9/locale.py
runfiles/python_toolchain_aarch64-apple-darwin/lib/python3.9/logging/__init__.py
runfiles/python_toolchain_aarch64-apple-darwin/lib/python3.9/logging/config.py
runfiles/python_toolchain_aarch64-apple-darwin/lib/python3.9/logging/handlers.py
runfiles/python_toolchain_aarch64-apple-darwin/lib/python3.9/lzma.py
runfiles/python_toolchain_aarch64-apple-darwin/lib/python3.9/mailbox.py
runfiles/python_toolchain_aarch64-apple-darwin/lib/python3.9/mailcap.py
runfiles/python_toolchain_aarch64-apple-darwin/lib/python3.9/mimetypes.py
runfiles/python_toolchain_aarch64-apple-darwin/lib/python3.9/modulefinder.py
runfiles/python_toolchain_aarch64-apple-darwin/lib/python3.9/multiprocessing/__init__.py
runfiles/python_toolchain_aarch64-apple-darwin/lib/python3.9/multiprocessing/connection.py
runfiles/python_toolchain_aarch64-apple-darwin/lib/python3.9/multiprocessing/context.py
runfiles/python_toolchain_aarch64-apple-darwin/lib/python3.9/multiprocessing/dummy/__init__.py
runfiles/python_toolchain_aarch64-apple-darwin/lib/python3.9/multiprocessing/dummy/connection.py
runfiles/python_toolchain_aarch64-apple-darwin/lib/python3.9/multiprocessing/forkserver.py
runfiles/python_toolchain_aarch64-apple-darwin/lib/python3.9/multiprocessing/heap.py
runfiles/python_toolchain_aarch64-apple-darwin/lib/python3.9/multiprocessing/managers.py
runfiles/python_toolchain_aarch64-apple-darwin/lib/python3.9/multiprocessing/pool.py
runfiles/python_toolchain_aarch64-apple-darwin/lib/python3.9/multiprocessing/popen_fork.py
runfiles/python_toolchain_aarch64-apple-darwin/lib/python3.9/multiprocessing/popen_forkserver.py
runfiles/python_toolchain_aarch64-apple-darwin/lib/python3.9/multiprocessing/popen_spawn_posix.py
runfiles/python_toolchain_aarch64-apple-darwin/lib/python3.9/multiprocessing/popen_spawn_win32.py
runfiles/python_toolchain_aarch64-apple-darwin/lib/python3.9/multiprocessing/process.py
runfiles/python_toolchain_aarch64-apple-darwin/lib/python3.9/multiprocessing/queues.py
runfiles/python_toolchain_aarch64-apple-darwin/lib/python3.9/multiprocessing/reduction.py
runfiles/python_toolchain_aarch64-apple-darwin/lib/python3.9/multiprocessing/resource_sharer.py
runfiles/python_toolchain_aarch64-apple-darwin/lib/python3.9/multiprocessing/resource_tracker.py
runfiles/python_toolchain_aarch64-apple-darwin/lib/python3.9/multiprocessing/shared_memory.py
runfiles/python_toolchain_aarch64-apple-darwin/lib/python3.9/multiprocessing/sharedctypes.py
runfiles/python_toolchain_aarch64-apple-darwin/lib/python3.9/multiprocessing/spawn.py
runfiles/python_toolchain_aarch64-apple-darwin/lib/python3.9/multiprocessing/synchronize.py
runfiles/python_toolchain_aarch64-apple-darwin/lib/python3.9/multiprocessing/util.py
runfiles/python_toolchain_aarch64-apple-darwin/lib/python3.9/netrc.py
runfiles/python_toolchain_aarch64-apple-darwin/lib/python3.9/nntplib.py
runfiles/python_toolchain_aarch64-apple-darwin/lib/python3.9/ntpath.py
runfiles/python_toolchain_aarch64-apple-darwin/lib/python3.9/nturl2path.py
runfiles/python_toolchain_aarch64-apple-darwin/lib/python3.9/numbers.py
runfiles/python_toolchain_aarch64-apple-darwin/lib/python3.9/opcode.py
runfiles/python_toolchain_aarch64-apple-darwin/lib/python3.9/operator.py
runfiles/python_toolchain_aarch64-apple-darwin/lib/python3.9/optparse.py
runfiles/python_toolchain_aarch64-apple-darwin/lib/python3.9/os.py
runfiles/python_toolchain_aarch64-apple-darwin/lib/python3.9/pathlib.py
runfiles/python_toolchain_aarch64-apple-darwin/lib/python3.9/pdb.py
runfiles/python_toolchain_aarch64-apple-darwin/lib/python3.9/pickle.py
runfiles/python_toolchain_aarch64-apple-darwin/lib/python3.9/pickletools.py
runfiles/python_toolchain_aarch64-apple-darwin/lib/python3.9/pipes.py
runfiles/python_toolchain_aarch64-apple-darwin/lib/python3.9/pkgutil.py
runfiles/python_toolchain_aarch64-apple-darwin/lib/python3.9/platform.py
runfiles/python_toolchain_aarch64-apple-darwin/lib/python3.9/plistlib.py
runfiles/python_toolchain_aarch64-apple-darwin/lib/python3.9/poplib.py
runfiles/python_toolchain_aarch64-apple-darwin/lib/python3.9/posixpath.py
runfiles/python_toolchain_aarch64-apple-darwin/lib/python3.9/pprint.py
runfiles/python_toolchain_aarch64-apple-darwin/lib/python3.9/profile.py
runfiles/python_toolchain_aarch64-apple-darwin/lib/python3.9/pstats.py
runfiles/python_toolchain_aarch64-apple-darwin/lib/python3.9/pty.py
runfiles/python_toolchain_aarch64-apple-darwin/lib/python3.9/py_compile.py
runfiles/python_toolchain_aarch64-apple-darwin/lib/python3.9/pyclbr.py
runfiles/python_toolchain_aarch64-apple-darwin/lib/python3.9/pydoc.py
runfiles/python_toolchain_aarch64-apple-darwin/lib/python3.9/pydoc_data/__init__.py
runfiles/python_toolchain_aarch64-apple-darwin/lib/python3.9/pydoc_data/_pydoc.css
runfiles/python_toolchain_aarch64-apple-darwin/lib/python3.9/pydoc_data/topics.py
runfiles/python_toolchain_aarch64-apple-darwin/lib/python3.9/queue.py
runfiles/python_toolchain_aarch64-apple-darwin/lib/python3.9/quopri.py
runfiles/python_toolchain_aarch64-apple-darwin/lib/python3.9/random.py
runfiles/python_toolchain_aarch64-apple-darwin/lib/python3.9/re.py
runfiles/python_toolchain_aarch64-apple-darwin/lib/python3.9/reprlib.py
runfiles/python_toolchain_aarch64-apple-darwin/lib/python3.9/rlcompleter.py
runfiles/python_toolchain_aarch64-apple-darwin/lib/python3.9/runpy.py
runfiles/python_toolchain_aarch64-apple-darwin/lib/python3.9/sched.py
runfiles/python_toolchain_aarch64-apple-darwin/lib/python3.9/secrets.py
runfiles/python_toolchain_aarch64-apple-darwin/lib/python3.9/selectors.py
runfiles/python_toolchain_aarch64-apple-darwin/lib/python3.9/shelve.py
runfiles/python_toolchain_aarch64-apple-darwin/lib/python3.9/shlex.py
runfiles/python_toolchain_aarch64-apple-darwin/lib/python3.9/shutil.py
runfiles/python_toolchain_aarch64-apple-darwin/lib/python3.9/signal.py
runfiles/python_toolchain_aarch64-apple-darwin/lib/python3.9/site-packages/README.txt
runfiles/python_toolchain_aarch64-apple-darwin/lib/python3.9/site-packages/_distutils_hack/__init__.py
runfiles/python_toolchain_aarch64-apple-darwin/lib/python3.9/site-packages/_distutils_hack/__pycache__/__init__.cpython-39.pyc
runfiles/python_toolchain_aarch64-apple-darwin/lib/python3.9/site-packages/_distutils_hack/override.py
runfiles/python_toolchain_aarch64-apple-darwin/lib/python3.9/site-packages/distutils-precedence.pth
runfiles/python_toolchain_aarch64-apple-darwin/lib/python3.9/site-packages/pip-23.2.1.dist-info/AUTHORS.txt
runfiles/python_toolchain_aarch64-apple-darwin/lib/python3.9/site-packages/pip-23.2.1.dist-info/INSTALLER
runfiles/python_toolchain_aarch64-apple-darwin/lib/python3.9/site-packages/pip-23.2.1.dist-info/LICENSE.txt
runfiles/python_toolchain_aarch64-apple-darwin/lib/python3.9/site-packages/pip-23.2.1.dist-info/METADATA
runfiles/python_toolchain_aarch64-apple-darwin/lib/python3.9/site-packages/pip-23.2.1.dist-info/RECORD
runfiles/python_toolchain_aarch64-apple-darwin/lib/python3.9/site-packages/pip-23.2.1.dist-info/REQUESTED
runfiles/python_toolchain_aarch64-apple-darwin/lib/python3.9/site-packages/pip-23.2.1.dist-info/WHEEL
runfiles/python_toolchain_aarch64-apple-darwin/lib/python3.9/site-packages/pip-23.2.1.dist-info/direct_url.json
runfiles/python_toolchain_aarch64-apple-darwin/lib/python3.9/site-packages/pip-23.2.1.dist-info/entry_points.txt
runfiles/python_toolchain_aarch64-apple-darwin/lib/python3.9/site-packages/pip-23.2.1.dist-info/top_level.txt
runfiles/python_toolchain_aarch64-apple-darwin/lib/python3.9/site-packages/pip/__init__.py
runfiles/python_toolchain_aarch64-apple-darwin/lib/python3.9/site-packages/pip/__main__.py
runfiles/python_toolchain_aarch64-apple-darwin/lib/python3.9/site-packages/pip/__pip-runner__.py
runfiles/python_toolchain_aarch64-apple-darwin/lib/python3.9/site-packages/pip/_internal/__init__.py
runfiles/python_toolchain_aarch64-apple-darwin/lib/python3.9/site-packages/pip/_internal/build_env.py
runfiles/python_toolchain_aarch64-apple-darwin/lib/python3.9/site-packages/pip/_internal/cache.py
runfiles/python_toolchain_aarch64-apple-darwin/lib/python3.9/site-packages/pip/_internal/cli/__init__.py
runfiles/python_toolchain_aarch64-apple-darwin/lib/python3.9/site-packages/pip/_internal/cli/autocompletion.py
runfiles/python_toolchain_aarch64-apple-darwin/lib/python3.9/site-packages/pip/_internal/cli/base_command.py
runfiles/python_toolchain_aarch64-apple-darwin/lib/python3.9/site-packages/pip/_internal/cli/cmdoptions.py
runfiles/python_toolchain_aarch64-apple-darwin/lib/python3.9/site-packages/pip/_internal/cli/command_context.py
runfiles/python_toolchain_aarch64-apple-darwin/lib/python3.9/site-packages/pip/_internal/cli/main.py
runfiles/python_toolchain_aarch64-apple-darwin/lib/python3.9/site-packages/pip/_internal/cli/main_parser.py
runfiles/python_toolchain_aarch64-apple-darwin/lib/python3.9/site-packages/pip/_internal/cli/parser.py
runfiles/python_toolchain_aarch64-apple-darwin/lib/python3.9/site-packages/pip/_internal/cli/progress_bars.py
runfiles/python_toolchain_aarch64-apple-darwin/lib/python3.9/site-packages/pip/_internal/cli/req_command.py
runfiles/python_toolchain_aarch64-apple-darwin/lib/python3.9/site-packages/pip/_internal/cli/spinners.py
runfiles/python_toolchain_aarch64-apple-darwin/lib/python3.9/site-packages/pip/_internal/cli/status_codes.py
runfiles/python_toolchain_aarch64-apple-darwin/lib/python3.9/site-packages/pip/_internal/commands/__init__.py
runfiles/python_toolchain_aarch64-apple-darwin/lib/python3.9/site-packages/pip/_internal/commands/cache.py
runfiles/python_toolchain_aarch64-apple-darwin/lib/python3.9/site-packages/pip/_internal/commands/check.py
runfiles/python_toolchain_aarch64-apple-darwin/lib/python3.9/site-packages/pip/_internal/commands/completion.py
runfiles/python_toolchain_aarch64-apple-darwin/lib/python3.9/site-packages/pip/_internal/commands/configuration.py
runfiles/python_toolchain_aarch64-apple-darwin/lib/python3.9/site-packages/pip/_internal/commands/debug.py
runfiles/python_toolchain_aarch64-apple-darwin/lib/python3.9/site-packages/pip/_internal/commands/download.py
runfiles/python_toolchain_aarch64-apple-darwin/lib/python3.9/site-packages/pip/_internal/commands/freeze.py
runfiles/python_toolchain_aarch64-apple-darwin/lib/python3.9/site-packages/pip/_internal/commands/hash.py
runfiles/python_toolchain_aarch64-apple-darwin/lib/python3.9/site-packages/pip/_internal/commands/help.py
runfiles/python_toolchain_aarch64-apple-darwin/lib/python3.9/site-packages/pip/_internal/commands/index.py
runfiles/python_toolchain_aarch64-apple-darwin/lib/python3.9/site-packages/pip/_internal/commands/inspect.py
runfiles/python_toolchain_aarch64-apple-darwin/lib/python3.9/site-packages/pip/_internal/commands/install.py
runfiles/python_toolchain_aarch64-apple-darwin/lib/python3.9/site-packages/pip/_internal/commands/list.py
runfiles/python_toolchain_aarch64-apple-darwin/lib/python3.9/site-packages/pip/_internal/commands/search.py
runfiles/python_toolchain_aarch64-apple-darwin/lib/python3.9/site-packages/pip/_internal/commands/show.py
runfiles/python_toolchain_aarch64-apple-darwin/lib/python3.9/site-packages/pip/_internal/commands/uninstall.py
runfiles/python_toolchain_aarch64-apple-darwin/lib/python3.9/site-packages/pip/_internal/commands/wheel.py
runfiles/python_toolchain_aarch64-apple-darwin/lib/python3.9/site-packages/pip/_internal/configuration.py
runfiles/python_toolchain_aarch64-apple-darwin/lib/python3.9/site-packages/pip/_internal/distributions/__init__.py
runfiles/python_toolchain_aarch64-apple-darwin/lib/python3.9/site-packages/pip/_internal/distributions/base.py
runfiles/python_toolchain_aarch64-apple-darwin/lib/python3.9/site-packages/pip/_internal/distributions/installed.py
runfiles/python_toolchain_aarch64-apple-darwin/lib/python3.9/site-packages/pip/_internal/distributions/sdist.py
runfiles/python_toolchain_aarch64-apple-darwin/lib/python3.9/site-packages/pip/_internal/distributions/wheel.py
runfiles/python_toolchain_aarch64-apple-darwin/lib/python3.9/site-packages/pip/_internal/exceptions.py
runfiles/python_toolchain_aarch64-apple-darwin/lib/python3.9/site-packages/pip/_internal/index/__init__.py
runfiles/python_toolchain_aarch64-apple-darwin/lib/python3.9/site-packages/pip/_internal/index/collector.py
runfiles/python_toolchain_aarch64-apple-darwin/lib/python3.9/site-packages/pip/_internal/index/package_finder.py
runfiles/python_toolchain_aarch64-apple-darwin/lib/python3.9/site-packages/pip/_internal/index/sources.py
runfiles/python_toolchain_aarch64-apple-darwin/lib/python3.9/site-packages/pip/_internal/locations/__init__.py
runfiles/python_toolchain_aarch64-apple-darwin/lib/python3.9/site-packages/pip/_internal/locations/_distutils.py
runfiles/python_toolchain_aarch64-apple-darwin/lib/python3.9/site-packages/pip/_internal/locations/_sysconfig.py
runfiles/python_toolchain_aarch64-apple-darwin/lib/python3.9/site-packages/pip/_internal/locations/base.py
runfiles/python_toolchain_aarch64-apple-darwin/lib/python3.9/site-packages/pip/_internal/main.py
runfiles/python_toolchain_aarch64-apple-darwin/lib/python3.9/site-packages/pip/_internal/metadata/__init__.py
runfiles/python_toolchain_aarch64-apple-darwin/lib/python3.9/site-packages/pip/_internal/metadata/_json.py
runfiles/python_toolchain_aarch64-apple-darwin/lib/python3.9/site-packages/pip/_internal/metadata/base.py
runfiles/python_toolchain_aarch64-apple-darwin/lib/python3.9/site-packages/pip/_internal/metadata/importlib/__init__.py
runfiles/python_toolchain_aarch64-apple-darwin/lib/python3.9/site-packages/pip/_internal/metadata/importlib/_compat.py
runfiles/python_toolchain_aarch64-apple-darwin/lib/python3.9/site-packages/pip/_internal/metadata/importlib/_dists.py
runfiles/python_toolchain_aarch64-apple-darwin/lib/python3.9/site-packages/pip/_internal/metadata/importlib/_envs.py
runfiles/python_toolchain_aarch64-apple-darwin/lib/python3.9/site-packages/pip/_internal/metadata/pkg_resources.py
runfiles/python_toolchain_aarch64-apple-darwin/lib/python3.9/site-packages/pip/_internal/models/__init__.py
runfiles/python_toolchain_aarch64-apple-darwin/lib/python3.9/site-packages/pip/_internal/models/candidate.py
runfiles/python_toolchain_aarch64-apple-darwin/lib/python3.9/site-packages/pip/_internal/models/direct_url.py
runfiles/python_toolchain_aarch64-apple-darwin/lib/python3.9/site-packages/pip/_internal/models/format_control.py
runfiles/python_toolchain_aarch64-apple-darwin/lib/python3.9/site-packages/pip/_internal/models/index.py
runfiles/python_toolchain_aarch64-apple-darwin/lib/python3.9/site-packages/pip/_internal/models/installation_report.py
runfiles/python_toolchain_aarch64-apple-darwin/lib/python3.9/site-packages/pip/_internal/models/link.py
runfiles/python_toolchain_aarch64-apple-darwin/lib/python3.9/site-packages/pip/_internal/models/scheme.py
runfiles/python_toolchain_aarch64-apple-darwin/lib/python3.9/site-packages/pip/_internal/models/search_scope.py
runfiles/python_toolchain_aarch64-apple-darwin/lib/python3.9/site-packages/pip/_internal/models/selection_prefs.py
runfiles/python_toolchain_aarch64-apple-darwin/lib/python3.9/site-packages/pip/_internal/models/target_python.py
runfiles/python_toolchain_aarch64-apple-darwin/lib/python3.9/site-packages/pip/_internal/models/wheel.py
runfiles/python_toolchain_aarch64-apple-darwin/lib/python3.9/site-packages/pip/_internal/network/__init__.py
runfiles/python_toolchain_aarch64-apple-darwin/lib/python3.9/site-packages/pip/_internal/network/auth.py
runfiles/python_toolchain_aarch64-apple-darwin/lib/python3.9/site-packages/pip/_internal/network/cache.py
runfiles/python_toolchain_aarch64-apple-darwin/lib/python3.9/site-packages/pip/_internal/network/download.py
runfiles/python_toolchain_aarch64-apple-darwin/lib/python3.9/site-packages/pip/_internal/network/lazy_wheel.py
runfiles/python_toolchain_aarch64-apple-darwin/lib/python3.9/site-packages/pip/_internal/network/session.py
runfiles/python_toolchain_aarch64-apple-darwin/lib/python3.9/site-packages/pip/_internal/network/utils.py
runfiles/python_toolchain_aarch64-apple-darwin/lib/python3.9/site-packages/pip/_internal/network/xmlrpc.py
runfiles/python_toolchain_aarch64-apple-darwin/lib/python3.9/site-packages/pip/_internal/operations/__init__.py
runfiles/python_toolchain_aarch64-apple-darwin/lib/python3.9/site-packages/pip/_internal/operations/build/__init__.py
runfiles/python_toolchain_aarch64-apple-darwin/lib/python3.9/site-packages/pip/_internal/operations/build/build_tracker.py
runfiles/python_toolchain_aarch64-apple-darwin/lib/python3.9/site-packages/pip/_internal/operations/build/metadata.py
runfiles/python_toolchain_aarch64-apple-darwin/lib/python3.9/site-packages/pip/_internal/operations/build/metadata_editable.py
runfiles/python_toolchain_aarch64-apple-darwin/lib/python3.9/site-packages/pip/_internal/operations/build/metadata_legacy.py
runfiles/python_toolchain_aarch64-apple-darwin/lib/python3.9/site-packages/pip/_internal/operations/build/wheel.py
runfiles/python_toolchain_aarch64-apple-darwin/lib/python3.9/site-packages/pip/_internal/operations/build/wheel_editable.py
runfiles/python_toolchain_aarch64-apple-darwin/lib/python3.9/site-packages/pip/_internal/operations/build/wheel_legacy.py
runfiles/python_toolchain_aarch64-apple-darwin/lib/python3.9/site-packages/pip/_internal/operations/check.py
runfiles/python_toolchain_aarch64-apple-darwin/lib/python3.9/site-packages/pip/_internal/operations/freeze.py
runfiles/python_toolchain_aarch64-apple-darwin/lib/python3.9/site-packages/pip/_internal/operations/install/__init__.py
runfiles/python_toolchain_aarch64-apple-darwin/lib/python3.9/site-packages/pip/_internal/operations/install/editable_legacy.py
runfiles/python_toolchain_aarch64-apple-darwin/lib/python3.9/site-packages/pip/_internal/operations/install/wheel.py
runfiles/python_toolchain_aarch64-apple-darwin/lib/python3.9/site-packages/pip/_internal/operations/prepare.py
runfiles/python_toolchain_aarch64-apple-darwin/lib/python3.9/site-packages/pip/_internal/pyproject.py
runfiles/python_toolchain_aarch64-apple-darwin/lib/python3.9/site-packages/pip/_internal/req/__init__.py
runfiles/python_toolchain_aarch64-apple-darwin/lib/python3.9/site-packages/pip/_internal/req/constructors.py
runfiles/python_toolchain_aarch64-apple-darwin/lib/python3.9/site-packages/pip/_internal/req/req_file.py
runfiles/python_toolchain_aarch64-apple-darwin/lib/python3.9/site-packages/pip/_internal/req/req_install.py
runfiles/python_toolchain_aarch64-apple-darwin/lib/python3.9/site-packages/pip/_internal/req/req_set.py
runfiles/python_toolchain_aarch64-apple-darwin/lib/python3.9/site-packages/pip/_internal/req/req_uninstall.py
runfiles/python_toolchain_aarch64-apple-darwin/lib/python3.9/site-packages/pip/_internal/resolution/__init__.py
runfiles/python_toolchain_aarch64-apple-darwin/lib/python3.9/site-packages/pip/_internal/resolution/base.py
runfiles/python_toolchain_aarch64-apple-darwin/lib/python3.9/site-packages/pip/_internal/resolution/legacy/__init__.py
runfiles/python_toolchain_aarch64-apple-darwin/lib/python3.9/site-packages/pip/_internal/resolution/legacy/resolver.py
runfiles/python_toolchain_aarch64-apple-darwin/lib/python3.9/site-packages/pip/_internal/resolution/resolvelib/__init__.py
runfiles/python_toolchain_aarch64-apple-darwin/lib/python3.9/site-packages/pip/_internal/resolution/resolvelib/base.py
runfiles/python_toolchain_aarch64-apple-darwin/lib/python3.9/site-packages/pip/_internal/resolution/resolvelib/candidates.py
runfiles/python_toolchain_aarch64-apple-darwin/lib/python3.9/site-packages/pip/_internal/resolution/resolvelib/factory.py
runfiles/python_toolchain_aarch64-apple-darwin/lib/python3.9/site-packages/pip/_internal/resolution/resolvelib/found_candidates.py
runfiles/python_toolchain_aarch64-apple-darwin/lib/python3.9/site-packages/pip/_internal/resolution/resolvelib/provider.py
runfiles/python_toolchain_aarch64-apple-darwin/lib/python3.9/site-packages/pip/_internal/resolution/resolvelib/reporter.py
runfiles/python_toolchain_aarch64-apple-darwin/lib/python3.9/site-packages/pip/_internal/resolution/resolvelib/requirements.py
runfiles/python_toolchain_aarch64-apple-darwin/lib/python3.9/site-packages/pip/_internal/resolution/resolvelib/resolver.py
runfiles/python_toolchain_aarch64-apple-darwin/lib/python3.9/site-packages/pip/_internal/self_outdated_check.py
runfiles/python_toolchain_aarch64-apple-darwin/lib/python3.9/site-packages/pip/_internal/utils/__init__.py
runfiles/python_toolchain_aarch64-apple-darwin/lib/python3.9/site-packages/pip/_internal/utils/_jaraco_text.py
runfiles/python_toolchain_aarch64-apple-darwin/lib/python3.9/site-packages/pip/_internal/utils/_log.py
runfiles/python_toolchain_aarch64-apple-darwin/lib/python3.9/site-packages/pip/_internal/utils/appdirs.py
runfiles/python_toolchain_aarch64-apple-darwin/lib/python3.9/site-packages/pip/_internal/utils/compat.py
runfiles/python_toolchain_aarch64-apple-darwin/lib/python3.9/site-packages/pip/_internal/utils/compatibility_tags.py
runfiles/python_toolchain_aarch64-apple-darwin/lib/python3.9/site-packages/pip/_internal/utils/datetime.py
runfiles/python_toolchain_aarch64-apple-darwin/lib/python3.9/site-packages/pip/_internal/utils/deprecation.py
runfiles/python_toolchain_aarch64-apple-darwin/lib/python3.9/site-packages/pip/_internal/utils/direct_url_helpers.py
runfiles/python_toolchain_aarch64-apple-darwin/lib/python3.9/site-packages/pip/_internal/utils/egg_link.py
runfiles/python_toolchain_aarch64-apple-darwin/lib/python3.9/site-packages/pip/_internal/utils/encoding.py
runfiles/python_toolchain_aarch64-apple-darwin/lib/python3.9/site-packages/pip/_internal/utils/entrypoints.py
runfiles/python_toolchain_aarch64-apple-darwin/lib/python3.9/site-packages/pip/_internal/utils/filesystem.py
runfiles/python_toolchain_aarch64-apple-darwin/lib/python3.9/site-packages/pip/_internal/utils/filetypes.py
runfiles/python_toolchain_aarch64-apple-darwin/lib/python3.9/site-packages/pip/_internal/utils/glibc.py
runfiles/python_toolchain_aarch64-apple-darwin/lib/python3.9/site-packages/pip/_internal/utils/glibc.py.orig
runfiles/python_toolchain_aarch64-apple-darwin/lib/python3.9/site-packages/pip/_internal/utils/hashes.py
runfiles/python_toolchain_aarch64-apple-darwin/lib/python3.9/site-packages/pip/_internal/utils/inject_securetransport.py
runfiles/python_toolchain_aarch64-apple-darwin/lib/python3.9/site-packages/pip/_internal/utils/logging.py
runfiles/python_toolchain_aarch64-apple-darwin/lib/python3.9/site-packages/pip/_internal/utils/misc.py
runfiles/python_toolchain_aarch64-apple-darwin/lib/python3.9/site-packages/pip/_internal/utils/models.py
runfiles/python_toolchain_aarch64-apple-darwin/lib/python3.9/site-packages/pip/_internal/utils/packaging.py
runfiles/python_toolchain_aarch64-apple-darwin/lib/python3.9/site-packages/pip/_internal/utils/setuptools_build.py
runfiles/python_toolchain_aarch64-apple-darwin/lib/python3.9/site-packages/pip/_internal/utils/subprocess.py
runfiles/python_toolchain_aarch64-apple-darwin/lib/python3.9/site-packages/pip/_internal/utils/temp_dir.py
runfiles/python_toolchain_aarch64-apple-darwin/lib/python3.9/site-packages/pip/_internal/utils/unpacking.py
runfiles/python_toolchain_aarch64-apple-darwin/lib/python3.9/site-packages/pip/_internal/utils/urls.py
runfiles/python_toolchain_aarch64-apple-darwin/lib/python3.9/site-packages/pip/_internal/utils/virtualenv.py
runfiles/python_toolchain_aarch64-apple-darwin/lib/python3.9/site-packages/pip/_internal/utils/wheel.py
runfiles/python_toolchain_aarch64-apple-darwin/lib/python3.9/site-packages/pip/_internal/vcs/__init__.py
runfiles/python_toolchain_aarch64-apple-darwin/lib/python3.9/site-packages/pip/_internal/vcs/bazaar.py
runfiles/python_toolchain_aarch64-apple-darwin/lib/python3.9/site-packages/pip/_internal/vcs/git.py
runfiles/python_toolchain_aarch64-apple-darwin/lib/python3.9/site-packages/pip/_internal/vcs/mercurial.py
runfiles/python_toolchain_aarch64-apple-darwin/lib/python3.9/site-packages/pip/_internal/vcs/subversion.py
runfiles/python_toolchain_aarch64-apple-darwin/lib/python3.9/site-packages/pip/_internal/vcs/versioncontrol.py
runfiles/python_toolchain_aarch64-apple-darwin/lib/python3.9/site-packages/pip/_internal/wheel_builder.py
runfiles/python_toolchain_aarch64-apple-darwin/lib/python3.9/site-packages/pip/_vendor/__init__.py
runfiles/python_toolchain_aarch64-apple-darwin/lib/python3.9/site-packages/pip/_vendor/cachecontrol/__init__.py
runfiles/python_toolchain_aarch64-apple-darwin/lib/python3.9/site-packages/pip/_vendor/cachecontrol/_cmd.py
runfiles/python_toolchain_aarch64-apple-darwin/lib/python3.9/site-packages/pip/_vendor/cachecontrol/adapter.py
runfiles/python_toolchain_aarch64-apple-darwin/lib/python3.9/site-packages/pip/_vendor/cachecontrol/cache.py
runfiles/python_toolchain_aarch64-apple-darwin/lib/python3.9/site-packages/pip/_vendor/cachecontrol/caches/__init__.py
runfiles/python_toolchain_aarch64-apple-darwin/lib/python3.9/site-packages/pip/_vendor/cachecontrol/caches/file_cache.py
runfiles/python_toolchain_aarch64-apple-darwin/lib/python3.9/site-packages/pip/_vendor/cachecontrol/caches/redis_cache.py
runfiles/python_toolchain_aarch64-apple-darwin/lib/python3.9/site-packages/pip/_vendor/cachecontrol/compat.py
runfiles/python_toolchain_aarch64-apple-darwin/lib/python3.9/site-packages/pip/_vendor/cachecontrol/controller.py
runfiles/python_toolchain_aarch64-apple-darwin/lib/python3.9/site-packages/pip/_vendor/cachecontrol/filewrapper.py
runfiles/python_toolchain_aarch64-apple-darwin/lib/python3.9/site-packages/pip/_vendor/cachecontrol/heuristics.py
runfiles/python_toolchain_aarch64-apple-darwin/lib/python3.9/site-packages/pip/_vendor/cachecontrol/serialize.py
runfiles/python_toolchain_aarch64-apple-darwin/lib/python3.9/site-packages/pip/_vendor/cachecontrol/wrapper.py
runfiles/python_toolchain_aarch64-apple-darwin/lib/python3.9/site-packages/pip/_vendor/certifi/__init__.py
runfiles/python_toolchain_aarch64-apple-darwin/lib/python3.9/site-packages/pip/_vendor/certifi/__main__.py
runfiles/python_toolchain_aarch64-apple-darwin/lib/python3.9/site-packages/pip/_vendor/certifi/cacert.pem
runfiles/python_toolchain_aarch64-apple-darwin/lib/python3.9/site-packages/pip/_vendor/certifi/core.py
runfiles/python_toolchain_aarch64-apple-darwin/lib/python3.9/site-packages/pip/_vendor/chardet/__init__.py
runfiles/python_toolchain_aarch64-apple-darwin/lib/python3.9/site-packages/pip/_vendor/chardet/big5freq.py
runfiles/python_toolchain_aarch64-apple-darwin/lib/python3.9/site-packages/pip/_vendor/chardet/big5prober.py
runfiles/python_toolchain_aarch64-apple-darwin/lib/python3.9/site-packages/pip/_vendor/chardet/chardistribution.py
runfiles/python_toolchain_aarch64-apple-darwin/lib/python3.9/site-packages/pip/_vendor/chardet/charsetgroupprober.py
runfiles/python_toolchain_aarch64-apple-darwin/lib/python3.9/site-packages/pip/_vendor/chardet/charsetprober.py
runfiles/python_toolchain_aarch64-apple-darwin/lib/python3.9/site-packages/pip/_vendor/chardet/cli/__init__.py
runfiles/python_toolchain_aarch64-apple-darwin/lib/python3.9/site-packages/pip/_vendor/chardet/cli/chardetect.py
runfiles/python_toolchain_aarch64-apple-darwin/lib/python3.9/site-packages/pip/_vendor/chardet/codingstatemachine.py
runfiles/python_toolchain_aarch64-apple-darwin/lib/python3.9/site-packages/pip/_vendor/chardet/codingstatemachinedict.py
runfiles/python_toolchain_aarch64-apple-darwin/lib/python3.9/site-packages/pip/_vendor/chardet/cp949prober.py
runfiles/python_toolchain_aarch64-apple-darwin/lib/python3.9/site-packages/pip/_vendor/chardet/enums.py
runfiles/python_toolchain_aarch64-apple-darwin/lib/python3.9/site-packages/pip/_vendor/chardet/escprober.py
runfiles/python_toolchain_aarch64-apple-darwin/lib/python3.9/site-packages/pip/_vendor/chardet/escsm.py
runfiles/python_toolchain_aarch64-apple-darwin/lib/python3.9/site-packages/pip/_vendor/chardet/eucjpprober.py
runfiles/python_toolchain_aarch64-apple-darwin/lib/python3.9/site-packages/pip/_vendor/chardet/euckrfreq.py
runfiles/python_toolchain_aarch64-apple-darwin/lib/python3.9/site-packages/pip/_vendor/chardet/euckrprober.py
runfiles/python_toolchain_aarch64-apple-darwin/lib/python3.9/site-packages/pip/_vendor/chardet/euctwfreq.py
runfiles/python_toolchain_aarch64-apple-darwin/lib/python3.9/site-packages/pip/_vendor/chardet/euctwprober.py
runfiles/python_toolchain_aarch64-apple-darwin/lib/python3.9/site-packages/pip/_vendor/chardet/gb2312freq.py
runfiles/python_toolchain_aarch64-apple-darwin/lib/python3.9/site-packages/pip/_vendor/chardet/gb2312prober.py
runfiles/python_toolchain_aarch64-apple-darwin/lib/python3.9/site-packages/pip/_vendor/chardet/hebrewprober.py
runfiles/python_toolchain_aarch64-apple-darwin/lib/python3.9/site-packages/pip/_vendor/chardet/jisfreq.py
runfiles/python_toolchain_aarch64-apple-darwin/lib/python3.9/site-packages/pip/_vendor/chardet/johabfreq.py
runfiles/python_toolchain_aarch64-apple-darwin/lib/python3.9/site-packages/pip/_vendor/chardet/johabprober.py
runfiles/python_toolchain_aarch64-apple-darwin/lib/python3.9/site-packages/pip/_vendor/chardet/jpcntx.py
runfiles/python_toolchain_aarch64-apple-darwin/lib/python3.9/site-packages/pip/_vendor/chardet/langbulgarianmodel.py
runfiles/python_toolchain_aarch64-apple-darwin/lib/python3.9/site-packages/pip/_vendor/chardet/langgreekmodel.py
runfiles/python_toolchain_aarch64-apple-darwin/lib/python3.9/site-packages/pip/_vendor/chardet/langhebrewmodel.py
runfiles/python_toolchain_aarch64-apple-darwin/lib/python3.9/site-packages/pip/_vendor/chardet/langhungarianmodel.py
runfiles/python_toolchain_aarch64-apple-darwin/lib/python3.9/site-packages/pip/_vendor/chardet/langrussianmodel.py
runfiles/python_toolchain_aarch64-apple-darwin/lib/python3.9/site-packages/pip/_vendor/chardet/langthaimodel.py
runfiles/python_toolchain_aarch64-apple-darwin/lib/python3.9/site-packages/pip/_vendor/chardet/langturkishmodel.py
runfiles/python_toolchain_aarch64-apple-darwin/lib/python3.9/site-packages/pip/_vendor/chardet/latin1prober.py
runfiles/python_toolchain_aarch64-apple-darwin/lib/python3.9/site-packages/pip/_vendor/chardet/macromanprober.py
runfiles/python_toolchain_aarch64-apple-darwin/lib/python3.9/site-packages/pip/_vendor/chardet/mbcharsetprober.py
runfiles/python_toolchain_aarch64-apple-darwin/lib/python3.9/site-packages/pip/_vendor/chardet/mbcsgroupprober.py
runfiles/python_toolchain_aarch64-apple-darwin/lib/python3.9/site-packages/pip/_vendor/chardet/mbcssm.py
runfiles/python_toolchain_aarch64-apple-darwin/lib/python3.9/site-packages/pip/_vendor/chardet/metadata/__init__.py
runfiles/python_toolchain_aarch64-apple-darwin/lib/python3.9/site-packages/pip/_vendor/chardet/metadata/languages.py
runfiles/python_toolchain_aarch64-apple-darwin/lib/python3.9/site-packages/pip/_vendor/chardet/resultdict.py
runfiles/python_toolchain_aarch64-apple-darwin/lib/python3.9/site-packages/pip/_vendor/chardet/sbcharsetprober.py
runfiles/python_toolchain_aarch64-apple-darwin/lib/python3.9/site-packages/pip/_vendor/chardet/sbcsgroupprober.py
runfiles/python_toolchain_aarch64-apple-darwin/lib/python3.9/site-packages/pip/_vendor/chardet/sjisprober.py
runfiles/python_toolchain_aarch64-apple-darwin/lib/python3.9/site-packages/pip/_vendor/chardet/universaldetector.py
runfiles/python_toolchain_aarch64-apple-darwin/lib/python3.9/site-packages/pip/_vendor/chardet/utf1632prober.py
runfiles/python_toolchain_aarch64-apple-darwin/lib/python3.9/site-packages/pip/_vendor/chardet/utf8prober.py
runfiles/python_toolchain_aarch64-apple-darwin/lib/python3.9/site-packages/pip/_vendor/chardet/version.py
runfiles/python_toolchain_aarch64-apple-darwin/lib/python3.9/site-packages/pip/_vendor/colorama/__init__.py
runfiles/python_toolchain_aarch64-apple-darwin/lib/python3.9/site-packages/pip/_vendor/colorama/ansi.py
runfiles/python_toolchain_aarch64-apple-darwin/lib/python3.9/site-packages/pip/_vendor/colorama/ansitowin32.py
runfiles/python_toolchain_aarch64-apple-darwin/lib/python3.9/site-packages/pip/_vendor/colorama/initialise.py
runfiles/python_toolchain_aarch64-apple-darwin/lib/python3.9/site-packages/pip/_vendor/colorama/win32.py
runfiles/python_toolchain_aarch64-apple-darwin/lib/python3.9/site-packages/pip/_vendor/colorama/winterm.py
runfiles/python_toolchain_aarch64-apple-darwin/lib/python3.9/site-packages/pip/_vendor/distlib/__init__.py
runfiles/python_toolchain_aarch64-apple-darwin/lib/python3.9/site-packages/pip/_vendor/distlib/compat.py
runfiles/python_toolchain_aarch64-apple-darwin/lib/python3.9/site-packages/pip/_vendor/distlib/database.py
runfiles/python_toolchain_aarch64-apple-darwin/lib/python3.9/site-packages/pip/_vendor/distlib/index.py
runfiles/python_toolchain_aarch64-apple-darwin/lib/python3.9/site-packages/pip/_vendor/distlib/locators.py
runfiles/python_toolchain_aarch64-apple-darwin/lib/python3.9/site-packages/pip/_vendor/distlib/manifest.py
runfiles/python_toolchain_aarch64-apple-darwin/lib/python3.9/site-packages/pip/_vendor/distlib/markers.py
runfiles/python_toolchain_aarch64-apple-darwin/lib/python3.9/site-packages/pip/_vendor/distlib/metadata.py
runfiles/python_toolchain_aarch64-apple-darwin/lib/python3.9/site-packages/pip/_vendor/distlib/resources.py
runfiles/python_toolchain_aarch64-apple-darwin/lib/python3.9/site-packages/pip/_vendor/distlib/scripts.py
runfiles/python_toolchain_aarch64-apple-darwin/lib/python3.9/site-packages/pip/_vendor/distlib/t32.exe
runfiles/python_toolchain_aarch64-apple-darwin/lib/python3.9/site-packages/pip/_vendor/distlib/t64-arm.exe
runfiles/python_toolchain_aarch64-apple-darwin/lib/python3.9/site-packages/pip/_vendor/distlib/t64.exe
runfiles/python_toolchain_aarch64-apple-darwin/lib/python3.9/site-packages/pip/_vendor/distlib/util.py
runfiles/python_toolchain_aarch64-apple-darwin/lib/python3.9/site-packages/pip/_vendor/distlib/version.py
runfiles/python_toolchain_aarch64-apple-darwin/lib/python3.9/site-packages/pip/_vendor/distlib/w32.exe
runfiles/python_toolchain_aarch64-apple-darwin/lib/python3.9/site-packages/pip/_vendor/distlib/w64-arm.exe
runfiles/python_toolchain_aarch64-apple-darwin/lib/python3.9/site-packages/pip/_vendor/distlib/w64.exe
runfiles/python_toolchain_aarch64-apple-darwin/lib/python3.9/site-packages/pip/_vendor/distlib/wheel.py
runfiles/python_toolchain_aarch64-apple-darwin/lib/python3.9/site-packages/pip/_vendor/distro/__init__.py
runfiles/python_toolchain_aarch64-apple-darwin/lib/python3.9/site-packages/pip/_vendor/distro/__main__.py
runfiles/python_toolchain_aarch64-apple-darwin/lib/python3.9/site-packages/pip/_vendor/distro/distro.py
runfiles/python_toolchain_aarch64-apple-darwin/lib/python3.9/site-packages/pip/_vendor/idna/__init__.py
runfiles/python_toolchain_aarch64-apple-darwin/lib/python3.9/site-packages/pip/_vendor/idna/codec.py
runfiles/python_toolchain_aarch64-apple-darwin/lib/python3.9/site-packages/pip/_vendor/idna/compat.py
runfiles/python_toolchain_aarch64-apple-darwin/lib/python3.9/site-packages/pip/_vendor/idna/core.py
runfiles/python_toolchain_aarch64-apple-darwin/lib/python3.9/site-packages/pip/_vendor/idna/idnadata.py
runfiles/python_toolchain_aarch64-apple-darwin/lib/python3.9/site-packages/pip/_vendor/idna/intranges.py
runfiles/python_toolchain_aarch64-apple-darwin/lib/python3.9/site-packages/pip/_vendor/idna/package_data.py
runfiles/python_toolchain_aarch64-apple-darwin/lib/python3.9/site-packages/pip/_vendor/idna/uts46data.py
runfiles/python_toolchain_aarch64-apple-darwin/lib/python3.9/site-packages/pip/_vendor/msgpack/__init__.py
runfiles/python_toolchain_aarch64-apple-darwin/lib/python3.9/site-packages/pip/_vendor/msgpack/exceptions.py
runfiles/python_toolchain_aarch64-apple-darwin/lib/python3.9/site-packages/pip/_vendor/msgpack/ext.py
runfiles/python_toolchain_aarch64-apple-darwin/lib/python3.9/site-packages/pip/_vendor/msgpack/fallback.py
runfiles/python_toolchain_aarch64-apple-darwin/lib/python3.9/site-packages/pip/_vendor/packaging/__about__.py
runfiles/python_toolchain_aarch64-apple-darwin/lib/python3.9/site-packages/pip/_vendor/packaging/__init__.py
runfiles/python_toolchain_aarch64-apple-darwin/lib/python3.9/site-packages/pip/_vendor/packaging/_manylinux.py
runfiles/python_toolchain_aarch64-apple-darwin/lib/python3.9/site-packages/pip/_vendor/packaging/_musllinux.py
runfiles/python_toolchain_aarch64-apple-darwin/lib/python3.9/site-packages/pip/_vendor/packaging/_structures.py
runfiles/python_toolchain_aarch64-apple-darwin/lib/python3.9/site-packages/pip/_vendor/packaging/markers.py
runfiles/python_toolchain_aarch64-apple-darwin/lib/python3.9/site-packages/pip/_vendor/packaging/requirements.py
runfiles/python_toolchain_aarch64-apple-darwin/lib/python3.9/site-packages/pip/_vendor/packaging/specifiers.py
runfiles/python_toolchain_aarch64-apple-darwin/lib/python3.9/site-packages/pip/_vendor/packaging/tags.py
runfiles/python_toolchain_aarch64-apple-darwin/lib/python3.9/site-packages/pip/_vendor/packaging/utils.py
runfiles/python_toolchain_aarch64-apple-darwin/lib/python3.9/site-packages/pip/_vendor/packaging/version.py
runfiles/python_toolchain_aarch64-apple-darwin/lib/python3.9/site-packages/pip/_vendor/pkg_resources/__init__.py
runfiles/python_toolchain_aarch64-apple-darwin/lib/python3.9/site-packages/pip/_vendor/platformdirs/__init__.py
runfiles/python_toolchain_aarch64-apple-darwin/lib/python3.9/site-packages/pip/_vendor/platformdirs/__main__.py
runfiles/python_toolchain_aarch64-apple-darwin/lib/python3.9/site-packages/pip/_vendor/platformdirs/android.py
runfiles/python_toolchain_aarch64-apple-darwin/lib/python3.9/site-packages/pip/_vendor/platformdirs/api.py
runfiles/python_toolchain_aarch64-apple-darwin/lib/python3.9/site-packages/pip/_vendor/platformdirs/macos.py
runfiles/python_toolchain_aarch64-apple-darwin/lib/python3.9/site-packages/pip/_vendor/platformdirs/unix.py
runfiles/python_toolchain_aarch64-apple-darwin/lib/python3.9/site-packages/pip/_vendor/platformdirs/version.py
runfiles/python_toolchain_aarch64-apple-darwin/lib/python3.9/site-packages/pip/_vendor/platformdirs/windows.py
runfiles/python_toolchain_aarch64-apple-darwin/lib/python3.9/site-packages/pip/_vendor/pygments/__init__.py
runfiles/python_toolchain_aarch64-apple-darwin/lib/python3.9/site-packages/pip/_vendor/pygments/__main__.py
runfiles/python_toolchain_aarch64-apple-darwin/lib/python3.9/site-packages/pip/_vendor/pygments/cmdline.py
runfiles/python_toolchain_aarch64-apple-darwin/lib/python3.9/site-packages/pip/_vendor/pygments/console.py
runfiles/python_toolchain_aarch64-apple-darwin/lib/python3.9/site-packages/pip/_vendor/pygments/filter.py
runfiles/python_toolchain_aarch64-apple-darwin/lib/python3.9/site-packages/pip/_vendor/pygments/filters/__init__.py
runfiles/python_toolchain_aarch64-apple-darwin/lib/python3.9/site-packages/pip/_vendor/pygments/formatter.py
runfiles/python_toolchain_aarch64-apple-darwin/lib/python3.9/site-packages/pip/_vendor/pygments/formatters/__init__.py
runfiles/python_toolchain_aarch64-apple-darwin/lib/python3.9/site-packages/pip/_vendor/pygments/formatters/_mapping.py
runfiles/python_toolchain_aarch64-apple-darwin/lib/python3.9/site-packages/pip/_vendor/pygments/formatters/bbcode.py
runfiles/python_toolchain_aarch64-apple-darwin/lib/python3.9/site-packages/pip/_vendor/pygments/formatters/groff.py
runfiles/python_toolchain_aarch64-apple-darwin/lib/python3.9/site-packages/pip/_vendor/pygments/formatters/html.py
runfiles/python_toolchain_aarch64-apple-darwin/lib/python3.9/site-packages/pip/_vendor/pygments/formatters/img.py
runfiles/python_toolchain_aarch64-apple-darwin/lib/python3.9/site-packages/pip/_vendor/pygments/formatters/irc.py
runfiles/python_toolchain_aarch64-apple-darwin/lib/python3.9/site-packages/pip/_vendor/pygments/formatters/latex.py
runfiles/python_toolchain_aarch64-apple-darwin/lib/python3.9/site-packages/pip/_vendor/pygments/formatters/other.py
runfiles/python_toolchain_aarch64-apple-darwin/lib/python3.9/site-packages/pip/_vendor/pygments/formatters/pangomarkup.py
runfiles/python_toolchain_aarch64-apple-darwin/lib/python3.9/site-packages/pip/_vendor/pygments/formatters/rtf.py
runfiles/python_toolchain_aarch64-apple-darwin/lib/python3.9/site-packages/pip/_vendor/pygments/formatters/svg.py
runfiles/python_toolchain_aarch64-apple-darwin/lib/python3.9/site-packages/pip/_vendor/pygments/formatters/terminal.py
runfiles/python_toolchain_aarch64-apple-darwin/lib/python3.9/site-packages/pip/_vendor/pygments/formatters/terminal256.py
runfiles/python_toolchain_aarch64-apple-darwin/lib/python3.9/site-packages/pip/_vendor/pygments/lexer.py
runfiles/python_toolchain_aarch64-apple-darwin/lib/python3.9/site-packages/pip/_vendor/pygments/lexers/__init__.py
runfiles/python_toolchain_aarch64-apple-darwin/lib/python3.9/site-packages/pip/_vendor/pygments/lexers/_mapping.py
runfiles/python_toolchain_aarch64-apple-darwin/lib/python3.9/site-packages/pip/_vendor/pygments/lexers/python.py
runfiles/python_toolchain_aarch64-apple-darwin/lib/python3.9/site-packages/pip/_vendor/pygments/modeline.py
runfiles/python_toolchain_aarch64-apple-darwin/lib/python3.9/site-packages/pip/_vendor/pygments/plugin.py
runfiles/python_toolchain_aarch64-apple-darwin/lib/python3.9/site-packages/pip/_vendor/pygments/regexopt.py
runfiles/python_toolchain_aarch64-apple-darwin/lib/python3.9/site-packages/pip/_vendor/pygments/scanner.py
runfiles/python_toolchain_aarch64-apple-darwin/lib/python3.9/site-packages/pip/_vendor/pygments/sphinxext.py
runfiles/python_toolchain_aarch64-apple-darwin/lib/python3.9/site-packages/pip/_vendor/pygments/style.py
runfiles/python_toolchain_aarch64-apple-darwin/lib/python3.9/site-packages/pip/_vendor/pygments/styles/__init__.py
runfiles/python_toolchain_aarch64-apple-darwin/lib/python3.9/site-packages/pip/_vendor/pygments/token.py
runfiles/python_toolchain_aarch64-apple-darwin/lib/python3.9/site-packages/pip/_vendor/pygments/unistring.py
runfiles/python_toolchain_aarch64-apple-darwin/lib/python3.9/site-packages/pip/_vendor/pygments/util.py
runfiles/python_toolchain_aarch64-apple-darwin/lib/python3.9/site-packages/pip/_vendor/pyparsing/__init__.py
runfiles/python_toolchain_aarch64-apple-darwin/lib/python3.9/site-packages/pip/_vendor/pyparsing/actions.py
runfiles/python_toolchain_aarch64-apple-darwin/lib/python3.9/site-packages/pip/_vendor/pyparsing/common.py
runfiles/python_toolchain_aarch64-apple-darwin/lib/python3.9/site-packages/pip/_vendor/pyparsing/core.py
runfiles/python_toolchain_aarch64-apple-darwin/lib/python3.9/site-packages/pip/_vendor/pyparsing/diagram/__init__.py
runfiles/python_toolchain_aarch64-apple-darwin/lib/python3.9/site-packages/pip/_vendor/pyparsing/exceptions.py
runfiles/python_toolchain_aarch64-apple-darwin/lib/python3.9/site-packages/pip/_vendor/pyparsing/helpers.py
runfiles/python_toolchain_aarch64-apple-darwin/lib/python3.9/site-packages/pip/_vendor/pyparsing/results.py
runfiles/python_toolchain_aarch64-apple-darwin/lib/python3.9/site-packages/pip/_vendor/pyparsing/testing.py
runfiles/python_toolchain_aarch64-apple-darwin/lib/python3.9/site-packages/pip/_vendor/pyparsing/unicode.py
runfiles/python_toolchain_aarch64-apple-darwin/lib/python3.9/site-packages/pip/_vendor/pyparsing/util.py
runfiles/python_toolchain_aarch64-apple-darwin/lib/python3.9/site-packages/pip/_vendor/pyproject_hooks/__init__.py
runfiles/python_toolchain_aarch64-apple-darwin/lib/python3.9/site-packages/pip/_vendor/pyproject_hooks/_compat.py
runfiles/python_toolchain_aarch64-apple-darwin/lib/python3.9/site-packages/pip/_vendor/pyproject_hooks/_impl.py
runfiles/python_toolchain_aarch64-apple-darwin/lib/python3.9/site-packages/pip/_vendor/pyproject_hooks/_in_process/__init__.py
runfiles/python_toolchain_aarch64-apple-darwin/lib/python3.9/site-packages/pip/_vendor/pyproject_hooks/_in_process/_in_process.py
runfiles/python_toolchain_aarch64-apple-darwin/lib/python3.9/site-packages/pip/_vendor/requests/__init__.py
runfiles/python_toolchain_aarch64-apple-darwin/lib/python3.9/site-packages/pip/_vendor/requests/__version__.py
runfiles/python_toolchain_aarch64-apple-darwin/lib/python3.9/site-packages/pip/_vendor/requests/_internal_utils.py
runfiles/python_toolchain_aarch64-apple-darwin/lib/python3.9/site-packages/pip/_vendor/requests/adapters.py
runfiles/python_toolchain_aarch64-apple-darwin/lib/python3.9/site-packages/pip/_vendor/requests/api.py
runfiles/python_toolchain_aarch64-apple-darwin/lib/python3.9/site-packages/pip/_vendor/requests/auth.py
runfiles/python_toolchain_aarch64-apple-darwin/lib/python3.9/site-packages/pip/_vendor/requests/certs.py
runfiles/python_toolchain_aarch64-apple-darwin/lib/python3.9/site-packages/pip/_vendor/requests/compat.py
runfiles/python_toolchain_aarch64-apple-darwin/lib/python3.9/site-packages/pip/_vendor/requests/cookies.py
runfiles/python_toolchain_aarch64-apple-darwin/lib/python3.9/site-packages/pip/_vendor/requests/exceptions.py
runfiles/python_toolchain_aarch64-apple-darwin/lib/python3.9/site-packages/pip/_vendor/requests/help.py
runfiles/python_toolchain_aarch64-apple-darwin/lib/python3.9/site-packages/pip/_vendor/requests/hooks.py
runfiles/python_toolchain_aarch64-apple-darwin/lib/python3.9/site-packages/pip/_vendor/requests/models.py
runfiles/python_toolchain_aarch64-apple-darwin/lib/python3.9/site-packages/pip/_vendor/requests/packages.py
runfiles/python_toolchain_aarch64-apple-darwin/lib/python3.9/site-packages/pip/_vendor/requests/sessions.py
runfiles/python_toolchain_aarch64-apple-darwin/lib/python3.9/site-packages/pip/_vendor/requests/status_codes.py
runfiles/python_toolchain_aarch64-apple-darwin/lib/python3.9/site-packages/pip/_vendor/requests/structures.py
runfiles/python_toolchain_aarch64-apple-darwin/lib/python3.9/site-packages/pip/_vendor/requests/utils.py
runfiles/python_toolchain_aarch64-apple-darwin/lib/python3.9/site-packages/pip/_vendor/resolvelib/__init__.py
runfiles/python_toolchain_aarch64-apple-darwin/lib/python3.9/site-packages/pip/_vendor/resolvelib/compat/__init__.py
runfiles/python_toolchain_aarch64-apple-darwin/lib/python3.9/site-packages/pip/_vendor/resolvelib/compat/collections_abc.py
runfiles/python_toolchain_aarch64-apple-darwin/lib/python3.9/site-packages/pip/_vendor/resolvelib/providers.py
runfiles/python_toolchain_aarch64-apple-darwin/lib/python3.9/site-packages/pip/_vendor/resolvelib/reporters.py
runfiles/python_toolchain_aarch64-apple-darwin/lib/python3.9/site-packages/pip/_vendor/resolvelib/resolvers.py
runfiles/python_toolchain_aarch64-apple-darwin/lib/python3.9/site-packages/pip/_vendor/resolvelib/structs.py
runfiles/python_toolchain_aarch64-apple-darwin/lib/python3.9/site-packages/pip/_vendor/rich/__init__.py
runfiles/python_toolchain_aarch64-apple-darwin/lib/python3.9/site-packages/pip/_vendor/rich/__main__.py
runfiles/python_toolchain_aarch64-apple-darwin/lib/python3.9/site-packages/pip/_vendor/rich/_cell_widths.py
runfiles/python_toolchain_aarch64-apple-darwin/lib/python3.9/site-packages/pip/_vendor/rich/_emoji_codes.py
runfiles/python_toolchain_aarch64-apple-darwin/lib/python3.9/site-packages/pip/_vendor/rich/_emoji_replace.py
runfiles/python_toolchain_aarch64-apple-darwin/lib/python3.9/site-packages/pip/_vendor/rich/_export_format.py
runfiles/python_toolchain_aarch64-apple-darwin/lib/python3.9/site-packages/pip/_vendor/rich/_extension.py
runfiles/python_toolchain_aarch64-apple-darwin/lib/python3.9/site-packages/pip/_vendor/rich/_fileno.py
runfiles/python_toolchain_aarch64-apple-darwin/lib/python3.9/site-packages/pip/_vendor/rich/_inspect.py
runfiles/python_toolchain_aarch64-apple-darwin/lib/python3.9/site-packages/pip/_vendor/rich/_log_render.py
runfiles/python_toolchain_aarch64-apple-darwin/lib/python3.9/site-packages/pip/_vendor/rich/_loop.py
runfiles/python_toolchain_aarch64-apple-darwin/lib/python3.9/site-packages/pip/_vendor/rich/_null_file.py
runfiles/python_toolchain_aarch64-apple-darwin/lib/python3.9/site-packages/pip/_vendor/rich/_palettes.py
runfiles/python_toolchain_aarch64-apple-darwin/lib/python3.9/site-packages/pip/_vendor/rich/_pick.py
runfiles/python_toolchain_aarch64-apple-darwin/lib/python3.9/site-packages/pip/_vendor/rich/_ratio.py
runfiles/python_toolchain_aarch64-apple-darwin/lib/python3.9/site-packages/pip/_vendor/rich/_spinners.py
runfiles/python_toolchain_aarch64-apple-darwin/lib/python3.9/site-packages/pip/_vendor/rich/_stack.py
runfiles/python_toolchain_aarch64-apple-darwin/lib/python3.9/site-packages/pip/_vendor/rich/_timer.py
runfiles/python_toolchain_aarch64-apple-darwin/lib/python3.9/site-packages/pip/_vendor/rich/_win32_console.py
runfiles/python_toolchain_aarch64-apple-darwin/lib/python3.9/site-packages/pip/_vendor/rich/_windows.py
runfiles/python_toolchain_aarch64-apple-darwin/lib/python3.9/site-packages/pip/_vendor/rich/_windows_renderer.py
runfiles/python_toolchain_aarch64-apple-darwin/lib/python3.9/site-packages/pip/_vendor/rich/_wrap.py
runfiles/python_toolchain_aarch64-apple-darwin/lib/python3.9/site-packages/pip/_vendor/rich/abc.py
runfiles/python_toolchain_aarch64-apple-darwin/lib/python3.9/site-packages/pip/_vendor/rich/align.py
runfiles/python_toolchain_aarch64-apple-darwin/lib/python3.9/site-packages/pip/_vendor/rich/ansi.py
runfiles/python_toolchain_aarch64-apple-darwin/lib/python3.9/site-packages/pip/_vendor/rich/bar.py
runfiles/python_toolchain_aarch64-apple-darwin/lib/python3.9/site-packages/pip/_vendor/rich/box.py
runfiles/python_toolchain_aarch64-apple-darwin/lib/python3.9/site-packages/pip/_vendor/rich/cells.py
runfiles/python_toolchain_aarch64-apple-darwin/lib/python3.9/site-packages/pip/_vendor/rich/color.py
runfiles/python_toolchain_aarch64-apple-darwin/lib/python3.9/site-packages/pip/_vendor/rich/color_triplet.py
runfiles/python_toolchain_aarch64-apple-darwin/lib/python3.9/site-packages/pip/_vendor/rich/columns.py
runfiles/python_toolchain_aarch64-apple-darwin/lib/python3.9/site-packages/pip/_vendor/rich/console.py
runfiles/python_toolchain_aarch64-apple-darwin/lib/python3.9/site-packages/pip/_vendor/rich/constrain.py
runfiles/python_toolchain_aarch64-apple-darwin/lib/python3.9/site-packages/pip/_vendor/rich/containers.py
runfiles/python_toolchain_aarch64-apple-darwin/lib/python3.9/site-packages/pip/_vendor/rich/control.py
runfiles/python_toolchain_aarch64-apple-darwin/lib/python3.9/site-packages/pip/_vendor/rich/default_styles.py
runfiles/python_toolchain_aarch64-apple-darwin/lib/python3.9/site-packages/pip/_vendor/rich/diagnose.py
runfiles/python_toolchain_aarch64-apple-darwin/lib/python3.9/site-packages/pip/_vendor/rich/emoji.py
runfiles/python_toolchain_aarch64-apple-darwin/lib/python3.9/site-packages/pip/_vendor/rich/errors.py
runfiles/python_toolchain_aarch64-apple-darwin/lib/python3.9/site-packages/pip/_vendor/rich/file_proxy.py
runfiles/python_toolchain_aarch64-apple-darwin/lib/python3.9/site-packages/pip/_vendor/rich/filesize.py
runfiles/python_toolchain_aarch64-apple-darwin/lib/python3.9/site-packages/pip/_vendor/rich/highlighter.py
runfiles/python_toolchain_aarch64-apple-darwin/lib/python3.9/site-packages/pip/_vendor/rich/json.py
runfiles/python_toolchain_aarch64-apple-darwin/lib/python3.9/site-packages/pip/_vendor/rich/jupyter.py
runfiles/python_toolchain_aarch64-apple-darwin/lib/python3.9/site-packages/pip/_vendor/rich/layout.py
runfiles/python_toolchain_aarch64-apple-darwin/lib/python3.9/site-packages/pip/_vendor/rich/live.py
runfiles/python_toolchain_aarch64-apple-darwin/lib/python3.9/site-packages/pip/_vendor/rich/live_render.py
runfiles/python_toolchain_aarch64-apple-darwin/lib/python3.9/site-packages/pip/_vendor/rich/logging.py
runfiles/python_toolchain_aarch64-apple-darwin/lib/python3.9/site-packages/pip/_vendor/rich/markup.py
runfiles/python_toolchain_aarch64-apple-darwin/lib/python3.9/site-packages/pip/_vendor/rich/measure.py
runfiles/python_toolchain_aarch64-apple-darwin/lib/python3.9/site-packages/pip/_vendor/rich/padding.py
runfiles/python_toolchain_aarch64-apple-darwin/lib/python3.9/site-packages/pip/_vendor/rich/pager.py
runfiles/python_toolchain_aarch64-apple-darwin/lib/python3.9/site-packages/pip/_vendor/rich/palette.py
runfiles/python_toolchain_aarch64-apple-darwin/lib/python3.9/site-packages/pip/_vendor/rich/panel.py
runfiles/python_toolchain_aarch64-apple-darwin/lib/python3.9/site-packages/pip/_vendor/rich/pretty.py
runfiles/python_toolchain_aarch64-apple-darwin/lib/python3.9/site-packages/pip/_vendor/rich/progress.py
runfiles/python_toolchain_aarch64-apple-darwin/lib/python3.9/site-packages/pip/_vendor/rich/progress_bar.py
runfiles/python_toolchain_aarch64-apple-darwin/lib/python3.9/site-packages/pip/_vendor/rich/prompt.py
runfiles/python_toolchain_aarch64-apple-darwin/lib/python3.9/site-packages/pip/_vendor/rich/protocol.py
runfiles/python_toolchain_aarch64-apple-darwin/lib/python3.9/site-packages/pip/_vendor/rich/region.py
runfiles/python_toolchain_aarch64-apple-darwin/lib/python3.9/site-packages/pip/_vendor/rich/repr.py
runfiles/python_toolchain_aarch64-apple-darwin/lib/python3.9/site-packages/pip/_vendor/rich/rule.py
runfiles/python_toolchain_aarch64-apple-darwin/lib/python3.9/site-packages/pip/_vendor/rich/scope.py
runfiles/python_toolchain_aarch64-apple-darwin/lib/python3.9/site-packages/pip/_vendor/rich/screen.py
runfiles/python_toolchain_aarch64-apple-darwin/lib/python3.9/site-packages/pip/_vendor/rich/segment.py
runfiles/python_toolchain_aarch64-apple-darwin/lib/python3.9/site-packages/pip/_vendor/rich/spinner.py
runfiles/python_toolchain_aarch64-apple-darwin/lib/python3.9/site-packages/pip/_vendor/rich/status.py
runfiles/python_toolchain_aarch64-apple-darwin/lib/python3.9/site-packages/pip/_vendor/rich/style.py
runfiles/python_toolchain_aarch64-apple-darwin/lib/python3.9/site-packages/pip/_vendor/rich/styled.py
runfiles/python_toolchain_aarch64-apple-darwin/lib/python3.9/site-packages/pip/_vendor/rich/syntax.py
runfiles/python_toolchain_aarch64-apple-darwin/lib/python3.9/site-packages/pip/_vendor/rich/table.py
runfiles/python_toolchain_aarch64-apple-darwin/lib/python3.9/site-packages/pip/_vendor/rich/terminal_theme.py
runfiles/python_toolchain_aarch64-apple-darwin/lib/python3.9/site-packages/pip/_vendor/rich/text.py
runfiles/python_toolchain_aarch64-apple-darwin/lib/python3.9/site-packages/pip/_vendor/rich/theme.py
runfiles/python_toolchain_aarch64-apple-darwin/lib/python3.9/site-packages/pip/_vendor/rich/themes.py
runfiles/python_toolchain_aarch64-apple-darwin/lib/python3.9/site-packages/pip/_vendor/rich/traceback.py
runfiles/python_toolchain_aarch64-apple-darwin/lib/python3.9/site-packages/pip/_vendor/rich/tree.py
runfiles/python_toolchain_aarch64-apple-darwin/lib/python3.9/site-packages/pip/_vendor/six.py
runfiles/python_toolchain_aarch64-apple-darwin/lib/python3.9/site-packages/pip/_vendor/tenacity/__init__.py
runfiles/python_toolchain_aarch64-apple-darwin/lib/python3.9/site-packages/pip/_vendor/tenacity/_asyncio.py
runfiles/python_toolchain_aarch64-apple-darwin/lib/python3.9/site-packages/pip/_vendor/tenacity/_utils.py
runfiles/python_toolchain_aarch64-apple-darwin/lib/python3.9/site-packages/pip/_vendor/tenacity/after.py
runfiles/python_toolchain_aarch64-apple-darwin/lib/python3.9/site-packages/pip/_vendor/tenacity/before.py
runfiles/python_toolchain_aarch64-apple-darwin/lib/python3.9/site-packages/pip/_vendor/tenacity/before_sleep.py
runfiles/python_toolchain_aarch64-apple-darwin/lib/python3.9/site-packages/pip/_vendor/tenacity/nap.py
runfiles/python_toolchain_aarch64-apple-darwin/lib/python3.9/site-packages/pip/_vendor/tenacity/retry.py
runfiles/python_toolchain_aarch64-apple-darwin/lib/python3.9/site-packages/pip/_vendor/tenacity/stop.py
runfiles/python_toolchain_aarch64-apple-darwin/lib/python3.9/site-packages/pip/_vendor/tenacity/tornadoweb.py
runfiles/python_toolchain_aarch64-apple-darwin/lib/python3.9/site-packages/pip/_vendor/tenacity/wait.py
runfiles/python_toolchain_aarch64-apple-darwin/lib/python3.9/site-packages/pip/_vendor/tomli/__init__.py
runfiles/python_toolchain_aarch64-apple-darwin/lib/python3.9/site-packages/pip/_vendor/tomli/_parser.py
runfiles/python_toolchain_aarch64-apple-darwin/lib/python3.9/site-packages/pip/_vendor/tomli/_re.py
runfiles/python_toolchain_aarch64-apple-darwin/lib/python3.9/site-packages/pip/_vendor/tomli/_types.py
runfiles/python_toolchain_aarch64-apple-darwin/lib/python3.9/site-packages/pip/_vendor/typing_extensions.py
runfiles/python_toolchain_aarch64-apple-darwin/lib/python3.9/site-packages/pip/_vendor/urllib3/__init__.py
runfiles/python_toolchain_aarch64-apple-darwin/lib/python3.9/site-packages/pip/_vendor/urllib3/_collections.py
runfiles/python_toolchain_aarch64-apple-darwin/lib/python3.9/site-packages/pip/_vendor/urllib3/_version.py
runfiles/python_toolchain_aarch64-apple-darwin/lib/python3.9/site-packages/pip/_vendor/urllib3/connection.py
runfiles/python_toolchain_aarch64-apple-darwin/lib/python3.9/site-packages/pip/_vendor/urllib3/connectionpool.py
runfiles/python_toolchain_aarch64-apple-darwin/lib/python3.9/site-packages/pip/_vendor/urllib3/contrib/__init__.py
runfiles/python_toolchain_aarch64-apple-darwin/lib/python3.9/site-packages/pip/_vendor/urllib3/contrib/_appengine_environ.py
runfiles/python_toolchain_aarch64-apple-darwin/lib/python3.9/site-packages/pip/_vendor/urllib3/contrib/_securetransport/__init__.py
runfiles/python_toolchain_aarch64-apple-darwin/lib/python3.9/site-packages/pip/_vendor/urllib3/contrib/_securetransport/bindings.py
runfiles/python_toolchain_aarch64-apple-darwin/lib/python3.9/site-packages/pip/_vendor/urllib3/contrib/_securetransport/low_level.py
runfiles/python_toolchain_aarch64-apple-darwin/lib/python3.9/site-packages/pip/_vendor/urllib3/contrib/appengine.py
runfiles/python_toolchain_aarch64-apple-darwin/lib/python3.9/site-packages/pip/_vendor/urllib3/contrib/ntlmpool.py
runfiles/python_toolchain_aarch64-apple-darwin/lib/python3.9/site-packages/pip/_vendor/urllib3/contrib/pyopenssl.py
runfiles/python_toolchain_aarch64-apple-darwin/lib/python3.9/site-packages/pip/_vendor/urllib3/contrib/securetransport.py
runfiles/python_toolchain_aarch64-apple-darwin/lib/python3.9/site-packages/pip/_vendor/urllib3/contrib/socks.py
runfiles/python_toolchain_aarch64-apple-darwin/lib/python3.9/site-packages/pip/_vendor/urllib3/exceptions.py
runfiles/python_toolchain_aarch64-apple-darwin/lib/python3.9/site-packages/pip/_vendor/urllib3/fields.py
runfiles/python_toolchain_aarch64-apple-darwin/lib/python3.9/site-packages/pip/_vendor/urllib3/filepost.py
runfiles/python_toolchain_aarch64-apple-darwin/lib/python3.9/site-packages/pip/_vendor/urllib3/packages/__init__.py
runfiles/python_toolchain_aarch64-apple-darwin/lib/python3.9/site-packages/pip/_vendor/urllib3/packages/backports/__init__.py
runfiles/python_toolchain_aarch64-apple-darwin/lib/python3.9/site-packages/pip/_vendor/urllib3/packages/backports/makefile.py
runfiles/python_toolchain_aarch64-apple-darwin/lib/python3.9/site-packages/pip/_vendor/urllib3/packages/backports/weakref_finalize.py
runfiles/python_toolchain_aarch64-apple-darwin/lib/python3.9/site-packages/pip/_vendor/urllib3/packages/six.py
runfiles/python_toolchain_aarch64-apple-darwin/lib/python3.9/site-packages/pip/_vendor/urllib3/poolmanager.py
runfiles/python_toolchain_aarch64-apple-darwin/lib/python3.9/site-packages/pip/_vendor/urllib3/request.py
runfiles/python_toolchain_aarch64-apple-darwin/lib/python3.9/site-packages/pip/_vendor/urllib3/response.py
runfiles/python_toolchain_aarch64-apple-darwin/lib/python3.9/site-packages/pip/_vendor/urllib3/util/__init__.py
runfiles/python_toolchain_aarch64-apple-darwin/lib/python3.9/site-packages/pip/_vendor/urllib3/util/connection.py
runfiles/python_toolchain_aarch64-apple-darwin/lib/python3.9/site-packages/pip/_vendor/urllib3/util/proxy.py
runfiles/python_toolchain_aarch64-apple-darwin/lib/python3.9/site-packages/pip/_vendor/urllib3/util/queue.py
runfiles/python_toolchain_aarch64-apple-darwin/lib/python3.9/site-packages/pip/_vendor/urllib3/util/request.py
runfiles/python_toolchain_aarch64-apple-darwin/lib/python3.9/site-packages/pip/_vendor/urllib3/util/response.py
runfiles/python_toolchain_aarch64-apple-darwin/lib/python3.9/site-packages/pip/_vendor/urllib3/util/retry.py
runfiles/python_toolchain_aarch64-apple-darwin/lib/python3.9/site-packages/pip/_vendor/urllib3/util/ssl_.py
runfiles/python_toolchain_aarch64-apple-darwin/lib/python3.9/site-packages/pip/_vendor/urllib3/util/ssl_match_hostname.py
runfiles/python_toolchain_aarch64-apple-darwin/lib/python3.9/site-packages/pip/_vendor/urllib3/util/ssltransport.py
runfiles/python_toolchain_aarch64-apple-darwin/lib/python3.9/site-packages/pip/_vendor/urllib3/util/timeout.py
runfiles/python_toolchain_aarch64-apple-darwin/lib/python3.9/site-packages/pip/_vendor/urllib3/util/url.py
runfiles/python_toolchain_aarch64-apple-darwin/lib/python3.9/site-packages/pip/_vendor/urllib3/util/wait.py
runfiles/python_toolchain_aarch64-apple-darwin/lib/python3.9/site-packages/pip/_vendor/vendor.txt
runfiles/python_toolchain_aarch64-apple-darwin/lib/python3.9/site-packages/pip/_vendor/webencodings/__init__.py
runfiles/python_toolchain_aarch64-apple-darwin/lib/python3.9/site-packages/pip/_vendor/webencodings/labels.py
runfiles/python_toolchain_aarch64-apple-darwin/lib/python3.9/site-packages/pip/_vendor/webencodings/mklabels.py
runfiles/python_toolchain_aarch64-apple-darwin/lib/python3.9/site-packages/pip/_vendor/webencodings/tests.py
runfiles/python_toolchain_aarch64-apple-darwin/lib/python3.9/site-packages/pip/_vendor/webencodings/x_user_defined.py
runfiles/python_toolchain_aarch64-apple-darwin/lib/python3.9/site-packages/pip/py.typed
runfiles/python_toolchain_aarch64-apple-darwin/lib/python3.9/site-packages/pkg_resources/__init__.py
runfiles/python_toolchain_aarch64-apple-darwin/lib/python3.9/site-packages/pkg_resources/_vendor/__init__.py
runfiles/python_toolchain_aarch64-apple-darwin/lib/python3.9/site-packages/pkg_resources/_vendor/importlib_resources/__init__.py
runfiles/python_toolchain_aarch64-apple-darwin/lib/python3.9/site-packages/pkg_resources/_vendor/importlib_resources/_adapters.py
runfiles/python_toolchain_aarch64-apple-darwin/lib/python3.9/site-packages/pkg_resources/_vendor/importlib_resources/_common.py
runfiles/python_toolchain_aarch64-apple-darwin/lib/python3.9/site-packages/pkg_resources/_vendor/importlib_resources/_compat.py
runfiles/python_toolchain_aarch64-apple-darwin/lib/python3.9/site-packages/pkg_resources/_vendor/importlib_resources/_itertools.py
runfiles/python_toolchain_aarch64-apple-darwin/lib/python3.9/site-packages/pkg_resources/_vendor/importlib_resources/_legacy.py
runfiles/python_toolchain_aarch64-apple-darwin/lib/python3.9/site-packages/pkg_resources/_vendor/importlib_resources/abc.py
runfiles/python_toolchain_aarch64-apple-darwin/lib/python3.9/site-packages/pkg_resources/_vendor/importlib_resources/readers.py
runfiles/python_toolchain_aarch64-apple-darwin/lib/python3.9/site-packages/pkg_resources/_vendor/importlib_resources/simple.py
runfiles/python_toolchain_aarch64-apple-darwin/lib/python3.9/site-packages/pkg_resources/_vendor/jaraco/__init__.py
runfiles/python_toolchain_aarch64-apple-darwin/lib/python3.9/site-packages/pkg_resources/_vendor/jaraco/context.py
runfiles/python_toolchain_aarch64-apple-darwin/lib/python3.9/site-packages/pkg_resources/_vendor/jaraco/functools.py
runfiles/python_toolchain_aarch64-apple-darwin/lib/python3.9/site-packages/pkg_resources/_vendor/jaraco/text/__init__.py
runfiles/python_toolchain_aarch64-apple-darwin/lib/python3.9/site-packages/pkg_resources/_vendor/more_itertools/__init__.py
runfiles/python_toolchain_aarch64-apple-darwin/lib/python3.9/site-packages/pkg_resources/_vendor/more_itertools/more.py
runfiles/python_toolchain_aarch64-apple-darwin/lib/python3.9/site-packages/pkg_resources/_vendor/more_itertools/recipes.py
runfiles/python_toolchain_aarch64-apple-darwin/lib/python3.9/site-packages/pkg_resources/_vendor/packaging/__init__.py
runfiles/python_toolchain_aarch64-apple-darwin/lib/python3.9/site-packages/pkg_resources/_vendor/packaging/_elffile.py
runfiles/python_toolchain_aarch64-apple-darwin/lib/python3.9/site-packages/pkg_resources/_vendor/packaging/_manylinux.py
runfiles/python_toolchain_aarch64-apple-darwin/lib/python3.9/site-packages/pkg_resources/_vendor/packaging/_musllinux.py
runfiles/python_toolchain_aarch64-apple-darwin/lib/python3.9/site-packages/pkg_resources/_vendor/packaging/_parser.py
runfiles/python_toolchain_aarch64-apple-darwin/lib/python3.9/site-packages/pkg_resources/_vendor/packaging/_structures.py
runfiles/python_toolchain_aarch64-apple-darwin/lib/python3.9/site-packages/pkg_resources/_vendor/packaging/_tokenizer.py
runfiles/python_toolchain_aarch64-apple-darwin/lib/python3.9/site-packages/pkg_resources/_vendor/packaging/markers.py
runfiles/python_toolchain_aarch64-apple-darwin/lib/python3.9/site-packages/pkg_resources/_vendor/packaging/metadata.py
runfiles/python_toolchain_aarch64-apple-darwin/lib/python3.9/site-packages/pkg_resources/_vendor/packaging/requirements.py
runfiles/python_toolchain_aarch64-apple-darwin/lib/python3.9/site-packages/pkg_resources/_vendor/packaging/specifiers.py
runfiles/python_toolchain_aarch64-apple-darwin/lib/python3.9/site-packages/pkg_resources/_vendor/packaging/tags.py
runfiles/python_toolchain_aarch64-apple-darwin/lib/python3.9/site-packages/pkg_resources/_vendor/packaging/utils.py
runfiles/python_toolchain_aarch64-apple-darwin/lib/python3.9/site-packages/pkg_resources/_vendor/packaging/version.py
runfiles/python_toolchain_aarch64-apple-darwin/lib/python3.9/site-packages/pkg_resources/_vendor/platformdirs/__init__.py
runfiles/python_toolchain_aarch64-apple-darwin/lib/python3.9/site-packages/pkg_resources/_vendor/platformdirs/__main__.py
runfiles/python_toolchain_aarch64-apple-darwin/lib/python3.9/site-packages/pkg_resources/_vendor/platformdirs/android.py
runfiles/python_toolchain_aarch64-apple-darwin/lib/python3.9/site-packages/pkg_resources/_vendor/platformdirs/api.py
runfiles/python_toolchain_aarch64-apple-darwin/lib/python3.9/site-packages/pkg_resources/_vendor/platformdirs/macos.py
runfiles/python_toolchain_aarch64-apple-darwin/lib/python3.9/site-packages/pkg_resources/_vendor/platformdirs/unix.py
runfiles/python_toolchain_aarch64-apple-darwin/lib/python3.9/site-packages/pkg_resources/_vendor/platformdirs/version.py
runfiles/python_toolchain_aarch64-apple-darwin/lib/python3.9/site-packages/pkg_resources/_vendor/platformdirs/windows.py
runfiles/python_toolchain_aarch64-apple-darwin/lib/python3.9/site-packages/pkg_resources/_vendor/typing_extensions.py
runfiles/python_toolchain_aarch64-apple-darwin/lib/python3.9/site-packages/pkg_resources/_vendor/zipp.py
runfiles/python_toolchain_aarch64-apple-darwin/lib/python3.9/site-packages/pkg_resources/extern/__init__.py
runfiles/python_toolchain_aarch64-apple-darwin/lib/python3.9/site-packages/setuptools-68.2.2.dist-info/INSTALLER
runfiles/python_toolchain_aarch64-apple-darwin/lib/python3.9/site-packages/setuptools-68.2.2.dist-info/LICENSE
runfiles/python_toolchain_aarch64-apple-darwin/lib/python3.9/site-packages/setuptools-68.2.2.dist-info/METADATA
runfiles/python_toolchain_aarch64-apple-darwin/lib/python3.9/site-packages/setuptools-68.2.2.dist-info/RECORD
runfiles/python_toolchain_aarch64-apple-darwin/lib/python3.9/site-packages/setuptools-68.2.2.dist-info/REQUESTED
runfiles/python_toolchain_aarch64-apple-darwin/lib/python3.9/site-packages/setuptools-68.2.2.dist-info/WHEEL
runfiles/python_toolchain_aarch64-apple-darwin/lib/python3.9/site-packages/setuptools-68.2.2.dist-info/direct_url.json
runfiles/python_toolchain_aarch64-apple-darwin/lib/python3.9/site-packages/setuptools-68.2.2.dist-info/entry_points.txt
runfiles/python_toolchain_aarch64-apple-darwin/lib/python3.9/site-packages/setuptools-68.2.2.dist-info/top_level.txt
runfiles/python_toolchain_aarch64-apple-darwin/lib/python3.9/site-packages/setuptools/__init__.py
runfiles/python_toolchain_aarch64-apple-darwin/lib/python3.9/site-packages/setuptools/_core_metadata.py
runfiles/python_toolchain_aarch64-apple-darwin/lib/python3.9/site-packages/setuptools/_distutils/__init__.py
runfiles/python_toolchain_aarch64-apple-darwin/lib/python3.9/site-packages/setuptools/_distutils/_collections.py
runfiles/python_toolchain_aarch64-apple-darwin/lib/python3.9/site-packages/setuptools/_distutils/_functools.py
runfiles/python_toolchain_aarch64-apple-darwin/lib/python3.9/site-packages/setuptools/_distutils/_log.py
runfiles/python_toolchain_aarch64-apple-darwin/lib/python3.9/site-packages/setuptools/_distutils/_macos_compat.py
runfiles/python_toolchain_aarch64-apple-darwin/lib/python3.9/site-packages/setuptools/_distutils/_msvccompiler.py
runfiles/python_toolchain_aarch64-apple-darwin/lib/python3.9/site-packages/setuptools/_distutils/archive_util.py
runfiles/python_toolchain_aarch64-apple-darwin/lib/python3.9/site-packages/setuptools/_distutils/bcppcompiler.py
runfiles/python_toolchain_aarch64-apple-darwin/lib/python3.9/site-packages/setuptools/_distutils/ccompiler.py
runfiles/python_toolchain_aarch64-apple-darwin/lib/python3.9/site-packages/setuptools/_distutils/cmd.py
runfiles/python_toolchain_aarch64-apple-darwin/lib/python3.9/site-packages/setuptools/_distutils/command/__init__.py
runfiles/python_toolchain_aarch64-apple-darwin/lib/python3.9/site-packages/setuptools/_distutils/command/_framework_compat.py
runfiles/python_toolchain_aarch64-apple-darwin/lib/python3.9/site-packages/setuptools/_distutils/command/bdist.py
runfiles/python_toolchain_aarch64-apple-darwin/lib/python3.9/site-packages/setuptools/_distutils/command/bdist_dumb.py
runfiles/python_toolchain_aarch64-apple-darwin/lib/python3.9/site-packages/setuptools/_distutils/command/bdist_rpm.py
runfiles/python_toolchain_aarch64-apple-darwin/lib/python3.9/site-packages/setuptools/_distutils/command/build.py
runfiles/python_toolchain_aarch64-apple-darwin/lib/python3.9/site-packages/setuptools/_distutils/command/build_clib.py
runfiles/python_toolchain_aarch64-apple-darwin/lib/python3.9/site-packages/setuptools/_distutils/command/build_ext.py
runfiles/python_toolchain_aarch64-apple-darwin/lib/python3.9/site-packages/setuptools/_distutils/command/build_py.py
runfiles/python_toolchain_aarch64-apple-darwin/lib/python3.9/site-packages/setuptools/_distutils/command/build_scripts.py
runfiles/python_toolchain_aarch64-apple-darwin/lib/python3.9/site-packages/setuptools/_distutils/command/check.py
runfiles/python_toolchain_aarch64-apple-darwin/lib/python3.9/site-packages/setuptools/_distutils/command/clean.py
runfiles/python_toolchain_aarch64-apple-darwin/lib/python3.9/site-packages/setuptools/_distutils/command/config.py
runfiles/python_toolchain_aarch64-apple-darwin/lib/python3.9/site-packages/setuptools/_distutils/command/install.py
runfiles/python_toolchain_aarch64-apple-darwin/lib/python3.9/site-packages/setuptools/_distutils/command/install_data.py
runfiles/python_toolchain_aarch64-apple-darwin/lib/python3.9/site-packages/setuptools/_distutils/command/install_egg_info.py
runfiles/python_toolchain_aarch64-apple-darwin/lib/python3.9/site-packages/setuptools/_distutils/command/install_headers.py
runfiles/python_toolchain_aarch64-apple-darwin/lib/python3.9/site-packages/setuptools/_distutils/command/install_lib.py
runfiles/python_toolchain_aarch64-apple-darwin/lib/python3.9/site-packages/setuptools/_distutils/command/install_scripts.py
runfiles/python_toolchain_aarch64-apple-darwin/lib/python3.9/site-packages/setuptools/_distutils/command/py37compat.py
runfiles/python_toolchain_aarch64-apple-darwin/lib/python3.9/site-packages/setuptools/_distutils/command/register.py
runfiles/python_toolchain_aarch64-apple-darwin/lib/python3.9/site-packages/setuptools/_distutils/command/sdist.py
runfiles/python_toolchain_aarch64-apple-darwin/lib/python3.9/site-packages/setuptools/_distutils/command/upload.py
runfiles/python_toolchain_aarch64-apple-darwin/lib/python3.9/site-packages/setuptools/_distutils/config.py
runfiles/python_toolchain_aarch64-apple-darwin/lib/python3.9/site-packages/setuptools/_distutils/core.py
runfiles/python_toolchain_aarch64-apple-darwin/lib/python3.9/site-packages/setuptools/_distutils/cygwinccompiler.py
runfiles/python_toolchain_aarch64-apple-darwin/lib/python3.9/site-packages/setuptools/_distutils/debug.py
runfiles/python_toolchain_aarch64-apple-darwin/lib/python3.9/site-packages/setuptools/_distutils/dep_util.py
runfiles/python_toolchain_aarch64-apple-darwin/lib/python3.9/site-packages/setuptools/_distutils/dir_util.py
runfiles/python_toolchain_aarch64-apple-darwin/lib/python3.9/site-packages/setuptools/_distutils/dist.py
runfiles/python_toolchain_aarch64-apple-darwin/lib/python3.9/site-packages/setuptools/_distutils/errors.py
runfiles/python_toolchain_aarch64-apple-darwin/lib/python3.9/site-packages/setuptools/_distutils/extension.py
runfiles/python_toolchain_aarch64-apple-darwin/lib/python3.9/site-packages/setuptools/_distutils/fancy_getopt.py
runfiles/python_toolchain_aarch64-apple-darwin/lib/python3.9/site-packages/setuptools/_distutils/file_util.py
runfiles/python_toolchain_aarch64-apple-darwin/lib/python3.9/site-packages/setuptools/_distutils/filelist.py
runfiles/python_toolchain_aarch64-apple-darwin/lib/python3.9/site-packages/setuptools/_distutils/log.py
runfiles/python_toolchain_aarch64-apple-darwin/lib/python3.9/site-packages/setuptools/_distutils/msvc9compiler.py
runfiles/python_toolchain_aarch64-apple-darwin/lib/python3.9/site-packages/setuptools/_distutils/msvccompiler.py
runfiles/python_toolchain_aarch64-apple-darwin/lib/python3.9/site-packages/setuptools/_distutils/py38compat.py
runfiles/python_toolchain_aarch64-apple-darwin/lib/python3.9/site-packages/setuptools/_distutils/py39compat.py
runfiles/python_toolchain_aarch64-apple-darwin/lib/python3.9/site-packages/setuptools/_distutils/spawn.py
runfiles/python_toolchain_aarch64-apple-darwin/lib/python3.9/site-packages/setuptools/_distutils/sysconfig.py
runfiles/python_toolchain_aarch64-apple-darwin/lib/python3.9/site-packages/setuptools/_distutils/text_file.py
runfiles/python_toolchain_aarch64-apple-darwin/lib/python3.9/site-packages/setuptools/_distutils/unixccompiler.py
runfiles/python_toolchain_aarch64-apple-darwin/lib/python3.9/site-packages/setuptools/_distutils/util.py
runfiles/python_toolchain_aarch64-apple-darwin/lib/python3.9/site-packages/setuptools/_distutils/version.py
runfiles/python_toolchain_aarch64-apple-darwin/lib/python3.9/site-packages/setuptools/_distutils/versionpredicate.py
runfiles/python_toolchain_aarch64-apple-darwin/lib/python3.9/site-packages/setuptools/_entry_points.py
runfiles/python_toolchain_aarch64-apple-darwin/lib/python3.9/site-packages/setuptools/_imp.py
runfiles/python_toolchain_aarch64-apple-darwin/lib/python3.9/site-packages/setuptools/_importlib.py
runfiles/python_toolchain_aarch64-apple-darwin/lib/python3.9/site-packages/setuptools/_itertools.py
runfiles/python_toolchain_aarch64-apple-darwin/lib/python3.9/site-packages/setuptools/_normalization.py
runfiles/python_toolchain_aarch64-apple-darwin/lib/python3.9/site-packages/setuptools/_path.py
runfiles/python_toolchain_aarch64-apple-darwin/lib/python3.9/site-packages/setuptools/_reqs.py
runfiles/python_toolchain_aarch64-apple-darwin/lib/python3.9/site-packages/setuptools/_vendor/__init__.py
runfiles/python_toolchain_aarch64-apple-darwin/lib/python3.9/site-packages/setuptools/_vendor/importlib_metadata/__init__.py
runfiles/python_toolchain_aarch64-apple-darwin/lib/python3.9/site-packages/setuptools/_vendor/importlib_metadata/_adapters.py
runfiles/python_toolchain_aarch64-apple-darwin/lib/python3.9/site-packages/setuptools/_vendor/importlib_metadata/_collections.py
runfiles/python_toolchain_aarch64-apple-darwin/lib/python3.9/site-packages/setuptools/_vendor/importlib_metadata/_compat.py
runfiles/python_toolchain_aarch64-apple-darwin/lib/python3.9/site-packages/setuptools/_vendor/importlib_metadata/_functools.py
runfiles/python_toolchain_aarch64-apple-darwin/lib/python3.9/site-packages/setuptools/_vendor/importlib_metadata/_itertools.py
runfiles/python_toolchain_aarch64-apple-darwin/lib/python3.9/site-packages/setuptools/_vendor/importlib_metadata/_meta.py
runfiles/python_toolchain_aarch64-apple-darwin/lib/python3.9/site-packages/setuptools/_vendor/importlib_metadata/_py39compat.py
runfiles/python_toolchain_aarch64-apple-darwin/lib/python3.9/site-packages/setuptools/_vendor/importlib_metadata/_text.py
runfiles/python_toolchain_aarch64-apple-darwin/lib/python3.9/site-packages/setuptools/_vendor/importlib_resources/__init__.py
runfiles/python_toolchain_aarch64-apple-darwin/lib/python3.9/site-packages/setuptools/_vendor/importlib_resources/_adapters.py
runfiles/python_toolchain_aarch64-apple-darwin/lib/python3.9/site-packages/setuptools/_vendor/importlib_resources/_common.py
runfiles/python_toolchain_aarch64-apple-darwin/lib/python3.9/site-packages/setuptools/_vendor/importlib_resources/_compat.py
runfiles/python_toolchain_aarch64-apple-darwin/lib/python3.9/site-packages/setuptools/_vendor/importlib_resources/_itertools.py
runfiles/python_toolchain_aarch64-apple-darwin/lib/python3.9/site-packages/setuptools/_vendor/importlib_resources/_legacy.py
runfiles/python_toolchain_aarch64-apple-darwin/lib/python3.9/site-packages/setuptools/_vendor/importlib_resources/abc.py
runfiles/python_toolchain_aarch64-apple-darwin/lib/python3.9/site-packages/setuptools/_vendor/importlib_resources/readers.py
runfiles/python_toolchain_aarch64-apple-darwin/lib/python3.9/site-packages/setuptools/_vendor/importlib_resources/simple.py
runfiles/python_toolchain_aarch64-apple-darwin/lib/python3.9/site-packages/setuptools/_vendor/jaraco/__init__.py
runfiles/python_toolchain_aarch64-apple-darwin/lib/python3.9/site-packages/setuptools/_vendor/jaraco/context.py
runfiles/python_toolchain_aarch64-apple-darwin/lib/python3.9/site-packages/setuptools/_vendor/jaraco/functools.py
runfiles/python_toolchain_aarch64-apple-darwin/lib/python3.9/site-packages/setuptools/_vendor/jaraco/text/__init__.py
runfiles/python_toolchain_aarch64-apple-darwin/lib/python3.9/site-packages/setuptools/_vendor/more_itertools/__init__.py
runfiles/python_toolchain_aarch64-apple-darwin/lib/python3.9/site-packages/setuptools/_vendor/more_itertools/more.py
runfiles/python_toolchain_aarch64-apple-darwin/lib/python3.9/site-packages/setuptools/_vendor/more_itertools/recipes.py
runfiles/python_toolchain_aarch64-apple-darwin/lib/python3.9/site-packages/setuptools/_vendor/ordered_set.py
runfiles/python_toolchain_aarch64-apple-darwin/lib/python3.9/site-packages/setuptools/_vendor/packaging/__init__.py
runfiles/python_toolchain_aarch64-apple-darwin/lib/python3.9/site-packages/setuptools/_vendor/packaging/_elffile.py
runfiles/python_toolchain_aarch64-apple-darwin/lib/python3.9/site-packages/setuptools/_vendor/packaging/_manylinux.py
runfiles/python_toolchain_aarch64-apple-darwin/lib/python3.9/site-packages/setuptools/_vendor/packaging/_musllinux.py
runfiles/python_toolchain_aarch64-apple-darwin/lib/python3.9/site-packages/setuptools/_vendor/packaging/_parser.py
runfiles/python_toolchain_aarch64-apple-darwin/lib/python3.9/site-packages/setuptools/_vendor/packaging/_structures.py
runfiles/python_toolchain_aarch64-apple-darwin/lib/python3.9/site-packages/setuptools/_vendor/packaging/_tokenizer.py
runfiles/python_toolchain_aarch64-apple-darwin/lib/python3.9/site-packages/setuptools/_vendor/packaging/markers.py
runfiles/python_toolchain_aarch64-apple-darwin/lib/python3.9/site-packages/setuptools/_vendor/packaging/metadata.py
runfiles/python_toolchain_aarch64-apple-darwin/lib/python3.9/site-packages/setuptools/_vendor/packaging/requirements.py
runfiles/python_toolchain_aarch64-apple-darwin/lib/python3.9/site-packages/setuptools/_vendor/packaging/specifiers.py
runfiles/python_toolchain_aarch64-apple-darwin/lib/python3.9/site-packages/setuptools/_vendor/packaging/tags.py
runfiles/python_toolchain_aarch64-apple-darwin/lib/python3.9/site-packages/setuptools/_vendor/packaging/utils.py
runfiles/python_toolchain_aarch64-apple-darwin/lib/python3.9/site-packages/setuptools/_vendor/packaging/version.py
runfiles/python_toolchain_aarch64-apple-darwin/lib/python3.9/site-packages/setuptools/_vendor/tomli/__init__.py
runfiles/python_toolchain_aarch64-apple-darwin/lib/python3.9/site-packages/setuptools/_vendor/tomli/_parser.py
runfiles/python_toolchain_aarch64-apple-darwin/lib/python3.9/site-packages/setuptools/_vendor/tomli/_re.py
runfiles/python_toolchain_aarch64-apple-darwin/lib/python3.9/site-packages/setuptools/_vendor/tomli/_types.py
runfiles/python_toolchain_aarch64-apple-darwin/lib/python3.9/site-packages/setuptools/_vendor/typing_extensions.py
runfiles/python_toolchain_aarch64-apple-darwin/lib/python3.9/site-packages/setuptools/_vendor/zipp.py
runfiles/python_toolchain_aarch64-apple-darwin/lib/python3.9/site-packages/setuptools/archive_util.py
runfiles/python_toolchain_aarch64-apple-darwin/lib/python3.9/site-packages/setuptools/build_meta.py
runfiles/python_toolchain_aarch64-apple-darwin/lib/python3.9/site-packages/setuptools/cli-32.exe
runfiles/python_toolchain_aarch64-apple-darwin/lib/python3.9/site-packages/setuptools/cli-64.exe
runfiles/python_toolchain_aarch64-apple-darwin/lib/python3.9/site-packages/setuptools/cli-arm64.exe
runfiles/python_toolchain_aarch64-apple-darwin/lib/python3.9/site-packages/setuptools/cli.exe
runfiles/python_toolchain_aarch64-apple-darwin/lib/python3.9/site-packages/setuptools/command/__init__.py
runfiles/python_toolchain_aarch64-apple-darwin/lib/python3.9/site-packages/setuptools/command/_requirestxt.py
runfiles/python_toolchain_aarch64-apple-darwin/lib/python3.9/site-packages/setuptools/command/alias.py
runfiles/python_toolchain_aarch64-apple-darwin/lib/python3.9/site-packages/setuptools/command/bdist_egg.py
runfiles/python_toolchain_aarch64-apple-darwin/lib/python3.9/site-packages/setuptools/command/bdist_rpm.py
runfiles/python_toolchain_aarch64-apple-darwin/lib/python3.9/site-packages/setuptools/command/build.py
runfiles/python_toolchain_aarch64-apple-darwin/lib/python3.9/site-packages/setuptools/command/build_clib.py
runfiles/python_toolchain_aarch64-apple-darwin/lib/python3.9/site-packages/setuptools/command/build_ext.py
runfiles/python_toolchain_aarch64-apple-darwin/lib/python3.9/site-packages/setuptools/command/build_py.py
runfiles/python_toolchain_aarch64-apple-darwin/lib/python3.9/site-packages/setuptools/command/develop.py
runfiles/python_toolchain_aarch64-apple-darwin/lib/python3.9/site-packages/setuptools/command/dist_info.py
runfiles/python_toolchain_aarch64-apple-darwin/lib/python3.9/site-packages/setuptools/command/easy_install.py
runfiles/python_toolchain_aarch64-apple-darwin/lib/python3.9/site-packages/setuptools/command/editable_wheel.py
runfiles/python_toolchain_aarch64-apple-darwin/lib/python3.9/site-packages/setuptools/command/egg_info.py
runfiles/python_toolchain_aarch64-apple-darwin/lib/python3.9/site-packages/setuptools/command/install.py
runfiles/python_toolchain_aarch64-apple-darwin/lib/python3.9/site-packages/setuptools/command/install_egg_info.py
runfiles/python_toolchain_aarch64-apple-darwin/lib/python3.9/site-packages/setuptools/command/install_lib.py
runfiles/python_toolchain_aarch64-apple-darwin/lib/python3.9/site-packages/setuptools/command/install_scripts.py
runfiles/python_toolchain_aarch64-apple-darwin/lib/python3.9/site-packages/setuptools/command/register.py
runfiles/python_toolchain_aarch64-apple-darwin/lib/python3.9/site-packages/setuptools/command/rotate.py
runfiles/python_toolchain_aarch64-apple-darwin/lib/python3.9/site-packages/setuptools/command/saveopts.py
runfiles/python_toolchain_aarch64-apple-darwin/lib/python3.9/site-packages/setuptools/command/sdist.py
runfiles/python_toolchain_aarch64-apple-darwin/lib/python3.9/site-packages/setuptools/command/setopt.py
runfiles/python_toolchain_aarch64-apple-darwin/lib/python3.9/site-packages/setuptools/command/test.py
runfiles/python_toolchain_aarch64-apple-darwin/lib/python3.9/site-packages/setuptools/command/upload.py
runfiles/python_toolchain_aarch64-apple-darwin/lib/python3.9/site-packages/setuptools/command/upload_docs.py
runfiles/python_toolchain_aarch64-apple-darwin/lib/python3.9/site-packages/setuptools/config/__init__.py
runfiles/python_toolchain_aarch64-apple-darwin/lib/python3.9/site-packages/setuptools/config/_apply_pyprojecttoml.py
runfiles/python_toolchain_aarch64-apple-darwin/lib/python3.9/site-packages/setuptools/config/_validate_pyproject/__init__.py
runfiles/python_toolchain_aarch64-apple-darwin/lib/python3.9/site-packages/setuptools/config/_validate_pyproject/error_reporting.py
runfiles/python_toolchain_aarch64-apple-darwin/lib/python3.9/site-packages/setuptools/config/_validate_pyproject/extra_validations.py
runfiles/python_toolchain_aarch64-apple-darwin/lib/python3.9/site-packages/setuptools/config/_validate_pyproject/fastjsonschema_exceptions.py
runfiles/python_toolchain_aarch64-apple-darwin/lib/python3.9/site-packages/setuptools/config/_validate_pyproject/fastjsonschema_validations.py
runfiles/python_toolchain_aarch64-apple-darwin/lib/python3.9/site-packages/setuptools/config/_validate_pyproject/formats.py
runfiles/python_toolchain_aarch64-apple-darwin/lib/python3.9/site-packages/setuptools/config/expand.py
runfiles/python_toolchain_aarch64-apple-darwin/lib/python3.9/site-packages/setuptools/config/pyprojecttoml.py
runfiles/python_toolchain_aarch64-apple-darwin/lib/python3.9/site-packages/setuptools/config/setupcfg.py
runfiles/python_toolchain_aarch64-apple-darwin/lib/python3.9/site-packages/setuptools/dep_util.py
runfiles/python_toolchain_aarch64-apple-darwin/lib/python3.9/site-packages/setuptools/depends.py
runfiles/python_toolchain_aarch64-apple-darwin/lib/python3.9/site-packages/setuptools/discovery.py
runfiles/python_toolchain_aarch64-apple-darwin/lib/python3.9/site-packages/setuptools/dist.py
runfiles/python_toolchain_aarch64-apple-darwin/lib/python3.9/site-packages/setuptools/errors.py
runfiles/python_toolchain_aarch64-apple-darwin/lib/python3.9/site-packages/setuptools/extension.py
runfiles/python_toolchain_aarch64-apple-darwin/lib/python3.9/site-packages/setuptools/extern/__init__.py
runfiles/python_toolchain_aarch64-apple-darwin/lib/python3.9/site-packages/setuptools/glob.py
runfiles/python_toolchain_aarch64-apple-darwin/lib/python3.9/site-packages/setuptools/gui-32.exe
runfiles/python_toolchain_aarch64-apple-darwin/lib/python3.9/site-packages/setuptools/gui-64.exe
runfiles/python_toolchain_aarch64-apple-darwin/lib/python3.9/site-packages/setuptools/gui-arm64.exe
runfiles/python_toolchain_aarch64-apple-darwin/lib/python3.9/site-packages/setuptools/gui.exe
runfiles/python_toolchain_aarch64-apple-darwin/lib/python3.9/site-packages/setuptools/installer.py
runfiles/python_toolchain_aarch64-apple-darwin/lib/python3.9/site-packages/setuptools/launch.py
runfiles/python_toolchain_aarch64-apple-darwin/lib/python3.9/site-packages/setuptools/logging.py
runfiles/python_toolchain_aarch64-apple-darwin/lib/python3.9/site-packages/setuptools/monkey.py
runfiles/python_toolchain_aarch64-apple-darwin/lib/python3.9/site-packages/setuptools/msvc.py
runfiles/python_toolchain_aarch64-apple-darwin/lib/python3.9/site-packages/setuptools/namespaces.py
runfiles/python_toolchain_aarch64-apple-darwin/lib/python3.9/site-packages/setuptools/package_index.py
runfiles/python_toolchain_aarch64-apple-darwin/lib/python3.9/site-packages/setuptools/py312compat.py
runfiles/python_toolchain_aarch64-apple-darwin/lib/python3.9/site-packages/setuptools/sandbox.py
runfiles/python_toolchain_aarch64-apple-darwin/lib/python3.9/site-packages/setuptools/script.tmpl
runfiles/python_toolchain_aarch64-apple-darwin/lib/python3.9/site-packages/setuptools/unicode_utils.py
runfiles/python_toolchain_aarch64-apple-darwin/lib/python3.9/site-packages/setuptools/version.py
runfiles/python_toolchain_aarch64-apple-darwin/lib/python3.9/site-packages/setuptools/warnings.py
runfiles/python_toolchain_aarch64-apple-darwin/lib/python3.9/site-packages/setuptools/wheel.py
runfiles/python_toolchain_aarch64-apple-darwin/lib/python3.9/site-packages/setuptools/windows_support.py
runfiles/python_toolchain_aarch64-apple-darwin/lib/python3.9/site.py
runfiles/python_toolchain_aarch64-apple-darwin/lib/python3.9/smtpd.py
runfiles/python_toolchain_aarch64-apple-darwin/lib/python3.9/smtplib.py
runfiles/python_toolchain_aarch64-apple-darwin/lib/python3.9/sndhdr.py
runfiles/python_toolchain_aarch64-apple-darwin/lib/python3.9/socket.py
runfiles/python_toolchain_aarch64-apple-darwin/lib/python3.9/socketserver.py
runfiles/python_toolchain_aarch64-apple-darwin/lib/python3.9/sqlite3/__init__.py
runfiles/python_toolchain_aarch64-apple-darwin/lib/python3.9/sqlite3/dbapi2.py
runfiles/python_toolchain_aarch64-apple-darwin/lib/python3.9/sqlite3/dump.py
runfiles/python_toolchain_aarch64-apple-darwin/lib/python3.9/sre_compile.py
runfiles/python_toolchain_aarch64-apple-darwin/lib/python3.9/sre_constants.py
runfiles/python_toolchain_aarch64-apple-darwin/lib/python3.9/sre_parse.py
runfiles/python_toolchain_aarch64-apple-darwin/lib/python3.9/ssl.py
runfiles/python_toolchain_aarch64-apple-darwin/lib/python3.9/stat.py
runfiles/python_toolchain_aarch64-apple-darwin/lib/python3.9/statistics.py
runfiles/python_toolchain_aarch64-apple-darwin/lib/python3.9/string.py
runfiles/python_toolchain_aarch64-apple-darwin/lib/python3.9/stringprep.py
runfiles/python_toolchain_aarch64-apple-darwin/lib/python3.9/struct.py
runfiles/python_toolchain_aarch64-apple-darwin/lib/python3.9/subprocess.py
runfiles/python_toolchain_aarch64-apple-darwin/lib/python3.9/sunau.py
runfiles/python_toolchain_aarch64-apple-darwin/lib/python3.9/symbol.py
runfiles/python_toolchain_aarch64-apple-darwin/lib/python3.9/symtable.py
runfiles/python_toolchain_aarch64-apple-darwin/lib/python3.9/sysconfig.py
runfiles/python_toolchain_aarch64-apple-darwin/lib/python3.9/tabnanny.py
runfiles/python_toolchain_aarch64-apple-darwin/lib/python3.9/tarfile.py
runfiles/python_toolchain_aarch64-apple-darwin/lib/python3.9/telnetlib.py
runfiles/python_toolchain_aarch64-apple-darwin/lib/python3.9/tempfile.py
runfiles/python_toolchain_aarch64-apple-darwin/lib/python3.9/textwrap.py
runfiles/python_toolchain_aarch64-apple-darwin/lib/python3.9/this.py
runfiles/python_toolchain_aarch64-apple-darwin/lib/python3.9/threading.py
runfiles/python_toolchain_aarch64-apple-darwin/lib/python3.9/timeit.py
runfiles/python_toolchain_aarch64-apple-darwin/lib/python3.9/tkinter/__init__.py
runfiles/python_toolchain_aarch64-apple-darwin/lib/python3.9/tkinter/__main__.py
runfiles/python_toolchain_aarch64-apple-darwin/lib/python3.9/tkinter/colorchooser.py
runfiles/python_toolchain_aarch64-apple-darwin/lib/python3.9/tkinter/commondialog.py
runfiles/python_toolchain_aarch64-apple-darwin/lib/python3.9/tkinter/constants.py
runfiles/python_toolchain_aarch64-apple-darwin/lib/python3.9/tkinter/dialog.py
runfiles/python_toolchain_aarch64-apple-darwin/lib/python3.9/tkinter/dnd.py
runfiles/python_toolchain_aarch64-apple-darwin/lib/python3.9/tkinter/filedialog.py
runfiles/python_toolchain_aarch64-apple-darwin/lib/python3.9/tkinter/font.py
runfiles/python_toolchain_aarch64-apple-darwin/lib/python3.9/tkinter/messagebox.py
runfiles/python_toolchain_aarch64-apple-darwin/lib/python3.9/tkinter/scrolledtext.py
runfiles/python_toolchain_aarch64-apple-darwin/lib/python3.9/tkinter/simpledialog.py
runfiles/python_toolchain_aarch64-apple-darwin/lib/python3.9/tkinter/tix.py
runfiles/python_toolchain_aarch64-apple-darwin/lib/python3.9/tkinter/ttk.py
runfiles/python_toolchain_aarch64-apple-darwin/lib/python3.9/token.py
runfiles/python_toolchain_aarch64-apple-darwin/lib/python3.9/tokenize.py
runfiles/python_toolchain_aarch64-apple-darwin/lib/python3.9/trace.py
runfiles/python_toolchain_aarch64-apple-darwin/lib/python3.9/traceback.py
runfiles/python_toolchain_aarch64-apple-darwin/lib/python3.9/tracemalloc.py
runfiles/python_toolchain_aarch64-apple-darwin/lib/python3.9/tty.py
runfiles/python_toolchain_aarch64-apple-darwin/lib/python3.9/turtle.py
runfiles/python_toolchain_aarch64-apple-darwin/lib/python3.9/turtledemo/__init__.py
runfiles/python_toolchain_aarch64-apple-darwin/lib/python3.9/turtledemo/__main__.py
runfiles/python_toolchain_aarch64-apple-darwin/lib/python3.9/turtledemo/bytedesign.py
runfiles/python_toolchain_aarch64-apple-darwin/lib/python3.9/turtledemo/chaos.py
runfiles/python_toolchain_aarch64-apple-darwin/lib/python3.9/turtledemo/clock.py
runfiles/python_toolchain_aarch64-apple-darwin/lib/python3.9/turtledemo/colormixer.py
runfiles/python_toolchain_aarch64-apple-darwin/lib/python3.9/turtledemo/forest.py
runfiles/python_toolchain_aarch64-apple-darwin/lib/python3.9/turtledemo/fractalcurves.py
runfiles/python_toolchain_aarch64-apple-darwin/lib/python3.9/turtledemo/lindenmayer.py
runfiles/python_toolchain_aarch64-apple-darwin/lib/python3.9/turtledemo/minimal_hanoi.py
runfiles/python_toolchain_aarch64-apple-darwin/lib/python3.9/turtledemo/nim.py
runfiles/python_toolchain_aarch64-apple-darwin/lib/python3.9/turtledemo/paint.py
runfiles/python_toolchain_aarch64-apple-darwin/lib/python3.9/turtledemo/peace.py
runfiles/python_toolchain_aarch64-apple-darwin/lib/python3.9/turtledemo/penrose.py
runfiles/python_toolchain_aarch64-apple-darwin/lib/python3.9/turtledemo/planet_and_moon.py
runfiles/python_toolchain_aarch64-apple-darwin/lib/python3.9/turtledemo/rosette.py
runfiles/python_toolchain_aarch64-apple-darwin/lib/python3.9/turtledemo/round_dance.py
runfiles/python_toolchain_aarch64-apple-darwin/lib/python3.9/turtledemo/sorting_animate.py
runfiles/python_toolchain_aarch64-apple-darwin/lib/python3.9/turtledemo/tree.py
runfiles/python_toolchain_aarch64-apple-darwin/lib/python3.9/turtledemo/turtle.cfg
runfiles/python_toolchain_aarch64-apple-darwin/lib/python3.9/turtledemo/two_canvases.py
runfiles/python_toolchain_aarch64-apple-darwin/lib/python3.9/turtledemo/yinyang.py
runfiles/python_toolchain_aarch64-apple-darwin/lib/python3.9/types.py
runfiles/python_toolchain_aarch64-apple-darwin/lib/python3.9/typing.py
runfiles/python_toolchain_aarch64-apple-darwin/lib/python3.9/unittest/__init__.py
runfiles/python_toolchain_aarch64-apple-darwin/lib/python3.9/unittest/__main__.py
runfiles/python_toolchain_aarch64-apple-darwin/lib/python3.9/unittest/_log.py
runfiles/python_toolchain_aarch64-apple-darwin/lib/python3.9/unittest/async_case.py
runfiles/python_toolchain_aarch64-apple-darwin/lib/python3.9/unittest/case.py
runfiles/python_toolchain_aarch64-apple-darwin/lib/python3.9/unittest/loader.py
runfiles/python_toolchain_aarch64-apple-darwin/lib/python3.9/unittest/main.py
runfiles/python_toolchain_aarch64-apple-darwin/lib/python3.9/unittest/mock.py
runfiles/python_toolchain_aarch64-apple-darwin/lib/python3.9/unittest/result.py
runfiles/python_toolchain_aarch64-apple-darwin/lib/python3.9/unittest/runner.py
runfiles/python_toolchain_aarch64-apple-darwin/lib/python3.9/unittest/signals.py
runfiles/python_toolchain_aarch64-apple-darwin/lib/python3.9/unittest/suite.py
runfiles/python_toolchain_aarch64-apple-darwin/lib/python3.9/unittest/util.py
runfiles/python_toolchain_aarch64-apple-darwin/lib/python3.9/urllib/__init__.py
runfiles/python_toolchain_aarch64-apple-darwin/lib/python3.9/urllib/error.py
runfiles/python_toolchain_aarch64-apple-darwin/lib/python3.9/urllib/parse.py
runfiles/python_toolchain_aarch64-apple-darwin/lib/python3.9/urllib/request.py
runfiles/python_toolchain_aarch64-apple-darwin/lib/python3.9/urllib/response.py
runfiles/python_toolchain_aarch64-apple-darwin/lib/python3.9/urllib/robotparser.py
runfiles/python_toolchain_aarch64-apple-darwin/lib/python3.9/uu.py
runfiles/python_toolchain_aarch64-apple-darwin/lib/python3.9/uuid.py
runfiles/python_toolchain_aarch64-apple-darwin/lib/python3.9/venv/__init__.py
runfiles/python_toolchain_aarch64-apple-darwin/lib/python3.9/venv/__main__.py
runfiles/python_toolchain_aarch64-apple-darwin/lib/python3.9/venv/scripts/common/Activate.ps1
runfiles/python_toolchain_aarch64-apple-darwin/lib/python3.9/venv/scripts/common/activate
runfiles/python_toolchain_aarch64-apple-darwin/lib/python3.9/venv/scripts/posix/activate.csh
runfiles/python_toolchain_aarch64-apple-darwin/lib/python3.9/venv/scripts/posix/activate.fish
runfiles/python_toolchain_aarch64-apple-darwin/lib/python3.9/warnings.py
runfiles/python_toolchain_aarch64-apple-darwin/lib/python3.9/wave.py
runfiles/python_toolchain_aarch64-apple-darwin/lib/python3.9/weakref.py
runfiles/python_toolchain_aarch64-apple-darwin/lib/python3.9/webbrowser.py
runfiles/python_toolchain_aarch64-apple-darwin/lib/python3.9/wsgiref/__init__.py
runfiles/python_toolchain_aarch64-apple-darwin/lib/python3.9/wsgiref/handlers.py
runfiles/python_toolchain_aarch64-apple-darwin/lib/python3.9/wsgiref/headers.py
runfiles/python_toolchain_aarch64-apple-darwin/lib/python3.9/wsgiref/simple_server.py
runfiles/python_toolchain_aarch64-apple-darwin/lib/python3.9/wsgiref/util.py
runfiles/python_toolchain_aarch64-apple-darwin/lib/python3.9/wsgiref/validate.py
runfiles/python_toolchain_aarch64-apple-darwin/lib/python3.9/xdrlib.py
runfiles/python_toolchain_aarch64-apple-darwin/lib/python3.9/xml/__init__.py
runfiles/python_toolchain_aarch64-apple-darwin/lib/python3.9/xml/dom/NodeFilter.py
runfiles/python_toolchain_aarch64-apple-darwin/lib/python3.9/xml/dom/__init__.py
runfiles/python_toolchain_aarch64-apple-darwin/lib/python3.9/xml/dom/domreg.py
runfiles/python_toolchain_aarch64-apple-darwin/lib/python3.9/xml/dom/expatbuilder.py
runfiles/python_toolchain_aarch64-apple-darwin/lib/python3.9/xml/dom/minicompat.py
runfiles/python_toolchain_aarch64-apple-darwin/lib/python3.9/xml/dom/minidom.py
runfiles/python_toolchain_aarch64-apple-darwin/lib/python3.9/xml/dom/pulldom.py
runfiles/python_toolchain_aarch64-apple-darwin/lib/python3.9/xml/dom/xmlbuilder.py
runfiles/python_toolchain_aarch64-apple-darwin/lib/python3.9/xml/etree/ElementInclude.py
runfiles/python_toolchain_aarch64-apple-darwin/lib/python3.9/xml/etree/ElementPath.py
runfiles/python_toolchain_aarch64-apple-darwin/lib/python3.9/xml/etree/ElementTree.py
runfiles/python_toolchain_aarch64-apple-darwin/lib/python3.9/xml/etree/__init__.py
runfiles/python_toolchain_aarch64-apple-darwin/lib/python3.9/xml/etree/cElementTree.py
runfiles/python_toolchain_aarch64-apple-darwin/lib/python3.9/xml/parsers/__init__.py
runfiles/python_toolchain_aarch64-apple-darwin/lib/python3.9/xml/parsers/expat.py
runfiles/python_toolchain_aarch64-apple-darwin/lib/python3.9/xml/sax/__init__.py
runfiles/python_toolchain_aarch64-apple-darwin/lib/python3.9/xml/sax/_exceptions.py
runfiles/python_toolchain_aarch64-apple-darwin/lib/python3.9/xml/sax/expatreader.py
runfiles/python_toolchain_aarch64-apple-darwin/lib/python3.9/xml/sax/handler.py
runfiles/python_toolchain_aarch64-apple-darwin/lib/python3.9/xml/sax/saxutils.py
runfiles/python_toolchain_aarch64-apple-darwin/lib/python3.9/xml/sax/xmlreader.py
runfiles/python_toolchain_aarch64-apple-darwin/lib/python3.9/xmlrpc/__init__.py
runfiles/python_toolchain_aarch64-apple-darwin/lib/python3.9/xmlrpc/client.py
runfiles/python_toolchain_aarch64-apple-darwin/lib/python3.9/xmlrpc/server.py
runfiles/python_toolchain_aarch64-apple-darwin/lib/python3.9/zipapp.py
runfiles/python_toolchain_aarch64-apple-darwin/lib/python3.9/zipfile.py
runfiles/python_toolchain_aarch64-apple-darwin/lib/python3.9/zipimport.py
runfiles/python_toolchain_aarch64-apple-darwin/lib/python3.9/zoneinfo/__init__.py
runfiles/python_toolchain_aarch64-apple-darwin/lib/python3.9/zoneinfo/_common.py
runfiles/python_toolchain_aarch64-apple-darwin/lib/python3.9/zoneinfo/_tzpath.py
runfiles/python_toolchain_aarch64-apple-darwin/lib/python3.9/zoneinfo/_zoneinfo.py
runfiles/python_toolchain_aarch64-apple-darwin/lib/tcl8.6/auto.tcl
runfiles/python_toolchain_aarch64-apple-darwin/lib/tcl8.6/clock.tcl
runfiles/python_toolchain_aarch64-apple-darwin/lib/tcl8.6/encoding/ascii.enc
runfiles/python_toolchain_aarch64-apple-darwin/lib/tcl8.6/encoding/big5.enc
runfiles/python_toolchain_aarch64-apple-darwin/lib/tcl8.6/encoding/cns11643.enc
runfiles/python_toolchain_aarch64-apple-darwin/lib/tcl8.6/encoding/cp1250.enc
runfiles/python_toolchain_aarch64-apple-darwin/lib/tcl8.6/encoding/cp1251.enc
runfiles/python_toolchain_aarch64-apple-darwin/lib/tcl8.6/encoding/cp1252.enc
runfiles/python_toolchain_aarch64-apple-darwin/lib/tcl8.6/encoding/cp1253.enc
runfiles/python_toolchain_aarch64-apple-darwin/lib/tcl8.6/encoding/cp1254.enc
runfiles/python_toolchain_aarch64-apple-darwin/lib/tcl8.6/encoding/cp1255.enc
runfiles/python_toolchain_aarch64-apple-darwin/lib/tcl8.6/encoding/cp1256.enc
runfiles/python_toolchain_aarch64-apple-darwin/lib/tcl8.6/encoding/cp1257.enc
runfiles/python_toolchain_aarch64-apple-darwin/lib/tcl8.6/encoding/cp1258.enc
runfiles/python_toolchain_aarch64-apple-darwin/lib/tcl8.6/encoding/cp437.enc
runfiles/python_toolchain_aarch64-apple-darwin/lib/tcl8.6/encoding/cp737.enc
runfiles/python_toolchain_aarch64-apple-darwin/lib/tcl8.6/encoding/cp775.enc
runfiles/python_toolchain_aarch64-apple-darwin/lib/tcl8.6/encoding/cp850.enc
runfiles/python_toolchain_aarch64-apple-darwin/lib/tcl8.6/encoding/cp852.enc
runfiles/python_toolchain_aarch64-apple-darwin/lib/tcl8.6/encoding/cp855.enc
runfiles/python_toolchain_aarch64-apple-darwin/lib/tcl8.6/encoding/cp857.enc
runfiles/python_toolchain_aarch64-apple-darwin/lib/tcl8.6/encoding/cp860.enc
runfiles/python_toolchain_aarch64-apple-darwin/lib/tcl8.6/encoding/cp861.enc
runfiles/python_toolchain_aarch64-apple-darwin/lib/tcl8.6/encoding/cp862.enc
runfiles/python_toolchain_aarch64-apple-darwin/lib/tcl8.6/encoding/cp863.enc
runfiles/python_toolchain_aarch64-apple-darwin/lib/tcl8.6/encoding/cp864.enc
runfiles/python_toolchain_aarch64-apple-darwin/lib/tcl8.6/encoding/cp865.enc
runfiles/python_toolchain_aarch64-apple-darwin/lib/tcl8.6/encoding/cp866.enc
runfiles/python_toolchain_aarch64-apple-darwin/lib/tcl8.6/encoding/cp869.enc
runfiles/python_toolchain_aarch64-apple-darwin/lib/tcl8.6/encoding/cp874.enc
runfiles/python_toolchain_aarch64-apple-darwin/lib/tcl8.6/encoding/cp932.enc
runfiles/python_toolchain_aarch64-apple-darwin/lib/tcl8.6/encoding/cp936.enc
runfiles/python_toolchain_aarch64-apple-darwin/lib/tcl8.6/encoding/cp949.enc
runfiles/python_toolchain_aarch64-apple-darwin/lib/tcl8.6/encoding/cp950.enc
runfiles/python_toolchain_aarch64-apple-darwin/lib/tcl8.6/encoding/dingbats.enc
runfiles/python_toolchain_aarch64-apple-darwin/lib/tcl8.6/encoding/ebcdic.enc
runfiles/python_toolchain_aarch64-apple-darwin/lib/tcl8.6/encoding/euc-cn.enc
runfiles/python_toolchain_aarch64-apple-darwin/lib/tcl8.6/encoding/euc-jp.enc
runfiles/python_toolchain_aarch64-apple-darwin/lib/tcl8.6/encoding/euc-kr.enc
runfiles/python_toolchain_aarch64-apple-darwin/lib/tcl8.6/encoding/gb12345.enc
runfiles/python_toolchain_aarch64-apple-darwin/lib/tcl8.6/encoding/gb1988.enc
runfiles/python_toolchain_aarch64-apple-darwin/lib/tcl8.6/encoding/gb2312-raw.enc
runfiles/python_toolchain_aarch64-apple-darwin/lib/tcl8.6/encoding/gb2312.enc
runfiles/python_toolchain_aarch64-apple-darwin/lib/tcl8.6/encoding/iso2022-jp.enc
runfiles/python_toolchain_aarch64-apple-darwin/lib/tcl8.6/encoding/iso2022-kr.enc
runfiles/python_toolchain_aarch64-apple-darwin/lib/tcl8.6/encoding/iso2022.enc
runfiles/python_toolchain_aarch64-apple-darwin/lib/tcl8.6/encoding/iso8859-1.enc
runfiles/python_toolchain_aarch64-apple-darwin/lib/tcl8.6/encoding/iso8859-10.enc
runfiles/python_toolchain_aarch64-apple-darwin/lib/tcl8.6/encoding/iso8859-11.enc
runfiles/python_toolchain_aarch64-apple-darwin/lib/tcl8.6/encoding/iso8859-13.enc
runfiles/python_toolchain_aarch64-apple-darwin/lib/tcl8.6/encoding/iso8859-14.enc
runfiles/python_toolchain_aarch64-apple-darwin/lib/tcl8.6/encoding/iso8859-15.enc
runfiles/python_toolchain_aarch64-apple-darwin/lib/tcl8.6/encoding/iso8859-16.enc
runfiles/python_toolchain_aarch64-apple-darwin/lib/tcl8.6/encoding/iso8859-2.enc
runfiles/python_toolchain_aarch64-apple-darwin/lib/tcl8.6/encoding/iso8859-3.enc
runfiles/python_toolchain_aarch64-apple-darwin/lib/tcl8.6/encoding/iso8859-4.enc
runfiles/python_toolchain_aarch64-apple-darwin/lib/tcl8.6/encoding/iso8859-5.enc
runfiles/python_toolchain_aarch64-apple-darwin/lib/tcl8.6/encoding/iso8859-6.enc
runfiles/python_toolchain_aarch64-apple-darwin/lib/tcl8.6/encoding/iso8859-7.enc
runfiles/python_toolchain_aarch64-apple-darwin/lib/tcl8.6/encoding/iso8859-8.enc
runfiles/python_toolchain_aarch64-apple-darwin/lib/tcl8.6/encoding/iso8859-9.enc
runfiles/python_toolchain_aarch64-apple-darwin/lib/tcl8.6/encoding/jis0201.enc
runfiles/python_toolchain_aarch64-apple-darwin/lib/tcl8.6/encoding/jis0208.enc
runfiles/python_toolchain_aarch64-apple-darwin/lib/tcl8.6/encoding/jis0212.enc
runfiles/python_toolchain_aarch64-apple-darwin/lib/tcl8.6/encoding/koi8-r.enc
runfiles/python_toolchain_aarch64-apple-darwin/lib/tcl8.6/encoding/koi8-u.enc
runfiles/python_toolchain_aarch64-apple-darwin/lib/tcl8.6/encoding/ksc5601.enc
runfiles/python_toolchain_aarch64-apple-darwin/lib/tcl8.6/encoding/macCentEuro.enc
runfiles/python_toolchain_aarch64-apple-darwin/lib/tcl8.6/encoding/macCroatian.enc
runfiles/python_toolchain_aarch64-apple-darwin/lib/tcl8.6/encoding/macCyrillic.enc
runfiles/python_toolchain_aarch64-apple-darwin/lib/tcl8.6/encoding/macDingbats.enc
runfiles/python_toolchain_aarch64-apple-darwin/lib/tcl8.6/encoding/macGreek.enc
runfiles/python_toolchain_aarch64-apple-darwin/lib/tcl8.6/encoding/macIceland.enc
runfiles/python_toolchain_aarch64-apple-darwin/lib/tcl8.6/encoding/macJapan.enc
runfiles/python_toolchain_aarch64-apple-darwin/lib/tcl8.6/encoding/macRoman.enc
runfiles/python_toolchain_aarch64-apple-darwin/lib/tcl8.6/encoding/macRomania.enc
runfiles/python_toolchain_aarch64-apple-darwin/lib/tcl8.6/encoding/macThai.enc
runfiles/python_toolchain_aarch64-apple-darwin/lib/tcl8.6/encoding/macTurkish.enc
runfiles/python_toolchain_aarch64-apple-darwin/lib/tcl8.6/encoding/macUkraine.enc
runfiles/python_toolchain_aarch64-apple-darwin/lib/tcl8.6/encoding/shiftjis.enc
runfiles/python_toolchain_aarch64-apple-darwin/lib/tcl8.6/encoding/symbol.enc
runfiles/python_toolchain_aarch64-apple-darwin/lib/tcl8.6/encoding/tis-620.enc
runfiles/python_toolchain_aarch64-apple-darwin/lib/tcl8.6/history.tcl
runfiles/python_toolchain_aarch64-apple-darwin/lib/tcl8.6/http1.0/http.tcl
runfiles/python_toolchain_aarch64-apple-darwin/lib/tcl8.6/http1.0/pkgIndex.tcl
runfiles/python_toolchain_aarch64-apple-darwin/lib/tcl8.6/init.tcl
runfiles/python_toolchain_aarch64-apple-darwin/lib/tcl8.6/msgs/af.msg
runfiles/python_toolchain_aarch64-apple-darwin/lib/tcl8.6/msgs/af_za.msg
runfiles/python_toolchain_aarch64-apple-darwin/lib/tcl8.6/msgs/ar.msg
runfiles/python_toolchain_aarch64-apple-darwin/lib/tcl8.6/msgs/ar_in.msg
runfiles/python_toolchain_aarch64-apple-darwin/lib/tcl8.6/msgs/ar_jo.msg
runfiles/python_toolchain_aarch64-apple-darwin/lib/tcl8.6/msgs/ar_lb.msg
runfiles/python_toolchain_aarch64-apple-darwin/lib/tcl8.6/msgs/ar_sy.msg
runfiles/python_toolchain_aarch64-apple-darwin/lib/tcl8.6/msgs/be.msg
runfiles/python_toolchain_aarch64-apple-darwin/lib/tcl8.6/msgs/bg.msg
runfiles/python_toolchain_aarch64-apple-darwin/lib/tcl8.6/msgs/bn.msg
runfiles/python_toolchain_aarch64-apple-darwin/lib/tcl8.6/msgs/bn_in.msg
runfiles/python_toolchain_aarch64-apple-darwin/lib/tcl8.6/msgs/ca.msg
runfiles/python_toolchain_aarch64-apple-darwin/lib/tcl8.6/msgs/cs.msg
runfiles/python_toolchain_aarch64-apple-darwin/lib/tcl8.6/msgs/da.msg
runfiles/python_toolchain_aarch64-apple-darwin/lib/tcl8.6/msgs/de.msg
runfiles/python_toolchain_aarch64-apple-darwin/lib/tcl8.6/msgs/de_at.msg
runfiles/python_toolchain_aarch64-apple-darwin/lib/tcl8.6/msgs/de_be.msg
runfiles/python_toolchain_aarch64-apple-darwin/lib/tcl8.6/msgs/el.msg
runfiles/python_toolchain_aarch64-apple-darwin/lib/tcl8.6/msgs/en_au.msg
runfiles/python_toolchain_aarch64-apple-darwin/lib/tcl8.6/msgs/en_be.msg
runfiles/python_toolchain_aarch64-apple-darwin/lib/tcl8.6/msgs/en_bw.msg
runfiles/python_toolchain_aarch64-apple-darwin/lib/tcl8.6/msgs/en_ca.msg
runfiles/python_toolchain_aarch64-apple-darwin/lib/tcl8.6/msgs/en_gb.msg
runfiles/python_toolchain_aarch64-apple-darwin/lib/tcl8.6/msgs/en_hk.msg
runfiles/python_toolchain_aarch64-apple-darwin/lib/tcl8.6/msgs/en_ie.msg
runfiles/python_toolchain_aarch64-apple-darwin/lib/tcl8.6/msgs/en_in.msg
runfiles/python_toolchain_aarch64-apple-darwin/lib/tcl8.6/msgs/en_nz.msg
runfiles/python_toolchain_aarch64-apple-darwin/lib/tcl8.6/msgs/en_ph.msg
runfiles/python_toolchain_aarch64-apple-darwin/lib/tcl8.6/msgs/en_sg.msg
runfiles/python_toolchain_aarch64-apple-darwin/lib/tcl8.6/msgs/en_za.msg
runfiles/python_toolchain_aarch64-apple-darwin/lib/tcl8.6/msgs/en_zw.msg
runfiles/python_toolchain_aarch64-apple-darwin/lib/tcl8.6/msgs/eo.msg
runfiles/python_toolchain_aarch64-apple-darwin/lib/tcl8.6/msgs/es.msg
runfiles/python_toolchain_aarch64-apple-darwin/lib/tcl8.6/msgs/es_ar.msg
runfiles/python_toolchain_aarch64-apple-darwin/lib/tcl8.6/msgs/es_bo.msg
runfiles/python_toolchain_aarch64-apple-darwin/lib/tcl8.6/msgs/es_cl.msg
runfiles/python_toolchain_aarch64-apple-darwin/lib/tcl8.6/msgs/es_co.msg
runfiles/python_toolchain_aarch64-apple-darwin/lib/tcl8.6/msgs/es_cr.msg
runfiles/python_toolchain_aarch64-apple-darwin/lib/tcl8.6/msgs/es_do.msg
runfiles/python_toolchain_aarch64-apple-darwin/lib/tcl8.6/msgs/es_ec.msg
runfiles/python_toolchain_aarch64-apple-darwin/lib/tcl8.6/msgs/es_gt.msg
runfiles/python_toolchain_aarch64-apple-darwin/lib/tcl8.6/msgs/es_hn.msg
runfiles/python_toolchain_aarch64-apple-darwin/lib/tcl8.6/msgs/es_mx.msg
runfiles/python_toolchain_aarch64-apple-darwin/lib/tcl8.6/msgs/es_ni.msg
runfiles/python_toolchain_aarch64-apple-darwin/lib/tcl8.6/msgs/es_pa.msg
runfiles/python_toolchain_aarch64-apple-darwin/lib/tcl8.6/msgs/es_pe.msg
runfiles/python_toolchain_aarch64-apple-darwin/lib/tcl8.6/msgs/es_pr.msg
runfiles/python_toolchain_aarch64-apple-darwin/lib/tcl8.6/msgs/es_py.msg
runfiles/python_toolchain_aarch64-apple-darwin/lib/tcl8.6/msgs/es_sv.msg
runfiles/python_toolchain_aarch64-apple-darwin/lib/tcl8.6/msgs/es_uy.msg
runfiles/python_toolchain_aarch64-apple-darwin/lib/tcl8.6/msgs/es_ve.msg
runfiles/python_toolchain_aarch64-apple-darwin/lib/tcl8.6/msgs/et.msg
runfiles/python_toolchain_aarch64-apple-darwin/lib/tcl8.6/msgs/eu.msg
runfiles/python_toolchain_aarch64-apple-darwin/lib/tcl8.6/msgs/eu_es.msg
runfiles/python_toolchain_aarch64-apple-darwin/lib/tcl8.6/msgs/fa.msg
runfiles/python_toolchain_aarch64-apple-darwin/lib/tcl8.6/msgs/fa_in.msg
runfiles/python_toolchain_aarch64-apple-darwin/lib/tcl8.6/msgs/fa_ir.msg
runfiles/python_toolchain_aarch64-apple-darwin/lib/tcl8.6/msgs/fi.msg
runfiles/python_toolchain_aarch64-apple-darwin/lib/tcl8.6/msgs/fo.msg
runfiles/python_toolchain_aarch64-apple-darwin/lib/tcl8.6/msgs/fo_fo.msg
runfiles/python_toolchain_aarch64-apple-darwin/lib/tcl8.6/msgs/fr.msg
runfiles/python_toolchain_aarch64-apple-darwin/lib/tcl8.6/msgs/fr_be.msg
runfiles/python_toolchain_aarch64-apple-darwin/lib/tcl8.6/msgs/fr_ca.msg
runfiles/python_toolchain_aarch64-apple-darwin/lib/tcl8.6/msgs/fr_ch.msg
runfiles/python_toolchain_aarch64-apple-darwin/lib/tcl8.6/msgs/ga.msg
runfiles/python_toolchain_aarch64-apple-darwin/lib/tcl8.6/msgs/ga_ie.msg
runfiles/python_toolchain_aarch64-apple-darwin/lib/tcl8.6/msgs/gl.msg
runfiles/python_toolchain_aarch64-apple-darwin/lib/tcl8.6/msgs/gl_es.msg
runfiles/python_toolchain_aarch64-apple-darwin/lib/tcl8.6/msgs/gv.msg
runfiles/python_toolchain_aarch64-apple-darwin/lib/tcl8.6/msgs/gv_gb.msg
runfiles/python_toolchain_aarch64-apple-darwin/lib/tcl8.6/msgs/he.msg
runfiles/python_toolchain_aarch64-apple-darwin/lib/tcl8.6/msgs/hi.msg
runfiles/python_toolchain_aarch64-apple-darwin/lib/tcl8.6/msgs/hi_in.msg
runfiles/python_toolchain_aarch64-apple-darwin/lib/tcl8.6/msgs/hr.msg
runfiles/python_toolchain_aarch64-apple-darwin/lib/tcl8.6/msgs/hu.msg
runfiles/python_toolchain_aarch64-apple-darwin/lib/tcl8.6/msgs/id.msg
runfiles/python_toolchain_aarch64-apple-darwin/lib/tcl8.6/msgs/id_id.msg
runfiles/python_toolchain_aarch64-apple-darwin/lib/tcl8.6/msgs/is.msg
runfiles/python_toolchain_aarch64-apple-darwin/lib/tcl8.6/msgs/it.msg
runfiles/python_toolchain_aarch64-apple-darwin/lib/tcl8.6/msgs/it_ch.msg
runfiles/python_toolchain_aarch64-apple-darwin/lib/tcl8.6/msgs/ja.msg
runfiles/python_toolchain_aarch64-apple-darwin/lib/tcl8.6/msgs/kl.msg
runfiles/python_toolchain_aarch64-apple-darwin/lib/tcl8.6/msgs/kl_gl.msg
runfiles/python_toolchain_aarch64-apple-darwin/lib/tcl8.6/msgs/ko.msg
runfiles/python_toolchain_aarch64-apple-darwin/lib/tcl8.6/msgs/ko_kr.msg
runfiles/python_toolchain_aarch64-apple-darwin/lib/tcl8.6/msgs/kok.msg
runfiles/python_toolchain_aarch64-apple-darwin/lib/tcl8.6/msgs/kok_in.msg
runfiles/python_toolchain_aarch64-apple-darwin/lib/tcl8.6/msgs/kw.msg
runfiles/python_toolchain_aarch64-apple-darwin/lib/tcl8.6/msgs/kw_gb.msg
runfiles/python_toolchain_aarch64-apple-darwin/lib/tcl8.6/msgs/lt.msg
runfiles/python_toolchain_aarch64-apple-darwin/lib/tcl8.6/msgs/lv.msg
runfiles/python_toolchain_aarch64-apple-darwin/lib/tcl8.6/msgs/mk.msg
runfiles/python_toolchain_aarch64-apple-darwin/lib/tcl8.6/msgs/mr.msg
runfiles/python_toolchain_aarch64-apple-darwin/lib/tcl8.6/msgs/mr_in.msg
runfiles/python_toolchain_aarch64-apple-darwin/lib/tcl8.6/msgs/ms.msg
runfiles/python_toolchain_aarch64-apple-darwin/lib/tcl8.6/msgs/ms_my.msg
runfiles/python_toolchain_aarch64-apple-darwin/lib/tcl8.6/msgs/mt.msg
runfiles/python_toolchain_aarch64-apple-darwin/lib/tcl8.6/msgs/nb.msg
runfiles/python_toolchain_aarch64-apple-darwin/lib/tcl8.6/msgs/nl.msg
runfiles/python_toolchain_aarch64-apple-darwin/lib/tcl8.6/msgs/nl_be.msg
runfiles/python_toolchain_aarch64-apple-darwin/lib/tcl8.6/msgs/nn.msg
runfiles/python_toolchain_aarch64-apple-darwin/lib/tcl8.6/msgs/pl.msg
runfiles/python_toolchain_aarch64-apple-darwin/lib/tcl8.6/msgs/pt.msg
runfiles/python_toolchain_aarch64-apple-darwin/lib/tcl8.6/msgs/pt_br.msg
runfiles/python_toolchain_aarch64-apple-darwin/lib/tcl8.6/msgs/ro.msg
runfiles/python_toolchain_aarch64-apple-darwin/lib/tcl8.6/msgs/ru.msg
runfiles/python_toolchain_aarch64-apple-darwin/lib/tcl8.6/msgs/ru_ua.msg
runfiles/python_toolchain_aarch64-apple-darwin/lib/tcl8.6/msgs/sh.msg
runfiles/python_toolchain_aarch64-apple-darwin/lib/tcl8.6/msgs/sk.msg
runfiles/python_toolchain_aarch64-apple-darwin/lib/tcl8.6/msgs/sl.msg
runfiles/python_toolchain_aarch64-apple-darwin/lib/tcl8.6/msgs/sq.msg
runfiles/python_toolchain_aarch64-apple-darwin/lib/tcl8.6/msgs/sr.msg
runfiles/python_toolchain_aarch64-apple-darwin/lib/tcl8.6/msgs/sv.msg
runfiles/python_toolchain_aarch64-apple-darwin/lib/tcl8.6/msgs/sw.msg
runfiles/python_toolchain_aarch64-apple-darwin/lib/tcl8.6/msgs/ta.msg
runfiles/python_toolchain_aarch64-apple-darwin/lib/tcl8.6/msgs/ta_in.msg
runfiles/python_toolchain_aarch64-apple-darwin/lib/tcl8.6/msgs/te.msg
runfiles/python_toolchain_aarch64-apple-darwin/lib/tcl8.6/msgs/te_in.msg
runfiles/python_toolchain_aarch64-apple-darwin/lib/tcl8.6/msgs/th.msg
runfiles/python_toolchain_aarch64-apple-darwin/lib/tcl8.6/msgs/tr.msg
runfiles/python_toolchain_aarch64-apple-darwin/lib/tcl8.6/msgs/uk.msg
runfiles/python_toolchain_aarch64-apple-darwin/lib/tcl8.6/msgs/vi.msg
runfiles/python_toolchain_aarch64-apple-darwin/lib/tcl8.6/msgs/zh.msg
runfiles/python_toolchain_aarch64-apple-darwin/lib/tcl8.6/msgs/zh_cn.msg
runfiles/python_toolchain_aarch64-apple-darwin/lib/tcl8.6/msgs/zh_hk.msg
runfiles/python_toolchain_aarch64-apple-darwin/lib/tcl8.6/msgs/zh_sg.msg
runfiles/python_toolchain_aarch64-apple-darwin/lib/tcl8.6/msgs/zh_tw.msg
runfiles/python_toolchain_aarch64-apple-darwin/lib/tcl8.6/opt0.4/optparse.tcl
runfiles/python_toolchain_aarch64-apple-darwin/lib/tcl8.6/opt0.4/pkgIndex.tcl
runfiles/python_toolchain_aarch64-apple-darwin/lib/tcl8.6/package.tcl
runfiles/python_toolchain_aarch64-apple-darwin/lib/tcl8.6/parray.tcl
runfiles/python_toolchain_aarch64-apple-darwin/lib/tcl8.6/safe.tcl
runfiles/python_toolchain_aarch64-apple-darwin/lib/tcl8.6/tclAppInit.c
runfiles/python_toolchain_aarch64-apple-darwin/lib/tcl8.6/tclIndex
runfiles/python_toolchain_aarch64-apple-darwin/lib/tcl8.6/tm.tcl
runfiles/python_toolchain_aarch64-apple-darwin/lib/tcl8.6/word.tcl
runfiles/python_toolchain_aarch64-apple-darwin/lib/tcl8/8.4/platform-1.0.18.tm
runfiles/python_toolchain_aarch64-apple-darwin/lib/tcl8/8.4/platform/shell-1.1.4.tm
runfiles/python_toolchain_aarch64-apple-darwin/lib/tcl8/8.5/msgcat-1.6.1.tm
runfiles/python_toolchain_aarch64-apple-darwin/lib/tcl8/8.5/tcltest-2.5.3.tm
runfiles/python_toolchain_aarch64-apple-darwin/lib/tcl8/8.6/http-2.9.5.tm
runfiles/python_toolchain_aarch64-apple-darwin/lib/thread2.8.7/ttrace.tcl
runfiles/python_toolchain_aarch64-apple-darwin/lib/tk8.6/bgerror.tcl
runfiles/python_toolchain_aarch64-apple-darwin/lib/tk8.6/button.tcl
runfiles/python_toolchain_aarch64-apple-darwin/lib/tk8.6/choosedir.tcl
runfiles/python_toolchain_aarch64-apple-darwin/lib/tk8.6/clrpick.tcl
runfiles/python_toolchain_aarch64-apple-darwin/lib/tk8.6/comdlg.tcl
runfiles/python_toolchain_aarch64-apple-darwin/lib/tk8.6/console.tcl
runfiles/python_toolchain_aarch64-apple-darwin/lib/tk8.6/demos/README
runfiles/python_toolchain_aarch64-apple-darwin/lib/tk8.6/demos/anilabel.tcl
runfiles/python_toolchain_aarch64-apple-darwin/lib/tk8.6/demos/aniwave.tcl
runfiles/python_toolchain_aarch64-apple-darwin/lib/tk8.6/demos/arrow.tcl
runfiles/python_toolchain_aarch64-apple-darwin/lib/tk8.6/demos/bind.tcl
runfiles/python_toolchain_aarch64-apple-darwin/lib/tk8.6/demos/bitmap.tcl
runfiles/python_toolchain_aarch64-apple-darwin/lib/tk8.6/demos/browse
runfiles/python_toolchain_aarch64-apple-darwin/lib/tk8.6/demos/button.tcl
runfiles/python_toolchain_aarch64-apple-darwin/lib/tk8.6/demos/check.tcl
runfiles/python_toolchain_aarch64-apple-darwin/lib/tk8.6/demos/clrpick.tcl
runfiles/python_toolchain_aarch64-apple-darwin/lib/tk8.6/demos/colors.tcl
runfiles/python_toolchain_aarch64-apple-darwin/lib/tk8.6/demos/combo.tcl
runfiles/python_toolchain_aarch64-apple-darwin/lib/tk8.6/demos/cscroll.tcl
runfiles/python_toolchain_aarch64-apple-darwin/lib/tk8.6/demos/ctext.tcl
runfiles/python_toolchain_aarch64-apple-darwin/lib/tk8.6/demos/dialog1.tcl
runfiles/python_toolchain_aarch64-apple-darwin/lib/tk8.6/demos/dialog2.tcl
runfiles/python_toolchain_aarch64-apple-darwin/lib/tk8.6/demos/en.msg
runfiles/python_toolchain_aarch64-apple-darwin/lib/tk8.6/demos/entry1.tcl
runfiles/python_toolchain_aarch64-apple-darwin/lib/tk8.6/demos/entry2.tcl
runfiles/python_toolchain_aarch64-apple-darwin/lib/tk8.6/demos/entry3.tcl
runfiles/python_toolchain_aarch64-apple-darwin/lib/tk8.6/demos/filebox.tcl
runfiles/python_toolchain_aarch64-apple-darwin/lib/tk8.6/demos/floor.tcl
runfiles/python_toolchain_aarch64-apple-darwin/lib/tk8.6/demos/fontchoose.tcl
runfiles/python_toolchain_aarch64-apple-darwin/lib/tk8.6/demos/form.tcl
runfiles/python_toolchain_aarch64-apple-darwin/lib/tk8.6/demos/goldberg.tcl
runfiles/python_toolchain_aarch64-apple-darwin/lib/tk8.6/demos/hello
runfiles/python_toolchain_aarch64-apple-darwin/lib/tk8.6/demos/hscale.tcl
runfiles/python_toolchain_aarch64-apple-darwin/lib/tk8.6/demos/icon.tcl
runfiles/python_toolchain_aarch64-apple-darwin/lib/tk8.6/demos/image1.tcl
runfiles/python_toolchain_aarch64-apple-darwin/lib/tk8.6/demos/image2.tcl
runfiles/python_toolchain_aarch64-apple-darwin/lib/tk8.6/demos/images/earth.gif
runfiles/python_toolchain_aarch64-apple-darwin/lib/tk8.6/demos/images/earthmenu.png
runfiles/python_toolchain_aarch64-apple-darwin/lib/tk8.6/demos/images/earthris.gif
runfiles/python_toolchain_aarch64-apple-darwin/lib/tk8.6/demos/images/flagdown.xbm
runfiles/python_toolchain_aarch64-apple-darwin/lib/tk8.6/demos/images/flagup.xbm
runfiles/python_toolchain_aarch64-apple-darwin/lib/tk8.6/demos/images/gray25.xbm
runfiles/python_toolchain_aarch64-apple-darwin/lib/tk8.6/demos/images/letters.xbm
runfiles/python_toolchain_aarch64-apple-darwin/lib/tk8.6/demos/images/noletter.xbm
runfiles/python_toolchain_aarch64-apple-darwin/lib/tk8.6/demos/images/ouster.png
runfiles/python_toolchain_aarch64-apple-darwin/lib/tk8.6/demos/images/pattern.xbm
runfiles/python_toolchain_aarch64-apple-darwin/lib/tk8.6/demos/images/tcllogo.gif
runfiles/python_toolchain_aarch64-apple-darwin/lib/tk8.6/demos/images/teapot.ppm
runfiles/python_toolchain_aarch64-apple-darwin/lib/tk8.6/demos/items.tcl
runfiles/python_toolchain_aarch64-apple-darwin/lib/tk8.6/demos/ixset
runfiles/python_toolchain_aarch64-apple-darwin/lib/tk8.6/demos/knightstour.tcl
runfiles/python_toolchain_aarch64-apple-darwin/lib/tk8.6/demos/label.tcl
runfiles/python_toolchain_aarch64-apple-darwin/lib/tk8.6/demos/labelframe.tcl
runfiles/python_toolchain_aarch64-apple-darwin/lib/tk8.6/demos/license.terms
runfiles/python_toolchain_aarch64-apple-darwin/lib/tk8.6/demos/mclist.tcl
runfiles/python_toolchain_aarch64-apple-darwin/lib/tk8.6/demos/menu.tcl
runfiles/python_toolchain_aarch64-apple-darwin/lib/tk8.6/demos/menubu.tcl
runfiles/python_toolchain_aarch64-apple-darwin/lib/tk8.6/demos/msgbox.tcl
runfiles/python_toolchain_aarch64-apple-darwin/lib/tk8.6/demos/nl.msg
runfiles/python_toolchain_aarch64-apple-darwin/lib/tk8.6/demos/paned1.tcl
runfiles/python_toolchain_aarch64-apple-darwin/lib/tk8.6/demos/paned2.tcl
runfiles/python_toolchain_aarch64-apple-darwin/lib/tk8.6/demos/pendulum.tcl
runfiles/python_toolchain_aarch64-apple-darwin/lib/tk8.6/demos/plot.tcl
runfiles/python_toolchain_aarch64-apple-darwin/lib/tk8.6/demos/puzzle.tcl
runfiles/python_toolchain_aarch64-apple-darwin/lib/tk8.6/demos/radio.tcl
runfiles/python_toolchain_aarch64-apple-darwin/lib/tk8.6/demos/rmt
runfiles/python_toolchain_aarch64-apple-darwin/lib/tk8.6/demos/rolodex
runfiles/python_toolchain_aarch64-apple-darwin/lib/tk8.6/demos/ruler.tcl
runfiles/python_toolchain_aarch64-apple-darwin/lib/tk8.6/demos/sayings.tcl
runfiles/python_toolchain_aarch64-apple-darwin/lib/tk8.6/demos/search.tcl
runfiles/python_toolchain_aarch64-apple-darwin/lib/tk8.6/demos/spin.tcl
runfiles/python_toolchain_aarch64-apple-darwin/lib/tk8.6/demos/states.tcl
runfiles/python_toolchain_aarch64-apple-darwin/lib/tk8.6/demos/style.tcl
runfiles/python_toolchain_aarch64-apple-darwin/lib/tk8.6/demos/tclIndex
runfiles/python_toolchain_aarch64-apple-darwin/lib/tk8.6/demos/tcolor
runfiles/python_toolchain_aarch64-apple-darwin/lib/tk8.6/demos/text.tcl
runfiles/python_toolchain_aarch64-apple-darwin/lib/tk8.6/demos/textpeer.tcl
runfiles/python_toolchain_aarch64-apple-darwin/lib/tk8.6/demos/timer
runfiles/python_toolchain_aarch64-apple-darwin/lib/tk8.6/demos/toolbar.tcl
runfiles/python_toolchain_aarch64-apple-darwin/lib/tk8.6/demos/tree.tcl
runfiles/python_toolchain_aarch64-apple-darwin/lib/tk8.6/demos/ttkbut.tcl
runfiles/python_toolchain_aarch64-apple-darwin/lib/tk8.6/demos/ttkmenu.tcl
runfiles/python_toolchain_aarch64-apple-darwin/lib/tk8.6/demos/ttknote.tcl
runfiles/python_toolchain_aarch64-apple-darwin/lib/tk8.6/demos/ttkpane.tcl
runfiles/python_toolchain_aarch64-apple-darwin/lib/tk8.6/demos/ttkprogress.tcl
runfiles/python_toolchain_aarch64-apple-darwin/lib/tk8.6/demos/ttkscale.tcl
runfiles/python_toolchain_aarch64-apple-darwin/lib/tk8.6/demos/twind.tcl
runfiles/python_toolchain_aarch64-apple-darwin/lib/tk8.6/demos/unicodeout.tcl
runfiles/python_toolchain_aarch64-apple-darwin/lib/tk8.6/demos/vscale.tcl
runfiles/python_toolchain_aarch64-apple-darwin/lib/tk8.6/demos/widget
runfiles/python_toolchain_aarch64-apple-darwin/lib/tk8.6/dialog.tcl
runfiles/python_toolchain_aarch64-apple-darwin/lib/tk8.6/entry.tcl
runfiles/python_toolchain_aarch64-apple-darwin/lib/tk8.6/focus.tcl
runfiles/python_toolchain_aarch64-apple-darwin/lib/tk8.6/fontchooser.tcl
runfiles/python_toolchain_aarch64-apple-darwin/lib/tk8.6/iconlist.tcl
runfiles/python_toolchain_aarch64-apple-darwin/lib/tk8.6/icons.tcl
runfiles/python_toolchain_aarch64-apple-darwin/lib/tk8.6/images/README
runfiles/python_toolchain_aarch64-apple-darwin/lib/tk8.6/images/logo.eps
runfiles/python_toolchain_aarch64-apple-darwin/lib/tk8.6/images/logo100.gif
runfiles/python_toolchain_aarch64-apple-darwin/lib/tk8.6/images/logo64.gif
runfiles/python_toolchain_aarch64-apple-darwin/lib/tk8.6/images/logoLarge.gif
runfiles/python_toolchain_aarch64-apple-darwin/lib/tk8.6/images/logoMed.gif
runfiles/python_toolchain_aarch64-apple-darwin/lib/tk8.6/images/pwrdLogo.eps
runfiles/python_toolchain_aarch64-apple-darwin/lib/tk8.6/images/pwrdLogo100.gif
runfiles/python_toolchain_aarch64-apple-darwin/lib/tk8.6/images/pwrdLogo150.gif
runfiles/python_toolchain_aarch64-apple-darwin/lib/tk8.6/images/pwrdLogo175.gif
runfiles/python_toolchain_aarch64-apple-darwin/lib/tk8.6/images/pwrdLogo200.gif
runfiles/python_toolchain_aarch64-apple-darwin/lib/tk8.6/images/pwrdLogo75.gif
runfiles/python_toolchain_aarch64-apple-darwin/lib/tk8.6/images/tai-ku.gif
runfiles/python_toolchain_aarch64-apple-darwin/lib/tk8.6/listbox.tcl
runfiles/python_toolchain_aarch64-apple-darwin/lib/tk8.6/megawidget.tcl
runfiles/python_toolchain_aarch64-apple-darwin/lib/tk8.6/menu.tcl
runfiles/python_toolchain_aarch64-apple-darwin/lib/tk8.6/mkpsenc.tcl
runfiles/python_toolchain_aarch64-apple-darwin/lib/tk8.6/msgbox.tcl
runfiles/python_toolchain_aarch64-apple-darwin/lib/tk8.6/msgs/cs.msg
runfiles/python_toolchain_aarch64-apple-darwin/lib/tk8.6/msgs/da.msg
runfiles/python_toolchain_aarch64-apple-darwin/lib/tk8.6/msgs/de.msg
runfiles/python_toolchain_aarch64-apple-darwin/lib/tk8.6/msgs/el.msg
runfiles/python_toolchain_aarch64-apple-darwin/lib/tk8.6/msgs/en.msg
runfiles/python_toolchain_aarch64-apple-darwin/lib/tk8.6/msgs/en_gb.msg
runfiles/python_toolchain_aarch64-apple-darwin/lib/tk8.6/msgs/eo.msg
runfiles/python_toolchain_aarch64-apple-darwin/lib/tk8.6/msgs/es.msg
runfiles/python_toolchain_aarch64-apple-darwin/lib/tk8.6/msgs/fr.msg
runfiles/python_toolchain_aarch64-apple-darwin/lib/tk8.6/msgs/hu.msg
runfiles/python_toolchain_aarch64-apple-darwin/lib/tk8.6/msgs/it.msg
runfiles/python_toolchain_aarch64-apple-darwin/lib/tk8.6/msgs/nl.msg
runfiles/python_toolchain_aarch64-apple-darwin/lib/tk8.6/msgs/pl.msg
runfiles/python_toolchain_aarch64-apple-darwin/lib/tk8.6/msgs/pt.msg
runfiles/python_toolchain_aarch64-apple-darwin/lib/tk8.6/msgs/ru.msg
runfiles/python_toolchain_aarch64-apple-darwin/lib/tk8.6/msgs/sv.msg
runfiles/python_toolchain_aarch64-apple-darwin/lib/tk8.6/obsolete.tcl
runfiles/python_toolchain_aarch64-apple-darwin/lib/tk8.6/optMenu.tcl
runfiles/python_toolchain_aarch64-apple-darwin/lib/tk8.6/palette.tcl
runfiles/python_toolchain_aarch64-apple-darwin/lib/tk8.6/panedwindow.tcl
runfiles/python_toolchain_aarch64-apple-darwin/lib/tk8.6/safetk.tcl
runfiles/python_toolchain_aarch64-apple-darwin/lib/tk8.6/scale.tcl
runfiles/python_toolchain_aarch64-apple-darwin/lib/tk8.6/scrlbar.tcl
runfiles/python_toolchain_aarch64-apple-darwin/lib/tk8.6/spinbox.tcl
runfiles/python_toolchain_aarch64-apple-darwin/lib/tk8.6/tclIndex
runfiles/python_toolchain_aarch64-apple-darwin/lib/tk8.6/tearoff.tcl
runfiles/python_toolchain_aarch64-apple-darwin/lib/tk8.6/text.tcl
runfiles/python_toolchain_aarch64-apple-darwin/lib/tk8.6/tk.tcl
runfiles/python_toolchain_aarch64-apple-darwin/lib/tk8.6/tkAppInit.c
runfiles/python_toolchain_aarch64-apple-darwin/lib/tk8.6/tkfbox.tcl
runfiles/python_toolchain_aarch64-apple-darwin/lib/tk8.6/ttk/altTheme.tcl
runfiles/python_toolchain_aarch64-apple-darwin/lib/tk8.6/ttk/aquaTheme.tcl
runfiles/python_toolchain_aarch64-apple-darwin/lib/tk8.6/ttk/button.tcl
runfiles/python_toolchain_aarch64-apple-darwin/lib/tk8.6/ttk/clamTheme.tcl
runfiles/python_toolchain_aarch64-apple-darwin/lib/tk8.6/ttk/classicTheme.tcl
runfiles/python_toolchain_aarch64-apple-darwin/lib/tk8.6/ttk/combobox.tcl
runfiles/python_toolchain_aarch64-apple-darwin/lib/tk8.6/ttk/cursors.tcl
runfiles/python_toolchain_aarch64-apple-darwin/lib/tk8.6/ttk/defaults.tcl
runfiles/python_toolchain_aarch64-apple-darwin/lib/tk8.6/ttk/entry.tcl
runfiles/python_toolchain_aarch64-apple-darwin/lib/tk8.6/ttk/fonts.tcl
runfiles/python_toolchain_aarch64-apple-darwin/lib/tk8.6/ttk/menubutton.tcl
runfiles/python_toolchain_aarch64-apple-darwin/lib/tk8.6/ttk/notebook.tcl
runfiles/python_toolchain_aarch64-apple-darwin/lib/tk8.6/ttk/panedwindow.tcl
runfiles/python_toolchain_aarch64-apple-darwin/lib/tk8.6/ttk/progress.tcl
runfiles/python_toolchain_aarch64-apple-darwin/lib/tk8.6/ttk/scale.tcl
runfiles/python_toolchain_aarch64-apple-darwin/lib/tk8.6/ttk/scrollbar.tcl
runfiles/python_toolchain_aarch64-apple-darwin/lib/tk8.6/ttk/sizegrip.tcl
runfiles/python_toolchain_aarch64-apple-darwin/lib/tk8.6/ttk/spinbox.tcl
runfiles/python_toolchain_aarch64-apple-darwin/lib/tk8.6/ttk/treeview.tcl
runfiles/python_toolchain_aarch64-apple-darwin/lib/tk8.6/ttk/ttk.tcl
runfiles/python_toolchain_aarch64-apple-darwin/lib/tk8.6/ttk/utils.tcl
runfiles/python_toolchain_aarch64-apple-darwin/lib/tk8.6/ttk/vistaTheme.tcl
runfiles/python_toolchain_aarch64-apple-darwin/lib/tk8.6/ttk/winTheme.tcl
runfiles/python_toolchain_aarch64-apple-darwin/lib/tk8.6/ttk/xpTheme.tcl
runfiles/python_toolchain_aarch64-apple-darwin/lib/tk8.6/unsupported.tcl
runfiles/python_toolchain_aarch64-apple-darwin/lib/tk8.6/xmfbox.tcl
runfiles/python_toolchain_aarch64-apple-darwin/share/man/man1/python3.1
runfiles/python_toolchain_aarch64-apple-darwin/share/man/man1/python3.9.1
